Archive member included to satisfy reference by file (symbol)

C:\Program Files (x86)\Cypress\PSoC Creator\4.4\PSoC Creator\psoc\content\CyComponentLibrary\CyComponentLibrary.cylib\CapSense_TMG_v2_0\Library\Gestures_GCC_M4.a(Gesture.o)
                              .\CortexM4\ARM_GCC_541\Debug\CapSense_TMG.o (Gesture_DecodeFlickGestures)
C:\Program Files (x86)\Cypress\PSoC Creator\4.4\PSoC Creator\psoc\content\CyComponentLibrary\CyComponentLibrary.cylib\CapSense_v3_0\Library\CapSense_Library_GCC_M4.a(CapSense_SmartSense_LL.o)
                              .\CortexM4\ARM_GCC_541\Debug\CapSense_Sensing.o (SmartSense_TunePrescalers)
C:\Program Files (x86)\Cypress\PSoC Creator\4.4\PSoC Creator\psoc\content\CyComponentLibrary\CyComponentLibrary.cylib\CapSense_v3_0\Library\CapSense_Library_GCC_M4.a(CapSense_SmartSense_SL.o)
                              .\CortexM4\ARM_GCC_541\Debug\CapSense_Processing.o (SmartSense_UpdateThresholds)
Generated_Source\PSoC6\pdl\middleware\emWin\libs\GCC\libemWin_osnts_gcc.a(F10_1.o)
                              .\CortexM4\ARM_GCC_541\Debug\display_task.o (GUI_Font10_1)
Generated_Source\PSoC6\pdl\middleware\emWin\libs\GCC\libemWin_osnts_gcc.a(F10_ASCII.o)
                              Generated_Source\PSoC6\pdl\middleware\emWin\libs\GCC\libemWin_osnts_gcc.a(F10_1.o) (GUI_Font10ASCIIProp1)
Generated_Source\PSoC6\pdl\middleware\emWin\libs\GCC\libemWin_osnts_gcc.a(F16_1.o)
                              .\CortexM4\ARM_GCC_541\Debug\display_task.o (GUI_Font16_1)
Generated_Source\PSoC6\pdl\middleware\emWin\libs\GCC\libemWin_osnts_gcc.a(F16_ASCII.o)
                              Generated_Source\PSoC6\pdl\middleware\emWin\libs\GCC\libemWin_osnts_gcc.a(F16_1.o) (GUI_Font16ASCIIProp1)
Generated_Source\PSoC6\pdl\middleware\emWin\libs\GCC\libemWin_osnts_gcc.a(F20B_1.o)
                              .\CortexM4\ARM_GCC_541\Debug\display_task.o (GUI_Font20B_1)
Generated_Source\PSoC6\pdl\middleware\emWin\libs\GCC\libemWin_osnts_gcc.a(F20B_ASCII.o)
                              Generated_Source\PSoC6\pdl\middleware\emWin\libs\GCC\libemWin_osnts_gcc.a(F20B_1.o) (GUI_Font20B_ASCII_Prop1)
Generated_Source\PSoC6\pdl\middleware\emWin\libs\GCC\libemWin_osnts_gcc.a(F24B_1.o)
                              .\CortexM4\ARM_GCC_541\Debug\display_task.o (GUI_Font24B_1)
Generated_Source\PSoC6\pdl\middleware\emWin\libs\GCC\libemWin_osnts_gcc.a(F24B_ASCII.o)
                              Generated_Source\PSoC6\pdl\middleware\emWin\libs\GCC\libemWin_osnts_gcc.a(F24B_1.o) (GUI_Font24B_ASCII_Prop1)
Generated_Source\PSoC6\pdl\middleware\emWin\libs\GCC\libemWin_osnts_gcc.a(F6x8.o)
                              .\CortexM4\ARM_GCC_541\Debug\GUIConf.o (GUI_Font6x8)
Generated_Source\PSoC6\pdl\middleware\emWin\libs\GCC\libemWin_osnts_gcc.a(GUI_2DLib.o)
                              .\CortexM4\ARM_GCC_541\Debug\display_task.o (GUI_DrawRect)
Generated_Source\PSoC6\pdl\middleware\emWin\libs\GCC\libemWin_osnts_gcc.a(GUI_Alloc.o)
                              .\CortexM4\ARM_GCC_541\Debug\GUIConf.o (GUI_ALLOC_AssignMemory)
Generated_Source\PSoC6\pdl\middleware\emWin\libs\GCC\libemWin_osnts_gcc.a(GUI_CharM.o)
                              Generated_Source\PSoC6\pdl\middleware\emWin\libs\GCC\libemWin_osnts_gcc.a(F6x8.o) (GUIMONO_DispChar)
Generated_Source\PSoC6\pdl\middleware\emWin\libs\GCC\libemWin_osnts_gcc.a(GUI_CharP.o)
                              Generated_Source\PSoC6\pdl\middleware\emWin\libs\GCC\libemWin_osnts_gcc.a(F10_1.o) (GUIPROP_DispChar)
Generated_Source\PSoC6\pdl\middleware\emWin\libs\GCC\libemWin_osnts_gcc.a(GUI_Circ.o)
                              .\CortexM4\ARM_GCC_541\Debug\display_task.o (GUI_DrawCircle)
Generated_Source\PSoC6\pdl\middleware\emWin\libs\GCC\libemWin_osnts_gcc.a(GUI_Common.o)
                              Generated_Source\PSoC6\pdl\middleware\emWin\libs\GCC\libemWin_osnts_gcc.a(GUI_CharP.o) (GUI_GetBkColor)
Generated_Source\PSoC6\pdl\middleware\emWin\libs\GCC\libemWin_osnts_gcc.a(GUI_Core.o)
                              Generated_Source\PSoC6\pdl\middleware\emWin\libs\GCC\libemWin_osnts_gcc.a(GUI_Common.o) (GUI__apDevice)
Generated_Source\PSoC6\pdl\middleware\emWin\libs\GCC\libemWin_osnts_gcc.a(GUI_Device.o)
                              .\CortexM4\ARM_GCC_541\Debug\LCDConf.o (GUI_DEVICE_CreateAndLink)
Generated_Source\PSoC6\pdl\middleware\emWin\libs\GCC\libemWin_osnts_gcc.a(GUI_DispString.o)
                              Generated_Source\PSoC6\pdl\middleware\emWin\libs\GCC\libemWin_osnts_gcc.a(GUI_Common.o) (GUI_DispString)
Generated_Source\PSoC6\pdl\middleware\emWin\libs\GCC\libemWin_osnts_gcc.a(GUI_DispStringInRectEx.o)
                              Generated_Source\PSoC6\pdl\middleware\emWin\libs\GCC\libemWin_osnts_gcc.a(GUI_DispString.o) (GUI_DispStringInRectEx)
Generated_Source\PSoC6\pdl\middleware\emWin\libs\GCC\libemWin_osnts_gcc.a(GUI_DrawGraph.o)
                              .\CortexM4\ARM_GCC_541\Debug\display_task.o (GUI_DrawGraph)
[...]
Memory Configuration

Name             Origin             Length             Attributes
ram              0x08024000         0x00023800         xrw
flash            0x10080000         0x00080000         xr
em_eeprom        0x14000000         0x00008000         xr
sflash_user_data 0x16000800         0x00000800         xr
sflash_nar       0x16001a00         0x00000200         xr
sflash_public_key 0x16005a00         0x00000c00         xr
sflash_toc_2     0x16007c00         0x00000200         xr
sflash_rtoc_2    0x16007e00         0x00000200         xr
xip              0x18000000         0x08000000         xr
efuse            0x90700000         0x00100000         r
*default*        0x00000000         0xffffffff

Linker script and memory map

LOAD c:/program files (x86)/cypress/psoc creator/4.4/psoc creator/import/gnu/arm/5.4.1/bin/../lib/gcc/arm-none-eabi/5.4.1/armv7e-m/softfp/crti.o
LOAD c:/program files (x86)/cypress/psoc creator/4.4/psoc creator/import/gnu/arm/5.4.1/bin/../lib/gcc/arm-none-eabi/5.4.1/armv7e-m/softfp/crtbegin.o
LOAD c:/program files (x86)/cypress/psoc creator/4.4/psoc creator/import/gnu/arm/5.4.1/bin/../lib/gcc/arm-none-eabi/5.4.1/../../../../arm-none-eabi/lib/armv7e-m/softfp/crt0.o
START GROUP
LOAD Generated_Source\PSoC6\pdl\middleware\emWin\libs\GCC\libemWin_osnts_gcc.a
LOAD .\CortexM4\ARM_GCC_541\Debug\startup_psoc6_01_cm4.o
LOAD .\CortexM4\ARM_GCC_541\Debug\main_cm4.o
LOAD .\CortexM4\ARM_GCC_541\Debug\system_psoc6_cm4.o
LOAD .\CortexM4\ARM_GCC_541\Debug\display_task.o
LOAD .\CortexM4\ARM_GCC_541\Debug\pervasive_eink_hardware_driver.o
LOAD .\CortexM4\ARM_GCC_541\Debug\cy_eink_library.o
LOAD .\CortexM4\ARM_GCC_541\Debug\cy_eink_psoc_interface.o
LOAD .\CortexM4\ARM_GCC_541\Debug\Cypress Logo Full Color_PNG_1bpp.o
LOAD .\CortexM4\ARM_GCC_541\Debug\LCDConf.o
LOAD .\CortexM4\ARM_GCC_541\Debug\GUI_X_RTOS.o
LOAD .\CortexM4\ARM_GCC_541\Debug\GUIConf.o
LOAD .\CortexM4\ARM_GCC_541\Debug\cyfitter_sysint_cfg.o
LOAD .\CortexM4\ARM_GCC_541\Debug\cymetadata.o
LOAD .\CortexM4\ARM_GCC_541\Debug\CY_EINK_SPIM.o
LOAD .\CortexM4\ARM_GCC_541\Debug\CY_EINK_Timer.o
LOAD .\CortexM4\ARM_GCC_541\Debug\CapSense_Control.o
LOAD .\CortexM4\ARM_GCC_541\Debug\CapSense_Processing.o
LOAD .\CortexM4\ARM_GCC_541\Debug\CapSense_Structure.o
LOAD .\CortexM4\ARM_GCC_541\Debug\CapSense_Tuner.o
LOAD .\CortexM4\ARM_GCC_541\Debug\CapSense_Filter.o
LOAD .\CortexM4\ARM_GCC_541\Debug\CapSense_Sensing.o
LOAD .\CortexM4\ARM_GCC_541\Debug\CapSense_INT.o
LOAD .\CortexM4\ARM_GCC_541\Debug\CapSense_SensingCSD_LL.o
LOAD .\CortexM4\ARM_GCC_541\Debug\CapSense_SensingCSX_LL.o
LOAD .\CortexM4\ARM_GCC_541\Debug\CapSense_Centroid_LL.o
LOAD .\CortexM4\ARM_GCC_541\Debug\CapSense_Gesture.o
LOAD .\CortexM4\ARM_GCC_541\Debug\CapSense_TMG.o
LOAD .\CortexM4\ARM_GCC_541\Debug\cy_efuse.o
LOAD .\CortexM4\ARM_GCC_541\Debug\cy_flash.o
LOAD .\CortexM4\ARM_GCC_541\Debug\cy_gpio.o
LOAD .\CortexM4\ARM_GCC_541\Debug\cy_ipc_drv.o
LOAD .\CortexM4\ARM_GCC_541\Debug\cy_ipc_sema.o
LOAD .\CortexM4\ARM_GCC_541\Debug\cy_ipc_pipe.o
LOAD .\CortexM4\ARM_GCC_541\Debug\cy_lvd.o
LOAD .\CortexM4\ARM_GCC_541\Debug\cy_profile.o
LOAD .\CortexM4\ARM_GCC_541\Debug\cy_prot.o
LOAD .\CortexM4\ARM_GCC_541\Debug\cy_scb_common.o
LOAD .\CortexM4\ARM_GCC_541\Debug\cy_scb_i2c.o
LOAD .\CortexM4\ARM_GCC_541\Debug\cy_scb_ezi2c.o
LOAD .\CortexM4\ARM_GCC_541\Debug\cy_scb_spi.o
LOAD .\CortexM4\ARM_GCC_541\Debug\cy_scb_uart.o
LOAD .\CortexM4\ARM_GCC_541\Debug\cy_sysanalog.o
LOAD .\CortexM4\ARM_GCC_541\Debug\cy_sysclk.o
LOAD .\CortexM4\ARM_GCC_541\Debug\cy_sysint.o
LOAD .\CortexM4\ARM_GCC_541\Debug\cy_syslib.o
LOAD .\CortexM4\ARM_GCC_541\Debug\cy_syslib_gcc.o
LOAD .\CortexM4\ARM_GCC_541\Debug\cy_syspm.o
LOAD .\CortexM4\ARM_GCC_541\Debug\cy_systick.o
LOAD .\CortexM4\ARM_GCC_541\Debug\cy_tcpwm_counter.o
LOAD .\CortexM4\ARM_GCC_541\Debug\cy_tcpwm_pwm.o
LOAD .\CortexM4\ARM_GCC_541\Debug\cy_tcpwm_quaddec.o
LOAD .\CortexM4\ARM_GCC_541\Debug\cy_trigmux.o
LOAD .\CortexM4\ARM_GCC_541\Debug\cy_wdt.o
LOAD .\CortexM4\ARM_GCC_541\Debug\cy_device.o
LOAD .\CortexM4\ARM_GCC_541\Debug\cy_ble_clk.o
LOAD .\CortexM4\ARM_GCC_541\Debug\croutine.o
LOAD .\CortexM4\ARM_GCC_541\Debug\event_groups.o
LOAD .\CortexM4\ARM_GCC_541\Debug\list.o
LOAD .\CortexM4\ARM_GCC_541\Debug\queue.o
LOAD .\CortexM4\ARM_GCC_541\Debug\tasks.o
LOAD .\CortexM4\ARM_GCC_541\Debug\timers.o
LOAD .\CortexM4\ARM_GCC_541\Debug\stream_buffer.o
LOAD .\CortexM4\ARM_GCC_541\Debug\port.o
LOAD .\CortexM4\ARM_GCC_541\Debug\heap_1.o
LOAD C:\Program Files (x86)\Cypress\PSoC Creator\4.4\PSoC Creator\psoc\content\CyComponentLibrary\CyComponentLibrary.cylib\CapSense_TMG_v2_0\Library\Ballistic_GCC_M4.a
LOAD C:\Program Files (x86)\Cypress\PSoC Creator\4.4\PSoC Creator\psoc\content\CyComponentLibrary\CyComponentLibrary.cylib\CapSense_TMG_v2_0\Library\Gestures_GCC_M4.a
LOAD C:\Program Files (x86)\Cypress\PSoC Creator\4.4\PSoC Creator\psoc\content\CyComponentLibrary\CyComponentLibrary.cylib\CapSense_v3_0\Library\CapSense_Library_GCC_M4.a
END GROUP
START GROUP
LOAD c:/program files (x86)/cypress/psoc creator/4.4/psoc creator/import/gnu/arm/5.4.1/bin/../lib/gcc/arm-none-eabi/5.4.1/armv7e-m/softfp\libgcc.a
LOAD c:/program files (x86)/cypress/psoc creator/4.4/psoc creator/import/gnu/arm/5.4.1/bin/../lib/gcc/arm-none-eabi/5.4.1/../../../../arm-none-eabi/lib/armv7e-m/softfp\libg_nano.a
LOAD c:/program files (x86)/cypress/psoc creator/4.4/psoc creator/import/gnu/arm/5.4.1/bin/../lib/gcc/arm-none-eabi/5.4.1/../../../../arm-none-eabi/lib/armv7e-m/softfp\libc_nano.a
END GROUP
START GROUP
LOAD c:/program files (x86)/cypress/psoc creator/4.4/psoc creator/import/gnu/arm/5.4.1/bin/../lib/gcc/arm-none-eabi/5.4.1/armv7e-m/softfp\libgcc.a
LOAD c:/program files (x86)/cypress/psoc creator/4.4/psoc creator/import/gnu/arm/5.4.1/bin/../lib/gcc/arm-none-eabi/5.4.1/../../../../arm-none-eabi/lib/armv7e-m/softfp\libc_nano.a
END GROUP
LOAD c:/program files (x86)/cypress/psoc creator/4.4/psoc creator/import/gnu/arm/5.4.1/bin/../lib/gcc/arm-none-eabi/5.4.1/armv7e-m/softfp/crtend.o
LOAD c:/program files (x86)/cypress/psoc creator/4.4/psoc creator/import/gnu/arm/5.4.1/bin/../lib/gcc/arm-none-eabi/5.4.1/armv7e-m/softfp/crtn.o
START GROUP
LOAD c:/program files (x86)/cypress/psoc creator/4.4/psoc creator/import/gnu/arm/5.4.1/bin/../lib/gcc/arm-none-eabi/5.4.1/armv7e-m/softfp\libgcc.a
LOAD c:/program files (x86)/cypress/psoc creator/4.4/psoc creator/import/gnu/arm/5.4.1/bin/../lib/gcc/arm-none-eabi/5.4.1/../../../../arm-none-eabi/lib/armv7e-m/softfp\libc.a
LOAD c:/program files (x86)/cypress/psoc creator/4.4/psoc creator/import/gnu/arm/5.4.1/bin/../lib/gcc/arm-none-eabi/5.4.1/../../../../arm-none-eabi/lib/armv7e-m/softfp\libnosys.a
END GROUP
START GROUP
LOAD c:/program files (x86)/cypress/psoc creator/4.4/psoc creator/import/gnu/arm/5.4.1/bin/../lib/gcc/arm-none-eabi/5.4.1/armv7e-m/softfp\libgcc.a
LOAD c:/program files (x86)/cypress/psoc creator/4.4/psoc creator/import/gnu/arm/5.4.1/bin/../lib/gcc/arm-none-eabi/5.4.1/../../../../arm-none-eabi/lib/armv7e-m/softfp\libc.a
LOAD c:/program files (x86)/cypress/psoc creator/4.4/psoc creator/import/gnu/arm/5.4.1/bin/../lib/gcc/arm-none-eabi/5.4.1/../../../../arm-none-eabi/lib/armv7e-m/softfp\libm.a
LOAD c:/program files (x86)/cypress/psoc creator/4.4/psoc creator/import/gnu/arm/5.4.1/bin/../lib/gcc/arm-none-eabi/5.4.1/../../../../arm-none-eabi/lib/armv7e-m/softfp\libnosys.a
END GROUP

.text           0x10080000    0x163c4
                0x10080000                . = ALIGN (0x4)
                0x10080000                __Vectors = .
 *(.vectors)
 .vectors       0x10080000      0x28c .\CortexM4\ARM_GCC_541\Debug\startup_psoc6_01_cm4.o
                0x1008028c                . = ALIGN (0x4)
                0x1008028c                __Vectors_End = .
                0x0000028c                __Vectors_Size = (__Vectors_End - __Vectors)
                0x1008028c                __end__ = .
                0x1008028c                . = ALIGN (0x4)
 *(.text*)
 .text          0x1008028c       0x5c c:/program files (x86)/cypress/psoc creator/4.4/psoc creator/import/gnu/arm/5.4.1/bin/../lib/gcc/arm-none-eabi/5.4.1/armv7e-m/softfp/crtbegin.o
 .text          0x100802e8       0x84 .\CortexM4\ARM_GCC_541\Debug\startup_psoc6_01_cm4.o
                0x100802e8                Cy_OnResetUser
                0x100802ea                Reset_Handler
                0x1008034c                cpuss_interrupts_ipc_6_IRQHandler
                0x1008034c                DebugMon_Handler
                0x1008034c                tcpwm_1_interrupts_11_IRQHandler
                0x1008034c                cpuss_interrupts_ipc_0_IRQHandler
                0x1008034c                tcpwm_1_interrupts_15_IRQHandler
                0x1008034c                ioss_interrupts_gpio_13_IRQHandler
                0x1008034c                tcpwm_1_interrupts_13_IRQHandler
                0x1008034c                cpuss_interrupts_dw1_8_IRQHandler
                0x1008034c                tcpwm_0_interrupts_0_IRQHandler
                0x1008034c                cpuss_interrupt_fm_IRQHandler
                0x1008034c                cpuss_interrupts_ipc_7_IRQHandler
                0x1008034c                tcpwm_1_interrupts_14_IRQHandler
                0x1008034c                cpuss_interrupts_dw0_5_IRQHandler
                0x1008034c                tcpwm_1_interrupts_9_IRQHandler
                0x1008034c                cpuss_interrupts_cm0_cti_1_IRQHandler
                0x1008034c                tcpwm_1_interrupts_22_IRQHandler
                0x1008034c                cpuss_interrupts_dw0_4_IRQHandler
                0x1008034c                NMI_Handler
                0x1008034c                cpuss_interrupts_dw1_12_IRQHandler
                0x1008034c                tcpwm_1_interrupts_12_IRQHandler
                0x1008034c                smif_interrupt_IRQHandler
                0x1008034c                tcpwm_1_interrupts_2_IRQHandler
                0x1008034c                cpuss_interrupts_ipc_13_IRQHandler
                0x1008034c                udb_interrupts_11_IRQHandler
                0x1008034c                tcpwm_1_interrupts_18_IRQHandler
                0x1008034c                cpuss_interrupts_dw0_11_IRQHandler
                0x1008034c                tcpwm_0_interrupts_2_IRQHandler
                0x1008034c                cpuss_interrupts_dw0_13_IRQHandler
                0x1008034c                udb_interrupts_2_IRQHandler
                0x1008034c                cpuss_interrupts_dw1_7_IRQHandler
                0x1008034c                ioss_interrupts_gpio_1_IRQHandler
                0x1008034c                ioss_interrupts_gpio_7_IRQHandler
                0x1008034c                scb_5_interrupt_IRQHandler
                0x1008034c                udb_interrupts_6_IRQHandler
                0x1008034c                cpuss_interrupts_fault_1_IRQHandler
                0x1008034c                cpuss_interrupts_ipc_4_IRQHandler
                0x1008034c                cpuss_interrupts_ipc_5_IRQHandler
                0x1008034c                cpuss_interrupts_dw1_10_IRQHandler
                0x1008034c                udb_interrupts_0_IRQHandler
                0x1008034c                tcpwm_1_interrupts_6_IRQHandler
                0x1008034c                scb_4_interrupt_IRQHandler
                0x1008034c                pass_interrupt_dacs_IRQHandler
                0x1008034c                ioss_interrupts_gpio_2_IRQHandler
                0x1008034c                cpuss_interrupts_dw1_9_IRQHandler
                0x1008034c                cpuss_interrupts_dw1_13_IRQHandler
                0x1008034c                scb_2_interrupt_IRQHandler
                0x1008034c                cpuss_interrupts_cm0_cti_0_IRQHandler
                0x1008034c                udb_interrupts_5_IRQHandler
                0x1008034c                srss_interrupt_IRQHandler
                0x1008034c                udb_interrupts_12_IRQHandler
                0x1008034c                scb_0_interrupt_IRQHandler
                0x1008034c                csd_interrupt_IRQHandler
                0x1008034c                udb_interrupts_1_IRQHandler
                0x1008034c                profile_interrupt_IRQHandler
                0x1008034c                tcpwm_1_interrupts_1_IRQHandler
                0x1008034c                cpuss_interrupts_ipc_12_IRQHandler
                0x1008034c                tcpwm_1_interrupts_3_IRQHandler
                0x1008034c                tcpwm_0_interrupts_7_IRQHandler
                0x1008034c                cpuss_interrupts_dw1_1_IRQHandler
                0x1008034c                cpuss_interrupts_dw1_0_IRQHandler
                0x1008034c                cpuss_interrupts_dw0_9_IRQHandler
                0x1008034c                lpcomp_interrupt_IRQHandler
                0x1008034c                tcpwm_1_interrupts_23_IRQHandler
                0x1008034c                udb_interrupts_4_IRQHandler
                0x1008034c                tcpwm_1_interrupts_20_IRQHandler
                0x1008034c                ioss_interrupt_gpio_IRQHandler
                0x1008034c                tcpwm_0_interrupts_1_IRQHandler
                0x1008034c                ioss_interrupts_gpio_8_IRQHandler
                0x1008034c                tcpwm_0_interrupts_6_IRQHandler
                0x1008034c                scb_7_interrupt_IRQHandler
                0x1008034c                tcpwm_1_interrupts_7_IRQHandler
                0x1008034c                cpuss_interrupts_ipc_11_IRQHandler
                0x1008034c                udb_interrupts_13_IRQHandler
                0x1008034c                cpuss_interrupts_dw0_15_IRQHandler
                0x1008034c                udb_interrupts_7_IRQHandler
                0x1008034c                cpuss_interrupts_dw1_6_IRQHandler
                0x1008034c                cpuss_interrupt_crypto_IRQHandler
                0x1008034c                scb_1_interrupt_IRQHandler
                0x1008034c                Default_Handler
                0x1008034c                usb_interrupt_hi_IRQHandler
                0x1008034c                tcpwm_1_interrupts_0_IRQHandler
                0x1008034c                udb_interrupts_9_IRQHandler
                0x1008034c                audioss_interrupt_pdm_IRQHandler
                0x1008034c                srss_interrupt_mcwdt_0_IRQHandler
                0x1008034c                scb_3_interrupt_IRQHandler
                0x1008034c                pass_interrupt_ctbs_IRQHandler
                0x1008034c                udb_interrupts_8_IRQHandler
                0x1008034c                ioss_interrupts_gpio_3_IRQHandler
                0x1008034c                scb_6_interrupt_IRQHandler
                0x1008034c                cpuss_interrupts_cm4_cti_0_IRQHandler
                0x1008034c                cpuss_interrupts_dw1_3_IRQHandler
                0x1008034c                pass_interrupt_sar_IRQHandler
                0x1008034c                ioss_interrupts_gpio_0_IRQHandler
                0x1008034c                ioss_interrupts_gpio_14_IRQHandler
                0x1008034c                tcpwm_0_interrupts_4_IRQHandler
                0x1008034c                udb_interrupts_3_IRQHandler
                0x1008034c                tcpwm_0_interrupts_5_IRQHandler
                0x1008034c                cpuss_interrupts_ipc_15_IRQHandler
                0x1008034c                cpuss_interrupts_cm4_cti_1_IRQHandler
                0x1008034c                scb_8_interrupt_IRQHandler
                0x1008034c                srss_interrupt_mcwdt_1_IRQHandler
                0x1008034c                cpuss_interrupts_dw1_2_IRQHandler
                0x1008034c                cpuss_interrupts_dw1_5_IRQHandler
                0x1008034c                cpuss_interrupts_ipc_1_IRQHandler
                0x1008034c                cpuss_interrupts_dw0_0_IRQHandler
                0x1008034c                ioss_interrupts_gpio_12_IRQHandler
                0x1008034c                cpuss_interrupts_ipc_3_IRQHandler
                0x1008034c                tcpwm_1_interrupts_17_IRQHandler
                0x1008034c                srss_interrupt_backup_IRQHandler
                0x1008034c                bless_interrupt_IRQHandler
                0x1008034c                cpuss_interrupts_ipc_10_IRQHandler
                0x1008034c                cpuss_interrupts_ipc_9_IRQHandler
                0x1008034c                cpuss_interrupts_dw0_14_IRQHandler
                0x1008034c                tcpwm_1_interrupts_4_IRQHandler
                0x1008034c                tcpwm_0_interrupts_3_IRQHandler
                0x1008034c                cpuss_interrupts_dw1_15_IRQHandler
                0x1008034c                ioss_interrupts_gpio_10_IRQHandler
                0x1008034c                udb_interrupts_10_IRQHandler
                0x1008034c                cpuss_interrupts_dw0_8_IRQHandler
                0x1008034c                ioss_interrupts_gpio_11_IRQHandler
                0x1008034c                cpuss_interrupts_ipc_14_IRQHandler
                0x1008034c                ioss_interrupts_gpio_5_IRQHandler
                0x1008034c                ioss_interrupts_gpio_4_IRQHandler
                0x1008034c                tcpwm_1_interrupts_8_IRQHandler
                0x1008034c                cpuss_interrupts_dw1_14_IRQHandler
                0x1008034c                usb_interrupt_med_IRQHandler
                0x1008034c                cpuss_interrupts_dw0_2_IRQHandler
                0x1008034c                tcpwm_1_interrupts_10_IRQHandler
                0x1008034c                cpuss_interrupts_fault_0_IRQHandler
                0x1008034c                cpuss_interrupts_dw0_12_IRQHandler
                0x1008034c                ioss_interrupts_gpio_6_IRQHandler
                0x1008034c                tcpwm_1_interrupts_21_IRQHandler
                0x1008034c                tcpwm_1_interrupts_16_IRQHandler
                0x1008034c                cpuss_interrupts_dw1_4_IRQHandler
                0x1008034c                udb_interrupts_15_IRQHandler
                0x1008034c                cpuss_interrupts_dw1_11_IRQHandler
                0x1008034c                cpuss_interrupts_dw0_6_IRQHandler
                0x1008034c                ioss_interrupt_vdd_IRQHandler
                0x1008034c                cpuss_interrupts_dw0_7_IRQHandler
                0x1008034c                audioss_interrupt_i2s_IRQHandler
                0x1008034c                tcpwm_1_interrupts_5_IRQHandler
                0x1008034c                cpuss_interrupts_ipc_2_IRQHandler
                0x1008034c                cpuss_interrupts_dw0_10_IRQHandler
                0x1008034c                tcpwm_1_interrupts_19_IRQHandler
                0x1008034c                cpuss_interrupts_dw0_1_IRQHandler
                0x1008034c                ioss_interrupts_gpio_9_IRQHandler
                0x1008034c                usb_interrupt_lo_IRQHandler
                0x1008034c                cpuss_interrupts_ipc_8_IRQHandler
                0x1008034c                udb_interrupts_14_IRQHandler
                0x1008034c                cpuss_interrupts_dw0_3_IRQHandler
                0x10080350                UsageFault_Handler
                0x10080350                HardFault_Handler
                0x10080350                MemManage_Handler
                0x10080350                BusFault_Handler
 .text.main     0x1008036c       0x54 .\CortexM4\ARM_GCC_541\Debug\main_cm4.o
                0x1008036c                main
 .text.Cy_SysIpcPipeIsrCm4
                0x100803c0        0xc .\CortexM4\ARM_GCC_541\Debug\system_psoc6_cm4.o
                0x100803c0                Cy_SysIpcPipeIsrCm4
 .text.Cy_SystemInit
                0x100803cc        0x4 .\CortexM4\ARM_GCC_541\Debug\system_psoc6_cm4.o
                0x100803cc                Cy_SystemInit
 .text.SystemCoreClockUpdate
                0x100803d0      0x190 .\CortexM4\ARM_GCC_541\Debug\system_psoc6_cm4.o
                0x100803d0                SystemCoreClockUpdate
 .text.SystemInit
                0x10080560       0x48 .\CortexM4\ARM_GCC_541\Debug\system_psoc6_cm4.o
                0x10080560                SystemInit
 .text.Cy_SystemInitFpuEnable
                0x100805a8       0x28 .\CortexM4\ARM_GCC_541\Debug\system_psoc6_cm4.o
                0x100805a8                Cy_SystemInitFpuEnable
 .text.isr_bouton
                0x100805d0       0x54 .\CortexM4\ARM_GCC_541\Debug\display_task.o
                0x100805d0                isr_bouton
 .text.maxi     0x10080624       0x20 .\CortexM4\ARM_GCC_541\Debug\display_task.o
                0x10080624                maxi
 .text.mini     0x10080644       0x20 .\CortexM4\ARM_GCC_541\Debug\display_task.o
                0x10080644                mini
 .text.UpdateDisplay
                0x10080664       0x2c .\CortexM4\ARM_GCC_541\Debug\display_task.o
                0x10080664                UpdateDisplay
 .text.drawSignal
                0x10080690       0x94 .\CortexM4\ARM_GCC_541\Debug\display_task.o
                0x10080690                drawSignal
 .text.updateParameters
                0x10080724       0x68 .\CortexM4\ARM_GCC_541\Debug\display_task.o
                0x10080724                updateParameters
 .text.initialiserGUI
                0x1008078c       0x2c .\CortexM4\ARM_GCC_541\Debug\display_task.o
                0x1008078c                initialiserGUI
 .text.drawMenu
                0x100807b8       0x98 .\CortexM4\ARM_GCC_541\Debug\display_task.o
                0x100807b8                drawMenu
 .text.drawPageLED
                0x10080850       0x64 .\CortexM4\ARM_GCC_541\Debug\display_task.o
                0x10080850                drawPageLED
 .text.drawPageALARME_Acc
                0x100808b4       0x50 .\CortexM4\ARM_GCC_541\Debug\display_task.o
                0x100808b4                drawPageALARME_Acc
 .text.drawPageALARME_Rythme
                0x10080904       0x88 .\CortexM4\ARM_GCC_541\Debug\display_task.o
                0x10080904                drawPageALARME_Rythme
 .text.affichage
                0x1008098c       0x7c .\CortexM4\ARM_GCC_541\Debug\display_task.o
                0x1008098c                affichage
 .text.chooseOption
                0x10080a08       0x24 .\CortexM4\ARM_GCC_541\Debug\display_task.o
                0x10080a08                chooseOption
 .text.drawPage
                0x10080a2c       0x58 .\CortexM4\ARM_GCC_541\Debug\display_task.o
                0x10080a2c                drawPage
 .text.analyseCapsense
                0x10080a84       0x70 .\CortexM4\ARM_GCC_541\Debug\display_task.o
                0x10080a84                analyseCapsense
 .text.capSense_Task
                0x10080af4       0x84 .\CortexM4\ARM_GCC_541\Debug\display_task.o
                0x10080af4                capSense_Task
 .text.Task_Display
                0x10080b78      0x130 .\CortexM4\ARM_GCC_541\Debug\display_task.o
                0x10080b78                Task_Display
 .text.Pv_EINK_SendData
                0x10080ca8       0x38 .\CortexM4\ARM_GCC_541\Debug\pervasive_eink_hardware_driver.o
                0x10080ca8                Pv_EINK_SendData
 .text.Pv_EINK_SendByte
                0x10080ce0       0x18 .\CortexM4\ARM_GCC_541\Debug\pervasive_eink_hardware_driver.o
                0x10080ce0                Pv_EINK_SendByte
 .text.Pv_EINK_ReadByte
                0x10080cf8       0x30 .\CortexM4\ARM_GCC_541\Debug\pervasive_eink_hardware_driver.o
                0x10080cf8                Pv_EINK_ReadByte
 .text.Pv_EINK_Init
                0x10080d28       0x34 .\CortexM4\ARM_GCC_541\Debug\pervasive_eink_hardware_driver.o
                0x10080d28                Pv_EINK_Init
 .text.Pv_EINK_InitDriver
                0x10080d5c      0x118 .\CortexM4\ARM_GCC_541\Debug\pervasive_eink_hardware_driver.o
                0x10080d5c                Pv_EINK_InitDriver
 .text.Pv_EINK_SetTempFactor
                0x10080e74       0x58 .\CortexM4\ARM_GCC_541\Debug\pervasive_eink_hardware_driver.o
                0x10080e74                Pv_EINK_SetTempFactor
 .text.Pv_EINK_FullStageHandler
                0x10080ecc      0x424 .\CortexM4\ARM_GCC_541\Debug\pervasive_eink_hardware_driver.o
                0x10080ecc                Pv_EINK_FullStageHandler
 .text.Pv_EINK_PartialStageHandler
                0x100812f0      0x228 .\CortexM4\ARM_GCC_541\Debug\pervasive_eink_hardware_driver.o
                0x100812f0                Pv_EINK_PartialStageHandler
 .text.Pv_EINK_NothingFrame
                0x10081518       0x5c .\CortexM4\ARM_GCC_541\Debug\pervasive_eink_hardware_driver.o
                0x10081518                Pv_EINK_NothingFrame
 .text.Pv_EINK_DummyLine
                0x10081574       0x34 .\CortexM4\ARM_GCC_541\Debug\pervasive_eink_hardware_driver.o
                0x10081574                Pv_EINK_DummyLine
 .text.Pv_EINK_HardwarePowerOn
                0x100815a8       0x44 .\CortexM4\ARM_GCC_541\Debug\pervasive_eink_hardware_driver.o
                0x100815a8                Pv_EINK_HardwarePowerOn
 .text.Pv_EINK_HardwarePowerOff
                0x100815ec       0xa8 .\CortexM4\ARM_GCC_541\Debug\pervasive_eink_hardware_driver.o
                0x100815ec                Pv_EINK_HardwarePowerOff
 .text.Cy_EINK_Start
                0x10081694       0x10 .\CortexM4\ARM_GCC_541\Debug\cy_eink_library.o
                0x10081694                Cy_EINK_Start
 .text.Cy_EINK_Power
                0x100816a4       0x18 .\CortexM4\ARM_GCC_541\Debug\cy_eink_library.o
                0x100816a4                Cy_EINK_Power
 .text.Cy_EINK_ShowFrame
                0x100816bc       0x54 .\CortexM4\ARM_GCC_541\Debug\cy_eink_library.o
                0x100816bc                Cy_EINK_ShowFrame
 .text.Cy_EINK_TimerInit
                0x10081710       0x14 .\CortexM4\ARM_GCC_541\Debug\cy_eink_psoc_interface.o
                0x10081710                Cy_EINK_TimerInit
 .text.Cy_EINK_GetTimeTick
                0x10081724        0xc .\CortexM4\ARM_GCC_541\Debug\cy_eink_psoc_interface.o
                0x10081724                Cy_EINK_GetTimeTick
 .text.Cy_EINK_TimerStop
                0x10081730        0xc .\CortexM4\ARM_GCC_541\Debug\cy_eink_psoc_interface.o
                0x10081730                Cy_EINK_TimerStop
 .text.Cy_EINK_InitSPI
                0x1008173c       0x30 .\CortexM4\ARM_GCC_541\Debug\cy_eink_psoc_interface.o
                0x1008173c                Cy_EINK_InitSPI
 .text.Cy_EINK_AttachSPI
                0x1008176c       0x1c .\CortexM4\ARM_GCC_541\Debug\cy_eink_psoc_interface.o
                0x1008176c                Cy_EINK_AttachSPI
 .text.Cy_EINK_DetachSPI
                0x10081788       0x14 .\CortexM4\ARM_GCC_541\Debug\cy_eink_psoc_interface.o
                0x10081788                Cy_EINK_DetachSPI
 .text.Cy_EINK_WriteSPI
                0x1008179c       0x60 .\CortexM4\ARM_GCC_541\Debug\cy_eink_psoc_interface.o
                0x1008179c                Cy_EINK_WriteSPI
 .text.Cy_EINK_ReadSPI
                0x100817fc       0x68 .\CortexM4\ARM_GCC_541\Debug\cy_eink_psoc_interface.o
                0x100817fc                Cy_EINK_ReadSPI
 .text.Cy_EINK_WriteSPIBuffer
                0x10081864       0x84 .\CortexM4\ARM_GCC_541\Debug\cy_eink_psoc_interface.o
                0x10081864                Cy_EINK_WriteSPIBuffer
 .text.Cy_EINK_IsBusy
                0x100818e8       0x18 .\CortexM4\ARM_GCC_541\Debug\cy_eink_psoc_interface.o
                0x100818e8                Cy_EINK_IsBusy
 .text.LCD_X_Config
                0x10081900       0x70 .\CortexM4\ARM_GCC_541\Debug\LCDConf.o
                0x10081900                LCD_X_Config
 .text.LCD_X_DisplayDriver
                0x10081970       0x10 .\CortexM4\ARM_GCC_541\Debug\LCDConf.o
                0x10081970                LCD_X_DisplayDriver
 .text.LCD_GetDisplayBuffer
                0x10081980        0x8 .\CortexM4\ARM_GCC_541\Debug\LCDConf.o
                0x10081980                LCD_GetDisplayBuffer
 .text.GUI_X_InitOS
                0x10081988       0x14 .\CortexM4\ARM_GCC_541\Debug\GUI_X_RTOS.o
                0x10081988                GUI_X_InitOS
 .text.GUI_X_Unlock
                0x1008199c       0x18 .\CortexM4\ARM_GCC_541\Debug\GUI_X_RTOS.o
                0x1008199c                GUI_X_Unlock
 .text.GUI_X_Lock
                0x100819b4       0x14 .\CortexM4\ARM_GCC_541\Debug\GUI_X_RTOS.o
                0x100819b4                GUI_X_Lock
 .text.GUI_X_GetTaskId
                0x100819c8        0x8 .\CortexM4\ARM_GCC_541\Debug\GUI_X_RTOS.o
                0x100819c8                GUI_X_GetTaskId
 .text.GUI_X_Init
                0x100819d0        0x4 .\CortexM4\ARM_GCC_541\Debug\GUI_X_RTOS.o
                0x100819d0                GUI_X_Init
 .text.GUI_X_Config
                0x100819d4       0x1c .\CortexM4\ARM_GCC_541\Debug\GUIConf.o
                0x100819d4                GUI_X_Config
 .text.CY_EINK_Timer_Start
                0x100819f0       0x30 .\CortexM4\ARM_GCC_541\Debug\CY_EINK_Timer.o
                0x100819f0                CY_EINK_Timer_Start
 .text.CapSense_Initialize
                0x10081a20       0x24 .\CortexM4\ARM_GCC_541\Debug\CapSense_Control.o
                0x10081a20                CapSense_Initialize
 .text.CapSense_Start
                0x10081a44       0x3c .\CortexM4\ARM_GCC_541\Debug\CapSense_Control.o
                0x10081a44                CapSense_Start
 .text.CapSense_ProcessAllWidgets
                0x10081a80       0x74 .\CortexM4\ARM_GCC_541\Debug\CapSense_Control.o
                0x10081a80                CapSense_ProcessAllWidgets
 .text.CapSense_DpInitialize
                0x10081af4       0x90 .\CortexM4\ARM_GCC_541\Debug\CapSense_Processing.o
                0x10081af4                CapSense_DpInitialize
 .text.CapSense_DpUpdateThresholds
                0x10081b84       0x34 .\CortexM4\ARM_GCC_541\Debug\CapSense_Processing.o
                0x10081b84                CapSense_DpUpdateThresholds
 .text.CapSense_DpUpdateDifferences
                0x10081bb8       0x18 .\CortexM4\ARM_GCC_541\Debug\CapSense_Processing.o
                0x10081bb8                CapSense_DpUpdateDifferences
 .text.CapSense_DpProcessCsxWidgetRawCounts
                0x10081bd0       0x48 .\CortexM4\ARM_GCC_541\Debug\CapSense_Processing.o
                0x10081bd0                CapSense_DpProcessCsxWidgetRawCounts
 .text.CapSense_DpProcessCsdWidgetRawCounts
                0x10081c18       0x84 .\CortexM4\ARM_GCC_541\Debug\CapSense_Processing.o
                0x10081c18                CapSense_DpProcessCsdWidgetRawCounts
 .text.CapSense_DpProcessButton
                0x10081c9c       0x64 .\CortexM4\ARM_GCC_541\Debug\CapSense_Processing.o
                0x10081c9c                CapSense_DpProcessButton
 .text.CapSense_DpProcessCsxWidgetStatus
                0x10081d00       0x64 .\CortexM4\ARM_GCC_541\Debug\CapSense_Processing.o
                0x10081d00                CapSense_DpProcessCsxWidgetStatus
 .text.CapSense_DpProcessSlider
                0x10081d64      0x12c .\CortexM4\ARM_GCC_541\Debug\CapSense_Processing.o
                0x10081d64                CapSense_DpProcessSlider
 .text.CapSense_DpProcessCsdWidgetStatus
                0x10081e90       0x74 .\CortexM4\ARM_GCC_541\Debug\CapSense_Processing.o
                0x10081e90                CapSense_DpProcessCsdWidgetStatus
 .text.CapSense_DsInitialize
                0x10081f04       0x94 .\CortexM4\ARM_GCC_541\Debug\CapSense_Structure.o
                0x10081f04                CapSense_DsInitialize
 .text.CapSense_IsWidgetActive
                0x10081f98       0x28 .\CortexM4\ARM_GCC_541\Debug\CapSense_Structure.o
                0x10081f98                CapSense_IsWidgetActive
 .text.CapSense_GetCentroidPos
                0x10081fc0       0x38 .\CortexM4\ARM_GCC_541\Debug\CapSense_Structure.o
                0x10081fc0                CapSense_GetCentroidPos
 .text.CapSense_TuInitialize
                0x10081ff8       0x14 .\CortexM4\ARM_GCC_541\Debug\CapSense_Tuner.o
                0x10081ff8                CapSense_TuInitialize
 .text.CapSense_FtInitializeBaselineChannel
                0x1008200c       0x20 .\CortexM4\ARM_GCC_541\Debug\CapSense_Filter.o
                0x1008200c                CapSense_FtInitializeBaselineChannel
 .text.CapSense_FtInitializeBaseline
                0x1008202c       0x20 .\CortexM4\ARM_GCC_541\Debug\CapSense_Filter.o
                0x1008202c                CapSense_FtInitializeBaseline
 .text.CapSense_InitializeSensorBaseline
                0x1008204c       0x28 .\CortexM4\ARM_GCC_541\Debug\CapSense_Filter.o
                0x1008204c                CapSense_InitializeSensorBaseline
 .text.CapSense_InitializeWidgetBaseline
                0x10082074       0x28 .\CortexM4\ARM_GCC_541\Debug\CapSense_Filter.o
                0x10082074                CapSense_InitializeWidgetBaseline
 .text.CapSense_InitializeAllBaselines
                0x1008209c       0x18 .\CortexM4\ARM_GCC_541\Debug\CapSense_Filter.o
                0x1008209c                CapSense_InitializeAllBaselines
 .text.CapSense_InitializeMedianInternal
                0x100820b4       0x2c .\CortexM4\ARM_GCC_541\Debug\CapSense_Filter.o
                0x100820b4                CapSense_InitializeMedianInternal
 .text.CapSense_InitializeAverageInternal
                0x100820e0       0x34 .\CortexM4\ARM_GCC_541\Debug\CapSense_Filter.o
                0x100820e0                CapSense_InitializeAverageInternal
 .text.CapSense_InitializeWidgetFilter
                0x10082114       0x90 .\CortexM4\ARM_GCC_541\Debug\CapSense_Filter.o
                0x10082114                CapSense_InitializeWidgetFilter
 .text.CapSense_InitializeAllFilters
                0x100821a4       0x18 .\CortexM4\ARM_GCC_541\Debug\CapSense_Filter.o
                0x100821a4                CapSense_InitializeAllFilters
 .text.CapSense_FtInitialize
                0x100821bc        0x8 .\CortexM4\ARM_GCC_541\Debug\CapSense_Filter.o
                0x100821bc                CapSense_FtInitialize
 .text.CapSense_RunAverageInternal
                0x100821c4       0x44 .\CortexM4\ARM_GCC_541\Debug\CapSense_Filter.o
                0x100821c4                CapSense_RunAverageInternal
 .text.CapSense_FtMedian
                0x10082208       0x18 .\CortexM4\ARM_GCC_541\Debug\CapSense_Filter.o
                0x10082208                CapSense_FtMedian
 .text.CapSense_RunMedianInternal
                0x10082220       0x4c .\CortexM4\ARM_GCC_541\Debug\CapSense_Filter.o
                0x10082220                CapSense_RunMedianInternal
 .text.CapSense_FtRunEnabledFiltersInternal
                0x1008226c       0x18 .\CortexM4\ARM_GCC_541\Debug\CapSense_Filter.o
                0x1008226c                CapSense_FtRunEnabledFiltersInternal
 .text.CapSense_FtIIR1stOrder
                0x10082284       0x14 .\CortexM4\ARM_GCC_541\Debug\CapSense_Filter.o
                0x10082284                CapSense_FtIIR1stOrder
 .text.CapSense_FtUpdateBaseline
                0x10082298       0x8c .\CortexM4\ARM_GCC_541\Debug\CapSense_Filter.o
                0x10082298                CapSense_FtUpdateBaseline
 .text.CapSense_UpdateSensorBaseline
                0x10082324       0x24 .\CortexM4\ARM_GCC_541\Debug\CapSense_Filter.o
                0x10082324                CapSense_UpdateSensorBaseline
 .text.CapSense_UpdateWidgetBaseline
                0x10082348       0x30 .\CortexM4\ARM_GCC_541\Debug\CapSense_Filter.o
                0x10082348                CapSense_UpdateWidgetBaseline
 .text.CapSense_UpdateAllBaselines
                0x10082378       0x1c .\CortexM4\ARM_GCC_541\Debug\CapSense_Filter.o
                0x10082378                CapSense_UpdateAllBaselines
 .text.CapSense_SsCalcLfsrSize
                0x10082394       0xb0 .\CortexM4\ARM_GCC_541\Debug\CapSense_Sensing.o
 .text.CapSense_SsCalcLfsrScale
                0x10082444       0x38 .\CortexM4\ARM_GCC_541\Debug\CapSense_Sensing.o
 .text.CapSense_SsDisableCSXMode
                0x1008247c        0x8 .\CortexM4\ARM_GCC_541\Debug\CapSense_Sensing.o
 .text.CapSense_SsCSDDisableMode
                0x10082484       0x38 .\CortexM4\ARM_GCC_541\Debug\CapSense_Sensing.o
 .text.CapSense_IsBusy
                0x100824bc       0x10 .\CortexM4\ARM_GCC_541\Debug\CapSense_Sensing.o
                0x100824bc                CapSense_IsBusy
 .text.CapSense_SetBusyFlags
                0x100824cc       0x18 .\CortexM4\ARM_GCC_541\Debug\CapSense_Sensing.o
                0x100824cc                CapSense_SetBusyFlags
 .text.CapSense_ClrBusyFlags
                0x100824e4       0x18 .\CortexM4\ARM_GCC_541\Debug\CapSense_Sensing.o
                0x100824e4                CapSense_ClrBusyFlags
 .text.CapSense_SetupWidget
                0x100824fc       0x68 .\CortexM4\ARM_GCC_541\Debug\CapSense_Sensing.o
                0x100824fc                CapSense_SetupWidget
 .text.CapSense_Scan
                0x10082564       0x3c .\CortexM4\ARM_GCC_541\Debug\CapSense_Sensing.o
                0x10082564                CapSense_Scan
 .text.CapSense_ScanAllWidgets
                0x100825a0       0x54 .\CortexM4\ARM_GCC_541\Debug\CapSense_Sensing.o
                0x100825a0                CapSense_ScanAllWidgets
 .text.CapSense_SsSwitchSensingMode
                0x100825f4       0x50 .\CortexM4\ARM_GCC_541\Debug\CapSense_Sensing.o
                0x100825f4                CapSense_SsSwitchSensingMode
 .text.CapSense_SsSetIOsInDefaultState
                0x10082644       0x28 .\CortexM4\ARM_GCC_541\Debug\CapSense_Sensing.o
                0x10082644                CapSense_SsSetIOsInDefaultState
 .text.CapSense_SsPostAllWidgetsScan
                0x1008266c       0x78 .\CortexM4\ARM_GCC_541\Debug\CapSense_Sensing.o
                0x1008266c                CapSense_SsPostAllWidgetsScan
 .text.CapSense_SsIsrInitialize
                0x100826e4       0x58 .\CortexM4\ARM_GCC_541\Debug\CapSense_Sensing.o
                0x100826e4                CapSense_SsIsrInitialize
 .text.CapSense_CalibrateWidget
                0x1008273c       0x3c .\CortexM4\ARM_GCC_541\Debug\CapSense_Sensing.o
                0x1008273c                CapSense_CalibrateWidget
 .text.CapSense_CalibrateAllWidgets
                0x10082778       0x1c .\CortexM4\ARM_GCC_541\Debug\CapSense_Sensing.o
                0x10082778                CapSense_CalibrateAllWidgets
 .text.CapSense_SsClearCSDSensors
                0x10082794       0x4c .\CortexM4\ARM_GCC_541\Debug\CapSense_Sensing.o
                0x10082794                CapSense_SsClearCSDSensors
 .text.CapSense_SsCSDGetColSnsClkDivider
                0x100827e0       0x14 .\CortexM4\ARM_GCC_541\Debug\CapSense_Sensing.o
                0x100827e0                CapSense_SsCSDGetColSnsClkDivider
 .text.CapSense_SsCSDSetColSnsClkDivider
                0x100827f4       0x14 .\CortexM4\ARM_GCC_541\Debug\CapSense_Sensing.o
                0x100827f4                CapSense_SsCSDSetColSnsClkDivider
 .text.CapSense_SsCSDCalcPrsSize
                0x10082808       0x24 .\CortexM4\ARM_GCC_541\Debug\CapSense_Sensing.o
                0x10082808                CapSense_SsCSDCalcPrsSize
 .text.CapSense_SsSetWidgetSenseClkSrc
                0x1008282c       0x54 .\CortexM4\ARM_GCC_541\Debug\CapSense_Sensing.o
 .text.CapSense_SsAutoTune
                0x10082880      0x1a0 .\CortexM4\ARM_GCC_541\Debug\CapSense_Sensing.o
                0x10082880                CapSense_SsAutoTune
 .text.CapSense_SsInitializeSourceSenseClk
                0x10082a20       0x68 .\CortexM4\ARM_GCC_541\Debug\CapSense_Sensing.o
                0x10082a20                CapSense_SsInitializeSourceSenseClk
 .text.CapSense_SsInitialize
                0x10082a88       0x14 .\CortexM4\ARM_GCC_541\Debug\CapSense_Sensing.o
                0x10082a88                CapSense_SsInitialize
 .text.CapSense_BistDischargeExtCapacitors
                0x10082a9c       0xc0 .\CortexM4\ARM_GCC_541\Debug\CapSense_Sensing.o
                0x10082a9c                CapSense_BistDischargeExtCapacitors
 .text.CapSense_SsCSDPostScan
                0x10082b5c       0x54 .\CortexM4\ARM_GCC_541\Debug\CapSense_INT.o
 .text.CapSense_SsCSDInitNextScan
                0x10082bb0       0xa8 .\CortexM4\ARM_GCC_541\Debug\CapSense_INT.o
 .text.CapSense_CSDPostSingleScan
                0x10082c58       0x2c .\CortexM4\ARM_GCC_541\Debug\CapSense_INT.o
                0x10082c58                CapSense_CSDPostSingleScan
 .text.CapSense_CSDPostMultiScan
                0x10082c84       0x44 .\CortexM4\ARM_GCC_541\Debug\CapSense_INT.o
                0x10082c84                CapSense_CSDPostMultiScan
 .text.CapSense_SsCSDSetModeSnsClockDivider
                0x10082cc8       0x10 .\CortexM4\ARM_GCC_541\Debug\CapSense_SensingCSD_LL.o
 .text.CapSense_SsCSDSetFilterDelay
                0x10082cd8       0x50 .\CortexM4\ARM_GCC_541\Debug\CapSense_SensingCSD_LL.o
 .text.CapSense_SsCSDConfigIDACs
                0x10082d28       0x1c .\CortexM4\ARM_GCC_541\Debug\CapSense_SensingCSD_LL.o
 .text.CapSense_SsCSDSetSingleIdacMode
                0x10082d44       0x28 .\CortexM4\ARM_GCC_541\Debug\CapSense_SensingCSD_LL.o
 .text.CapSense_SsCSDRestoreIdacMode
                0x10082d6c       0x2c .\CortexM4\ARM_GCC_541\Debug\CapSense_SensingCSD_LL.o
 .text.CapSense_SsCSDCalibrateCheck
                0x10082d98       0x4c .\CortexM4\ARM_GCC_541\Debug\CapSense_SensingCSD_LL.o
 .text.CapSense_SsCSDCmodPrecharge
                0x10082de4       0x6c .\CortexM4\ARM_GCC_541\Debug\CapSense_SensingCSD_LL.o
 .text.CapSense_SsCSDTriggerScan
                0x10082e50       0x94 .\CortexM4\ARM_GCC_541\Debug\CapSense_SensingCSD_LL.o
 .text.CapSense_SsCSDInitialize
                0x10082ee4      0x144 .\CortexM4\ARM_GCC_541\Debug\CapSense_SensingCSD_LL.o
                0x10082ee4                CapSense_SsCSDInitialize
 .text.CapSense_SsCSDSetUpIdacs
                0x10083028       0x50 .\CortexM4\ARM_GCC_541\Debug\CapSense_SensingCSD_LL.o
                0x10083028                CapSense_SsCSDSetUpIdacs
 .text.CapSense_SsCSDGetNumberOfConversions
                0x10083078       0x30 .\CortexM4\ARM_GCC_541\Debug\CapSense_SensingCSD_LL.o
                0x10083078                CapSense_SsCSDGetNumberOfConversions
 .text.CapSense_SsCSDConfigClock
                0x100830a8       0x3c .\CortexM4\ARM_GCC_541\Debug\CapSense_SensingCSD_LL.o
                0x100830a8                CapSense_SsCSDConfigClock
 .text.CapSense_SsCSDCalculateScanDuration
                0x100830e4       0x18 .\CortexM4\ARM_GCC_541\Debug\CapSense_SensingCSD_LL.o
                0x100830e4                CapSense_SsCSDCalculateScanDuration
 .text.CapSense_SsCSDStartSample
                0x100830fc       0x44 .\CortexM4\ARM_GCC_541\Debug\CapSense_SensingCSD_LL.o
                0x100830fc                CapSense_SsCSDStartSample
 .text.CapSense_CSDScanExt
                0x10083140       0x14 .\CortexM4\ARM_GCC_541\Debug\CapSense_SensingCSD_LL.o
                0x10083140                CapSense_CSDScanExt
 .text.CapSense_CSDConnectSns
                0x10083154       0xa0 .\CortexM4\ARM_GCC_541\Debug\CapSense_SensingCSD_LL.o
                0x10083154                CapSense_CSDConnectSns
 .text.CapSense_CSDScan
                0x100831f4       0x74 .\CortexM4\ARM_GCC_541\Debug\CapSense_SensingCSD_LL.o
                0x100831f4                CapSense_CSDScan
 .text.CapSense_SsCSDConnectSensorExt
                0x10083268       0x24 .\CortexM4\ARM_GCC_541\Debug\CapSense_SensingCSD_LL.o
                0x10083268                CapSense_SsCSDConnectSensorExt
 .text.CapSense_CSDDisconnectSns
                0x1008328c       0xac .\CortexM4\ARM_GCC_541\Debug\CapSense_SensingCSD_LL.o
                0x1008328c                CapSense_CSDDisconnectSns
 .text.CapSense_SsCSDElectrodeCheck
                0x10083338       0x24 .\CortexM4\ARM_GCC_541\Debug\CapSense_SensingCSD_LL.o
                0x10083338                CapSense_SsCSDElectrodeCheck
 .text.CapSense_CSDSetupWidget
                0x1008335c       0x5c .\CortexM4\ARM_GCC_541\Debug\CapSense_SensingCSD_LL.o
                0x1008335c                CapSense_CSDSetupWidget
 .text.CapSense_CSDSetupWidgetExt
                0x100833b8       0x64 .\CortexM4\ARM_GCC_541\Debug\CapSense_SensingCSD_LL.o
                0x100833b8                CapSense_CSDSetupWidgetExt
 .text.CapSense_SsCSDCalibrateOneSensor
                0x1008341c       0xe8 .\CortexM4\ARM_GCC_541\Debug\CapSense_SensingCSD_LL.o
 .text.CapSense_CSDCalibrateWidget
                0x10083504      0x11c .\CortexM4\ARM_GCC_541\Debug\CapSense_SensingCSD_LL.o
                0x10083504                CapSense_CSDCalibrateWidget
 .text.CapSense_SsCalcCsxScanPeriod
                0x10083620       0x10 .\CortexM4\ARM_GCC_541\Debug\CapSense_SensingCSX_LL.o
 .text.CapSense_CSXScanISR
                0x10083630       0xd0 .\CortexM4\ARM_GCC_541\Debug\CapSense_SensingCSX_LL.o
                0x10083630                CapSense_CSXScanISR
 .text.CapSense_SsCSXStartSample
                0x10083700      0x14c .\CortexM4\ARM_GCC_541\Debug\CapSense_SensingCSX_LL.o
 .text.CapSense_CSXInitialize
                0x1008384c      0x160 .\CortexM4\ARM_GCC_541\Debug\CapSense_SensingCSX_LL.o
                0x1008384c                CapSense_CSXInitialize
 .text.CapSense_CSXCalibrateWidget
                0x100839ac       0xcc .\CortexM4\ARM_GCC_541\Debug\CapSense_SensingCSX_LL.o
                0x100839ac                CapSense_CSXCalibrateWidget
 .text.CapSense_CSXConnectTx
                0x10083a78       0xa0 .\CortexM4\ARM_GCC_541\Debug\CapSense_SensingCSX_LL.o
                0x10083a78                CapSense_CSXConnectTx
 .text.CapSense_CSXConnectRx
                0x10083b18       0x9c .\CortexM4\ARM_GCC_541\Debug\CapSense_SensingCSX_LL.o
                0x10083b18                CapSense_CSXConnectRx
 .text.CapSense_CSXScan
                0x10083bb4       0x5c .\CortexM4\ARM_GCC_541\Debug\CapSense_SensingCSX_LL.o
                0x10083bb4                CapSense_CSXScan
 .text.CapSense_CSXDisconnectTx
                0x10083c10       0x64 .\CortexM4\ARM_GCC_541\Debug\CapSense_SensingCSX_LL.o
                0x10083c10                CapSense_CSXDisconnectTx
 .text.CapSense_CSXDisconnectRx
                0x10083c74       0xac .\CortexM4\ARM_GCC_541\Debug\CapSense_SensingCSX_LL.o
                0x10083c74                CapSense_CSXDisconnectRx
 .text.CapSense_SsCSXPostMultiScan
                0x10083d20       0xd0 .\CortexM4\ARM_GCC_541\Debug\CapSense_SensingCSX_LL.o
 .text.CapSense_CSXElectrodeCheck
                0x10083df0       0x24 .\CortexM4\ARM_GCC_541\Debug\CapSense_SensingCSX_LL.o
                0x10083df0                CapSense_CSXElectrodeCheck
 .text.CapSense_CSXSetupWidget
                0x10083e14       0x90 .\CortexM4\ARM_GCC_541\Debug\CapSense_SensingCSX_LL.o
                0x10083e14                CapSense_CSXSetupWidget
 .text.CapSense_SsCSXGetTxClkDivider
                0x10083ea4       0x14 .\CortexM4\ARM_GCC_541\Debug\CapSense_SensingCSX_LL.o
                0x10083ea4                CapSense_SsCSXGetTxClkDivider
 .text.CapSense_DpFindLocalMaxSd
                0x10083eb8       0xd8 .\CortexM4\ARM_GCC_541\Debug\CapSense_Centroid_LL.o
                0x10083eb8                CapSense_DpFindLocalMaxSd
 .text.CapSense_DpCalcLinearCentroid
                0x10083f90       0x84 .\CortexM4\ARM_GCC_541\Debug\CapSense_Centroid_LL.o
                0x10083f90                CapSense_DpCalcLinearCentroid
 .text.CapSense_InitPosFiltersSd
                0x10084014        0x8 .\CortexM4\ARM_GCC_541\Debug\CapSense_Centroid_LL.o
                0x10084014                CapSense_InitPosFiltersSd
 .text.CapSense_GetTouchParams
                0x1008401c       0x6c .\CortexM4\ARM_GCC_541\Debug\CapSense_Gesture.o
                0x1008401c                CapSense_GetTouchParams
 .text.CapSense_InitializeGestures
                0x10084088       0x30 .\CortexM4\ARM_GCC_541\Debug\CapSense_Gesture.o
                0x10084088                CapSense_InitializeGestures
 .text.CapSense_DecodeWidgetGestures
                0x100840b8       0x80 .\CortexM4\ARM_GCC_541\Debug\CapSense_Gesture.o
                0x100840b8                CapSense_DecodeWidgetGestures
 .text.CapSense_SetGestureTimestamp
                0x10084138        0xc .\CortexM4\ARM_GCC_541\Debug\CapSense_Gesture.o
                0x10084138                CapSense_SetGestureTimestamp
 .text.CapSense_TMG_DecodeAllGestures
                0x10084144       0x1c .\CortexM4\ARM_GCC_541\Debug\CapSense_TMG.o
                0x10084144                CapSense_TMG_DecodeAllGestures
 .text.Cy_Flash_ProcessOpcode
                0x10084160       0xac .\CortexM4\ARM_GCC_541\Debug\cy_flash.o
 .text.Cy_Flash_OperationStatus
                0x1008420c       0x5c .\CortexM4\ARM_GCC_541\Debug\cy_flash.o
 .text.Cy_Flash_InitExt
                0x10084268       0x80 .\CortexM4\ARM_GCC_541\Debug\cy_flash.o
                0x10084268                Cy_Flash_InitExt
 .text.Cy_Flash_Init
                0x100842e8       0x10 .\CortexM4\ARM_GCC_541\Debug\cy_flash.o
                0x100842e8                Cy_Flash_Init
 .text.Cy_GPIO_Pin_FastInit
                0x100842f8       0xf8 .\CortexM4\ARM_GCC_541\Debug\cy_gpio.o
                0x100842f8                Cy_GPIO_Pin_FastInit
 .text.Cy_IPC_Drv_LockRelease
                0x100843f0       0x3c .\CortexM4\ARM_GCC_541\Debug\cy_ipc_drv.o
                0x100843f0                Cy_IPC_Drv_LockRelease
 .text.Cy_IPC_Drv_SendMsgWord
                0x1008442c       0x3c .\CortexM4\ARM_GCC_541\Debug\cy_ipc_drv.o
                0x1008442c                Cy_IPC_Drv_SendMsgWord
 .text.Cy_IPC_Drv_ReadMsgWord
                0x10084468       0x38 .\CortexM4\ARM_GCC_541\Debug\cy_ipc_drv.o
                0x10084468                Cy_IPC_Drv_ReadMsgWord
 .text.Cy_IPC_Sema_InitExt
                0x100844a0       0xac .\CortexM4\ARM_GCC_541\Debug\cy_ipc_sema.o
                0x100844a0                Cy_IPC_Sema_InitExt
 .text.Cy_IPC_Sema_Init
                0x1008454c       0x64 .\CortexM4\ARM_GCC_541\Debug\cy_ipc_sema.o
                0x1008454c                Cy_IPC_Sema_Init
 .text.Cy_IPC_Sema_Clear
                0x100845b0       0x88 .\CortexM4\ARM_GCC_541\Debug\cy_ipc_sema.o
                0x100845b0                Cy_IPC_Sema_Clear
 .text.Cy_IPC_Sema_Status
                0x10084638       0x40 .\CortexM4\ARM_GCC_541\Debug\cy_ipc_sema.o
                0x10084638                Cy_IPC_Sema_Status
 .text.Cy_IPC_Pipe_Config
                0x10084678       0x10 .\CortexM4\ARM_GCC_541\Debug\cy_ipc_pipe.o
                0x10084678                Cy_IPC_Pipe_Config
 .text.Cy_IPC_Pipe_EndpointInit
                0x10084688       0xd0 .\CortexM4\ARM_GCC_541\Debug\cy_ipc_pipe.o
                0x10084688                Cy_IPC_Pipe_EndpointInit
 .text.Cy_IPC_Pipe_Init
                0x10084758       0xb4 .\CortexM4\ARM_GCC_541\Debug\cy_ipc_pipe.o
                0x10084758                Cy_IPC_Pipe_Init
 .text.Cy_IPC_Pipe_SendMessage
                0x1008480c       0xa4 .\CortexM4\ARM_GCC_541\Debug\cy_ipc_pipe.o
                0x1008480c                Cy_IPC_Pipe_SendMessage
 .text.Cy_IPC_Pipe_RegisterCallback
                0x100848b0       0x50 .\CortexM4\ARM_GCC_541\Debug\cy_ipc_pipe.o
                0x100848b0                Cy_IPC_Pipe_RegisterCallback
 .text.Cy_IPC_Pipe_ExecCallback
                0x10084900       0xbc .\CortexM4\ARM_GCC_541\Debug\cy_ipc_pipe.o
                0x10084900                Cy_IPC_Pipe_ExecCallback
 .text.Cy_IPC_Pipe_ExecuteCallback
                0x100849bc       0x2c .\CortexM4\ARM_GCC_541\Debug\cy_ipc_pipe.o
                0x100849bc                Cy_IPC_Pipe_ExecuteCallback
 .text.Cy_SCB_Write
                0x100849e8       0x28 .\CortexM4\ARM_GCC_541\Debug\cy_scb_common.o
                0x100849e8                Cy_SCB_Write
 .text.Cy_SCB_WriteArrayNoCheck
                0x10084a10       0x38 .\CortexM4\ARM_GCC_541\Debug\cy_scb_common.o
                0x10084a10                Cy_SCB_WriteArrayNoCheck
 .text.Cy_SCB_WriteArray
                0x10084a48       0x2c .\CortexM4\ARM_GCC_541\Debug\cy_scb_common.o
                0x10084a48                Cy_SCB_WriteArray
 .text.Cy_SCB_WriteArrayBlocking
                0x10084a74       0x30 .\CortexM4\ARM_GCC_541\Debug\cy_scb_common.o
                0x10084a74                Cy_SCB_WriteArrayBlocking
 .text.Cy_SCB_SPI_Init
                0x10084aa4      0x268 .\CortexM4\ARM_GCC_541\Debug\cy_scb_spi.o
                0x10084aa4                Cy_SCB_SPI_Init
 .text.Cy_SCB_SPI_Disable
                0x10084d0c       0x24 .\CortexM4\ARM_GCC_541\Debug\cy_scb_spi.o
                0x10084d0c                Cy_SCB_SPI_Disable
 .text.Cy_SysInt_SetVector
                0x10084d30       0x48 .\CortexM4\ARM_GCC_541\Debug\cy_sysint.o
                0x10084d30                Cy_SysInt_SetVector
 .text.Cy_SysInt_Init
                0x10084d78       0x74 .\CortexM4\ARM_GCC_541\Debug\cy_sysint.o
                0x10084d78                Cy_SysInt_Init
 .text.Cy_SysLib_Delay
                0x10084dec       0x30 .\CortexM4\ARM_GCC_541\Debug\cy_syslib.o
                0x10084dec                Cy_SysLib_Delay
 .text.Cy_SysLib_DelayUs
                0x10084e1c       0x14 .\CortexM4\ARM_GCC_541\Debug\cy_syslib.o
                0x10084e1c                Cy_SysLib_DelayUs
 .text.Cy_SysLib_Halt
                0x10084e30        0x4 .\CortexM4\ARM_GCC_541\Debug\cy_syslib.o
                0x10084e30                Cy_SysLib_Halt
 .text.Cy_SysLib_AssertFailed
                0x10084e34       0x1c .\CortexM4\ARM_GCC_541\Debug\cy_syslib.o
                0x10084e34                Cy_SysLib_AssertFailed
 .text.Cy_SysLib_ProcessingFault
                0x10084e50        0x4 .\CortexM4\ARM_GCC_541\Debug\cy_syslib.o
                0x10084e50                Cy_SysLib_ProcessingFault
 .text.Cy_SysLib_FaultHandler
                0x10084e54       0xa4 .\CortexM4\ARM_GCC_541\Debug\cy_syslib.o
                0x10084e54                Cy_SysLib_FaultHandler
 .text          0x10084ef8       0x20 .\CortexM4\ARM_GCC_541\Debug\cy_syslib_gcc.o
                0x10084ef8                Cy_SysLib_DelayCycles
                0x10084f0a                Cy_SysLib_EnterCriticalSection
                0x10084f12                Cy_SysLib_ExitCriticalSection
 .text.Cy_TCPWM_Counter_Init
                0x10084f18      0x110 .\CortexM4\ARM_GCC_541\Debug\cy_tcpwm_counter.o
                0x10084f18                Cy_TCPWM_Counter_Init
 .text.Cy_PDL_Init
                0x10085028        0xc .\CortexM4\ARM_GCC_541\Debug\cy_device.o
                0x10085028                Cy_PDL_Init
 .text.vListInitialise
                0x10085034       0x18 .\CortexM4\ARM_GCC_541\Debug\list.o
                0x10085034                vListInitialise
 .text.vListInitialiseItem
                0x1008504c        0x8 .\CortexM4\ARM_GCC_541\Debug\list.o
                0x1008504c                vListInitialiseItem
 .text.vListInsertEnd
                0x10085054       0x18 .\CortexM4\ARM_GCC_541\Debug\list.o
                0x10085054                vListInsertEnd
 .text.vListInsert
                0x1008506c       0x34 .\CortexM4\ARM_GCC_541\Debug\list.o
                0x1008506c                vListInsert
 .text.uxListRemove
                0x100850a0       0x28 .\CortexM4\ARM_GCC_541\Debug\list.o
                0x100850a0                uxListRemove
 .text.prvGetDisinheritPriorityAfterTimeout
                0x100850c8       0x14 .\CortexM4\ARM_GCC_541\Debug\queue.o
 .text.prvIsQueueFull
                0x100850dc       0x20 .\CortexM4\ARM_GCC_541\Debug\queue.o
 .text.prvIsQueueEmpty
                0x100850fc       0x1c .\CortexM4\ARM_GCC_541\Debug\queue.o
 .text.prvCopyDataToQueue
                0x10085118       0x78 .\CortexM4\ARM_GCC_541\Debug\queue.o
 .text.prvCopyDataFromQueue
                0x10085190       0x24 .\CortexM4\ARM_GCC_541\Debug\queue.o
 .text.prvUnlockQueue
                0x100851b4       0x68 .\CortexM4\ARM_GCC_541\Debug\queue.o
 .text.xQueueGenericReset
                0x1008521c       0x80 .\CortexM4\ARM_GCC_541\Debug\queue.o
                0x1008521c                xQueueGenericReset
 .text.prvInitialiseNewQueue
                0x1008529c       0x1c .\CortexM4\ARM_GCC_541\Debug\queue.o
 .text.xQueueGenericCreate
                0x100852b8       0x4c .\CortexM4\ARM_GCC_541\Debug\queue.o
                0x100852b8                xQueueGenericCreate
 .text.xQueueGenericSend
                0x10085304      0x190 .\CortexM4\ARM_GCC_541\Debug\queue.o
                0x10085304                xQueueGenericSend
 .text.prvInitialiseMutex
                0x10085494       0x18 .\CortexM4\ARM_GCC_541\Debug\queue.o
 .text.xQueueCreateMutex
                0x100854ac       0x18 .\CortexM4\ARM_GCC_541\Debug\queue.o
                0x100854ac                xQueueCreateMutex
 .text.xQueueGenericSendFromISR
                0x100854c4       0xe4 .\CortexM4\ARM_GCC_541\Debug\queue.o
                0x100854c4                xQueueGenericSendFromISR
 .text.xQueueReceive
                0x100855a8      0x158 .\CortexM4\ARM_GCC_541\Debug\queue.o
                0x100855a8                xQueueReceive
 .text.xQueueSemaphoreTake
                0x10085700      0x190 .\CortexM4\ARM_GCC_541\Debug\queue.o
                0x10085700                xQueueSemaphoreTake
 .text.vQueueAddToRegistry
                0x10085890       0x28 .\CortexM4\ARM_GCC_541\Debug\queue.o
                0x10085890                vQueueAddToRegistry
 .text.vQueueWaitForMessageRestricted
                0x100858b8       0x4c .\CortexM4\ARM_GCC_541\Debug\queue.o
                0x100858b8                vQueueWaitForMessageRestricted
 .text.prvResetNextTaskUnblockTime
                0x10085904       0x2c .\CortexM4\ARM_GCC_541\Debug\tasks.o
 .text.prvDeleteTCB
                0x10085930       0x14 .\CortexM4\ARM_GCC_541\Debug\tasks.o
 .text.prvInitialiseNewTask
                0x10085944       0xac .\CortexM4\ARM_GCC_541\Debug\tasks.o
 .text.prvInitialiseTaskLists
                0x100859f0       0x58 .\CortexM4\ARM_GCC_541\Debug\tasks.o
 .text.prvAddNewTaskToReadyList
                0x10085a48       0xac .\CortexM4\ARM_GCC_541\Debug\tasks.o
 .text.prvCheckTasksWaitingTermination
                0x10085af4       0x44 .\CortexM4\ARM_GCC_541\Debug\tasks.o
 .text.prvIdleTask
                0x10085b38       0x28 .\CortexM4\ARM_GCC_541\Debug\tasks.o
 .text.prvAddCurrentTaskToDelayedList
                0x10085b60       0x68 .\CortexM4\ARM_GCC_541\Debug\tasks.o
 .text.xTaskCreate
                0x10085bc8       0x64 .\CortexM4\ARM_GCC_541\Debug\tasks.o
                0x10085bc8                xTaskCreate
 .text.vTaskStartScheduler
                0x10085c2c       0x7c .\CortexM4\ARM_GCC_541\Debug\tasks.o
                0x10085c2c                vTaskStartScheduler
 .text.vTaskSuspendAll
                0x10085ca8       0x14 .\CortexM4\ARM_GCC_541\Debug\tasks.o
                0x10085ca8                vTaskSuspendAll
 .text.xTaskGetTickCount
                0x10085cbc        0xc .\CortexM4\ARM_GCC_541\Debug\tasks.o
                0x10085cbc                xTaskGetTickCount
 .text.xTaskIncrementTick
                0x10085cc8       0xfc .\CortexM4\ARM_GCC_541\Debug\tasks.o
                0x10085cc8                xTaskIncrementTick
 .text.xTaskResumeAll
                0x10085dc4       0xf0 .\CortexM4\ARM_GCC_541\Debug\tasks.o
                0x10085dc4                xTaskResumeAll
 .text.vTaskDelay
                0x10085eb4       0x50 .\CortexM4\ARM_GCC_541\Debug\tasks.o
                0x10085eb4                vTaskDelay
 .text.vTaskSwitchContext
                0x10085f04       0xc8 .\CortexM4\ARM_GCC_541\Debug\tasks.o
                0x10085f04                vTaskSwitchContext
 .text.vTaskPlaceOnEventList
                0x10085fcc       0x34 .\CortexM4\ARM_GCC_541\Debug\tasks.o
                0x10085fcc                vTaskPlaceOnEventList
 .text.vTaskPlaceOnEventListRestricted
                0x10086000       0x3c .\CortexM4\ARM_GCC_541\Debug\tasks.o
                0x10086000                vTaskPlaceOnEventListRestricted
 .text.xTaskRemoveFromEventList
                0x1008603c       0x88 .\CortexM4\ARM_GCC_541\Debug\tasks.o
                0x1008603c                xTaskRemoveFromEventList
 .text.vTaskInternalSetTimeOutState
                0x100860c4       0x14 .\CortexM4\ARM_GCC_541\Debug\tasks.o
                0x100860c4                vTaskInternalSetTimeOutState
 .text.xTaskCheckForTimeOut
                0x100860d8       0x80 .\CortexM4\ARM_GCC_541\Debug\tasks.o
                0x100860d8                xTaskCheckForTimeOut
 .text.vTaskMissedYield
                0x10086158       0x10 .\CortexM4\ARM_GCC_541\Debug\tasks.o
                0x10086158                vTaskMissedYield
 .text.xTaskGetCurrentTaskHandle
                0x10086168        0xc .\CortexM4\ARM_GCC_541\Debug\tasks.o
                0x10086168                xTaskGetCurrentTaskHandle
 .text.xTaskGetSchedulerState
                0x10086174       0x20 .\CortexM4\ARM_GCC_541\Debug\tasks.o
                0x10086174                xTaskGetSchedulerState
 .text.xTaskPriorityInherit
                0x10086194       0xa8 .\CortexM4\ARM_GCC_541\Debug\tasks.o
                0x10086194                xTaskPriorityInherit
 .text.xTaskPriorityDisinherit
                0x1008623c       0x94 .\CortexM4\ARM_GCC_541\Debug\tasks.o
                0x1008623c                xTaskPriorityDisinherit
 .text.vTaskPriorityDisinheritAfterTimeout
                0x100862d0       0xac .\CortexM4\ARM_GCC_541\Debug\tasks.o
                0x100862d0                vTaskPriorityDisinheritAfterTimeout
 .text.pvTaskIncrementMutexHeldCount
                0x1008637c       0x20 .\CortexM4\ARM_GCC_541\Debug\tasks.o
                0x1008637c                pvTaskIncrementMutexHeldCount
 .text.prvGetNextExpireTime
                0x1008639c       0x20 .\CortexM4\ARM_GCC_541\Debug\timers.o
 .text.prvInsertTimerInActiveList
                0x100863bc       0x44 .\CortexM4\ARM_GCC_541\Debug\timers.o
 .text.prvCheckForValidListAndQueue
                0x10086400       0x48 .\CortexM4\ARM_GCC_541\Debug\timers.o
 .text.xTimerCreateTimerTask
                0x10086448       0x50 .\CortexM4\ARM_GCC_541\Debug\timers.o
                0x10086448                xTimerCreateTimerTask
 .text.xTimerGenericCommand
                0x10086498       0x6c .\CortexM4\ARM_GCC_541\Debug\timers.o
                0x10086498                xTimerGenericCommand
 .text.prvSwitchTimerLists
                0x10086504       0x74 .\CortexM4\ARM_GCC_541\Debug\timers.o
 .text.prvSampleTimeNow
                0x10086578       0x2c .\CortexM4\ARM_GCC_541\Debug\timers.o
 .text.prvProcessExpiredTimer
                0x100865a4       0x5c .\CortexM4\ARM_GCC_541\Debug\timers.o
 .text.prvProcessTimerOrBlockTask
                0x10086600       0x70 .\CortexM4\ARM_GCC_541\Debug\timers.o
 .text.prvProcessReceivedCommands
                0x10086670       0xbc .\CortexM4\ARM_GCC_541\Debug\timers.o
 .text.prvTimerTask
                0x1008672c       0x18 .\CortexM4\ARM_GCC_541\Debug\timers.o
 .text.prvTaskExitError
                0x10086744       0x40 .\CortexM4\ARM_GCC_541\Debug\port.o
 .text.prvPortStartFirstTask
                0x10086784       0x28 .\CortexM4\ARM_GCC_541\Debug\port.o
 .text.vPortEnableVFP
                0x100867ac       0x14 .\CortexM4\ARM_GCC_541\Debug\port.o
 .text.pxPortInitialiseStack
                0x100867c0       0x2c .\CortexM4\ARM_GCC_541\Debug\port.o
                0x100867c0                pxPortInitialiseStack
 *fill*         0x100867ec        0x4 
 .text.SVC_Handler
                0x100867f0       0x24 .\CortexM4\ARM_GCC_541\Debug\port.o
                0x100867f0                SVC_Handler
 .text.vPortEnterCritical
                0x10086814       0x44 .\CortexM4\ARM_GCC_541\Debug\port.o
                0x10086814                vPortEnterCritical
 .text.vPortExitCritical
                0x10086858       0x2c .\CortexM4\ARM_GCC_541\Debug\port.o
                0x10086858                vPortExitCritical
 *fill*         0x10086884        0xc 
 .text.PendSV_Handler
                0x10086890       0x64 .\CortexM4\ARM_GCC_541\Debug\port.o
                0x10086890                PendSV_Handler
 .text.SysTick_Handler
                0x100868f4       0x2c .\CortexM4\ARM_GCC_541\Debug\port.o
                0x100868f4                SysTick_Handler
 .text.vPortSetupTimerInterrupt
                0x10086920       0x38 .\CortexM4\ARM_GCC_541\Debug\port.o
                0x10086920                vPortSetupTimerInterrupt
 .text.xPortStartScheduler
                0x10086958       0xc4 .\CortexM4\ARM_GCC_541\Debug\port.o
                0x10086958                xPortStartScheduler
 .text.vPortValidateInterruptPriority
                0x10086a1c       0x58 .\CortexM4\ARM_GCC_541\Debug\port.o
                0x10086a1c                vPortValidateInterruptPriority
 .text.vApplicationStackOverflowHook
                0x10086a74       0x24 .\CortexM4\ARM_GCC_541\Debug\port.o
                0x10086a74                vApplicationStackOverflowHook
 .text.pvPortMalloc
                0x10086a98       0x60 .\CortexM4\ARM_GCC_541\Debug\heap_1.o
                0x10086a98                pvPortMalloc
 .text.vPortFree
                0x10086af8       0x18 .\CortexM4\ARM_GCC_541\Debug\heap_1.o
                0x10086af8                vPortFree
 .text.Gesture_ApplyMasks
                0x10086b10       0x84 C:\Program Files (x86)\Cypress\PSoC Creator\4.4\PSoC Creator\psoc\content\CyComponentLibrary\CyComponentLibrary.cylib\CapSense_TMG_v2_0\Library\Gestures_GCC_M4.a(Gesture.o)
 .text.Gesture_FindDirection8way
                0x10086b94       0x7c C:\Program Files (x86)\Cypress\PSoC Creator\4.4\PSoC Creator\psoc\content\CyComponentLibrary\CyComponentLibrary.cylib\CapSense_TMG_v2_0\Library\Gestures_GCC_M4.a(Gesture.o)
 .text.Gesture_UpdateLastReportedGestureID
                0x10086c10        0xc C:\Program Files (x86)\Cypress\PSoC Creator\4.4\PSoC Creator\psoc\content\CyComponentLibrary\CyComponentLibrary.cylib\CapSense_TMG_v2_0\Library\Gestures_GCC_M4.a(Gesture.o)
                0x10086c10                Gesture_UpdateLastReportedGestureID
 .text.Gesture_DecodeFlick
                0x10086c1c       0x5c C:\Program Files (x86)\Cypress\PSoC Creator\4.4\PSoC Creator\psoc\content\CyComponentLibrary\CyComponentLibrary.cylib\CapSense_TMG_v2_0\Library\Gestures_GCC_M4.a(Gesture.o)
                0x10086c1c                Gesture_DecodeFlick
 .text.Gesture_CalculateDTCoordinateCenter
                0x10086c78       0x28 C:\Program Files (x86)\Cypress\PSoC Creator\4.4\PSoC Creator\psoc\content\CyComponentLibrary\CyComponentLibrary.cylib\CapSense_TMG_v2_0\Library\Gestures_GCC_M4.a(Gesture.o)
                0x10086c78                Gesture_CalculateDTCoordinateCenter
 .text.Gesture_UpdatePreviousCoordinatesForFinger1
                0x10086ca0       0x24 C:\Program Files (x86)\Cypress\PSoC Creator\4.4\PSoC Creator\psoc\content\CyComponentLibrary\CyComponentLibrary.cylib\CapSense_TMG_v2_0\Library\Gestures_GCC_M4.a(Gesture.o)
                0x10086ca0                Gesture_UpdatePreviousCoordinatesForFinger1
 .text.Gesture_PostProcessSTGestures
                0x10086cc4       0x4c C:\Program Files (x86)\Cypress\PSoC Creator\4.4\PSoC Creator\psoc\content\CyComponentLibrary\CyComponentLibrary.cylib\CapSense_TMG_v2_0\Library\Gestures_GCC_M4.a(Gesture.o)
                0x10086cc4                Gesture_PostProcessSTGestures
 .text.Gesture_UpdatePreviousCoordinatesForFinger2
                0x10086d10       0x24 C:\Program Files (x86)\Cypress\PSoC Creator\4.4\PSoC Creator\psoc\content\CyComponentLibrary\CyComponentLibrary.cylib\CapSense_TMG_v2_0\Library\Gestures_GCC_M4.a(Gesture.o)
                0x10086d10                Gesture_UpdatePreviousCoordinatesForFinger2
 .text.Gesture_UpdateGestureCounter
                0x10086d34       0x24 C:\Program Files (x86)\Cypress\PSoC Creator\4.4\PSoC Creator\psoc\content\CyComponentLibrary\CyComponentLibrary.cylib\CapSense_TMG_v2_0\Library\Gestures_GCC_M4.a(Gesture.o)
                0x10086d34                Gesture_UpdateGestureCounter
 .text.Gesture_DetermineDirection
                0x10086d58       0xc0 C:\Program Files (x86)\Cypress\PSoC Creator\4.4\PSoC Creator\psoc\content\CyComponentLibrary\CyComponentLibrary.cylib\CapSense_TMG_v2_0\Library\Gestures_GCC_M4.a(Gesture.o)
                0x10086d58                Gesture_DetermineDirection
 .text.Gesture_ApplyWholeMask
                0x10086e18       0x60 C:\Program Files (x86)\Cypress\PSoC Creator\4.4\PSoC Creator\psoc\content\CyComponentLibrary\CyComponentLibrary.cylib\CapSense_TMG_v2_0\Library\Gestures_GCC_M4.a(Gesture.o)
                0x10086e18                Gesture_ApplyWholeMask
 .text.Gesture_PreprocessGestures
                0x10086e78      0x27c C:\Program Files (x86)\Cypress\PSoC Creator\4.4\PSoC Creator\psoc\content\CyComponentLibrary\CyComponentLibrary.cylib\CapSense_TMG_v2_0\Library\Gestures_GCC_M4.a(Gesture.o)
                0x10086e78                Gesture_PreprocessGestures
 .text.Gesture_DecodeTouchdownAndLiftoff
                0x100870f4       0x18 C:\Program Files (x86)\Cypress\PSoC Creator\4.4\PSoC Creator\psoc\content\CyComponentLibrary\CyComponentLibrary.cylib\CapSense_TMG_v2_0\Library\Gestures_GCC_M4.a(Gesture.o)
                0x100870f4                Gesture_DecodeTouchdownAndLiftoff
 .text.Gesture_GeneralSTGesturesPostProcess
                0x1008710c       0x94 C:\Program Files (x86)\Cypress\PSoC Creator\4.4\PSoC Creator\psoc\content\CyComponentLibrary\CyComponentLibrary.cylib\CapSense_TMG_v2_0\Library\Gestures_GCC_M4.a(Gesture.o)
                0x1008710c                Gesture_GeneralSTGesturesPostProcess
 .text.Gesture_DecodeFlickGestures
                0x100871a0      0x114 C:\Program Files (x86)\Cypress\PSoC Creator\4.4\PSoC Creator\psoc\content\CyComponentLibrary\CyComponentLibrary.cylib\CapSense_TMG_v2_0\Library\Gestures_GCC_M4.a(Gesture.o)
                0x100871a0                Gesture_DecodeFlickGestures
 .text.Gesture_Init
                0x100872b4       0x80 C:\Program Files (x86)\Cypress\PSoC Creator\4.4\PSoC Creator\psoc\content\CyComponentLibrary\CyComponentLibrary.cylib\CapSense_TMG_v2_0\Library\Gestures_GCC_M4.a(Gesture.o)
                0x100872b4                Gesture_Init
 .text.SmartSense_TunePrescalers
                0x10087334       0x4c C:\Program Files (x86)\Cypress\PSoC Creator\4.4\PSoC Creator\psoc\content\CyComponentLibrary\CyComponentLibrary.cylib\CapSense_v3_0\Library\CapSense_Library_GCC_M4.a(CapSense_SmartSense_LL.o)
                0x10087334                SmartSense_TunePrescalers
 .text.SmartSense_TuneSensitivity
                0x10087380       0x64 C:\Program Files (x86)\Cypress\PSoC Creator\4.4\PSoC Creator\psoc\content\CyComponentLibrary\CyComponentLibrary.cylib\CapSense_v3_0\Library\CapSense_Library_GCC_M4.a(CapSense_SmartSense_LL.o)
                0x10087380                SmartSense_TuneSensitivity
 .text.SmartSense_UpdateThresholds
                0x100873e4       0x38 C:\Program Files (x86)\Cypress\PSoC Creator\4.4\PSoC Creator\psoc\content\CyComponentLibrary\CyComponentLibrary.cylib\CapSense_v3_0\Library\CapSense_Library_GCC_M4.a(CapSense_SmartSense_SL.o)
                0x100873e4                SmartSense_UpdateThresholds
 .text.SmartSense_InitializeNoiseEnvelope
                0x1008741c       0x18 C:\Program Files (x86)\Cypress\PSoC Creator\4.4\PSoC Creator\psoc\content\CyComponentLibrary\CyComponentLibrary.cylib\CapSense_v3_0\Library\CapSense_Library_GCC_M4.a(CapSense_SmartSense_SL.o)
                0x1008741c                SmartSense_InitializeNoiseEnvelope
 .text.SmartSense_RunNoiseEnvelope
                0x10087434       0x8a C:\Program Files (x86)\Cypress\PSoC Creator\4.4\PSoC Creator\psoc\content\CyComponentLibrary\CyComponentLibrary.cylib\CapSense_v3_0\Library\CapSense_Library_GCC_M4.a(CapSense_SmartSense_SL.o)
                0x10087434                SmartSense_RunNoiseEnvelope
 *fill*         0x100874be        0x2 
 .text.GUI_DrawRect
                0x100874c0       0x84 Generated_Source\PSoC6\pdl\middleware\emWin\libs\GCC\libemWin_osnts_gcc.a(GUI_2DLib.o)
                0x100874c0                GUI_DrawRect
 .text._PushFreeBlock
                0x10087544       0x20 Generated_Source\PSoC6\pdl\middleware\emWin\libs\GCC\libemWin_osnts_gcc.a(GUI_Alloc.o)
 .text._RemoveFreeBlock
                0x10087564       0x44 Generated_Source\PSoC6\pdl\middleware\emWin\libs\GCC\libemWin_osnts_gcc.a(GUI_Alloc.o)
 .text._AddFreeMemory
                0x100875a8       0xa8 Generated_Source\PSoC6\pdl\middleware\emWin\libs\GCC\libemWin_osnts_gcc.a(GUI_Alloc.o)
 .text._RemoveHoles
                0x10087650       0x94 Generated_Source\PSoC6\pdl\middleware\emWin\libs\GCC\libemWin_osnts_gcc.a(GUI_Alloc.o)
 .text.GUI_ALLOC_FreeFixedBlock
                0x100876e4       0x18 Generated_Source\PSoC6\pdl\middleware\emWin\libs\GCC\libemWin_osnts_gcc.a(GUI_Alloc.o)
                0x100876e4                GUI_ALLOC_FreeFixedBlock
 .text.GUI_ALLOC_h2p
                0x100876fc       0x14 Generated_Source\PSoC6\pdl\middleware\emWin\libs\GCC\libemWin_osnts_gcc.a(GUI_Alloc.o)
                0x100876fc                GUI_ALLOC_h2p
 .text.GUI_ALLOC_LockH
                0x10087710       0x20 Generated_Source\PSoC6\pdl\middleware\emWin\libs\GCC\libemWin_osnts_gcc.a(GUI_Alloc.o)
                0x10087710                GUI_ALLOC_LockH
 .text.GUI_ALLOC_UnlockH
                0x10087730       0x30 Generated_Source\PSoC6\pdl\middleware\emWin\libs\GCC\libemWin_osnts_gcc.a(GUI_Alloc.o)
                0x10087730                GUI_ALLOC_UnlockH
 .text.GUI_ALLOC_AssignMemory
                0x10087760       0x10 Generated_Source\PSoC6\pdl\middleware\emWin\libs\GCC\libemWin_osnts_gcc.a(GUI_Alloc.o)
                0x10087760                GUI_ALLOC_AssignMemory
 .text.GUI_ALLOC_Free
                0x10087770       0x2c Generated_Source\PSoC6\pdl\middleware\emWin\libs\GCC\libemWin_osnts_gcc.a(GUI_Alloc.o)
                0x10087770                GUI_ALLOC_Free
 .text._EnlargeBlocks
                0x1008779c       0x98 Generated_Source\PSoC6\pdl\middleware\emWin\libs\GCC\libemWin_osnts_gcc.a(GUI_Alloc.o)
 .text._InitOnce
                0x10087834       0x6c Generated_Source\PSoC6\pdl\middleware\emWin\libs\GCC\libemWin_osnts_gcc.a(GUI_Alloc.o)
 .text.GUI_ALLOC_GetFixedBlock
                0x100878a0       0xb8 Generated_Source\PSoC6\pdl\middleware\emWin\libs\GCC\libemWin_osnts_gcc.a(GUI_Alloc.o)
                0x100878a0                GUI_ALLOC_GetFixedBlock
 .text._Alloc   0x10087958      0x100 Generated_Source\PSoC6\pdl\middleware\emWin\libs\GCC\libemWin_osnts_gcc.a(GUI_Alloc.o)
 .text.GUI_ALLOC_AllocNoInit
                0x10087a58       0x1e Generated_Source\PSoC6\pdl\middleware\emWin\libs\GCC\libemWin_osnts_gcc.a(GUI_Alloc.o)
                0x10087a58                GUI_ALLOC_AllocNoInit
 *fill*         0x10087a76        0x2 
 .text.GUI_ALLOC_AllocZero
                0x10087a78       0x34 Generated_Source\PSoC6\pdl\middleware\emWin\libs\GCC\libemWin_osnts_gcc.a(GUI_Alloc.o)
                0x10087a78                GUI_ALLOC_AllocZero
 .text.GUIMONO_DispChar
                0x10087aac      0x14c Generated_Source\PSoC6\pdl\middleware\emWin\libs\GCC\libemWin_osnts_gcc.a(GUI_CharM.o)
                0x10087aac                GUIMONO_DispChar
 .text.GUIMONO_GetCharDistX
                0x10087bf8       0x18 Generated_Source\PSoC6\pdl\middleware\emWin\libs\GCC\libemWin_osnts_gcc.a(GUI_CharM.o)
                0x10087bf8                GUIMONO_GetCharDistX
 .text.GUIMONO_GetFontInfo
                0x10087c10        0x6 Generated_Source\PSoC6\pdl\middleware\emWin\libs\GCC\libemWin_osnts_gcc.a(GUI_CharM.o)
                0x10087c10                GUIMONO_GetFontInfo
 .text.GUIMONO_IsInFont
                0x10087c16       0x36 Generated_Source\PSoC6\pdl\middleware\emWin\libs\GCC\libemWin_osnts_gcc.a(GUI_CharM.o)
                0x10087c16                GUIMONO_IsInFont
 .text.GUIPROP__FindChar
                0x10087c4c       0x16 Generated_Source\PSoC6\pdl\middleware\emWin\libs\GCC\libemWin_osnts_gcc.a(GUI_CharP.o)
                0x10087c4c                GUIPROP__FindChar
 *fill*         0x10087c62        0x2 
 .text.GUIPROP_DispChar
                0x10087c64       0xd4 Generated_Source\PSoC6\pdl\middleware\emWin\libs\GCC\libemWin_osnts_gcc.a(GUI_CharP.o)
                0x10087c64                GUIPROP_DispChar
 .text.GUIPROP_GetCharDistX
                0x10087d38       0x38 Generated_Source\PSoC6\pdl\middleware\emWin\libs\GCC\libemWin_osnts_gcc.a(GUI_CharP.o)
                0x10087d38                GUIPROP_GetCharDistX
 .text.GUIPROP_GetFontInfo
                0x10087d70        0x6 Generated_Source\PSoC6\pdl\middleware\emWin\libs\GCC\libemWin_osnts_gcc.a(GUI_CharP.o)
                0x10087d70                GUIPROP_GetFontInfo
 .text.GUIPROP_IsInFont
                0x10087d76       0x10 Generated_Source\PSoC6\pdl\middleware\emWin\libs\GCC\libemWin_osnts_gcc.a(GUI_CharP.o)
                0x10087d76                GUIPROP_IsInFont
 *fill*         0x10087d86        0x2 
 .text.Draw8Point
                0x10087d88       0xa0 Generated_Source\PSoC6\pdl\middleware\emWin\libs\GCC\libemWin_osnts_gcc.a(GUI_Circ.o)
 .text.GL_DrawCircle
                0x10087e28       0x70 Generated_Source\PSoC6\pdl\middleware\emWin\libs\GCC\libemWin_osnts_gcc.a(GUI_Circ.o)
                0x10087e28                GL_DrawCircle
 .text.GUI_DrawCircle
                0x10087e98       0x54 Generated_Source\PSoC6\pdl\middleware\emWin\libs\GCC\libemWin_osnts_gcc.a(GUI_Circ.o)
                0x10087e98                GUI_DrawCircle
 .text.GL_FillCircle
                0x10087eec       0xcc Generated_Source\PSoC6\pdl\middleware\emWin\libs\GCC\libemWin_osnts_gcc.a(GUI_Circ.o)
                0x10087eec                GL_FillCircle
 .text.GUI_CalcColorDist
                0x10087fb8       0x54 Generated_Source\PSoC6\pdl\middleware\emWin\libs\GCC\libemWin_osnts_gcc.a(GUI_Common.o)
                0x10087fb8                GUI_CalcColorDist
 .text.GUI_GetBkColor
                0x1008800c       0x18 Generated_Source\PSoC6\pdl\middleware\emWin\libs\GCC\libemWin_osnts_gcc.a(GUI_Common.o)
                0x1008800c                GUI_GetBkColor
 .text.GUI_GetColor
                0x10088024       0x18 Generated_Source\PSoC6\pdl\middleware\emWin\libs\GCC\libemWin_osnts_gcc.a(GUI_Common.o)
                0x10088024                GUI_GetColor
 .text.GUI_MergeRect
                0x1008803c       0x62 Generated_Source\PSoC6\pdl\middleware\emWin\libs\GCC\libemWin_osnts_gcc.a(GUI_Common.o)
                0x1008803c                GUI_MergeRect
 .text.GUI_MoveRect
                0x1008809e       0x22 Generated_Source\PSoC6\pdl\middleware\emWin\libs\GCC\libemWin_osnts_gcc.a(GUI_Common.o)
                0x1008809e                GUI_MoveRect
 .text.GUI_GotoXY
                0x100880c0       0x20 Generated_Source\PSoC6\pdl\middleware\emWin\libs\GCC\libemWin_osnts_gcc.a(GUI_Common.o)
                0x100880c0                GUI_GotoXY
 .text.GUI_SetPenSize
                0x100880e0       0x1c Generated_Source\PSoC6\pdl\middleware\emWin\libs\GCC\libemWin_osnts_gcc.a(GUI_Common.o)
                0x100880e0                GUI_SetPenSize
 .text.GUI_RectsIntersect
                0x100880fc       0x3c Generated_Source\PSoC6\pdl\middleware\emWin\libs\GCC\libemWin_osnts_gcc.a(GUI_Common.o)
                0x100880fc                GUI_RectsIntersect
 .text.GUI_SelectLCD
                0x10088138       0x18 Generated_Source\PSoC6\pdl\middleware\emWin\libs\GCC\libemWin_osnts_gcc.a(GUI_Common.o)
                0x10088138                GUI_SelectLCD
 .text.GUI_SetBkColor
                0x10088150       0x14 Generated_Source\PSoC6\pdl\middleware\emWin\libs\GCC\libemWin_osnts_gcc.a(GUI_Common.o)
                0x10088150                GUI_SetBkColor
 .text.GUI_SetColor
                0x10088164       0x14 Generated_Source\PSoC6\pdl\middleware\emWin\libs\GCC\libemWin_osnts_gcc.a(GUI_Common.o)
                0x10088164                GUI_SetColor
 .text.GUI_SetFont
                0x10088178       0x20 Generated_Source\PSoC6\pdl\middleware\emWin\libs\GCC\libemWin_osnts_gcc.a(GUI_Common.o)
                0x10088178                GUI_SetFont
 .text.GUI_SetOrg
                0x10088198       0x40 Generated_Source\PSoC6\pdl\middleware\emWin\libs\GCC\libemWin_osnts_gcc.a(GUI_Common.o)
                0x10088198                GUI_SetOrg
 .text.GUI_SetTextAlign
                0x100881d8       0x20 Generated_Source\PSoC6\pdl\middleware\emWin\libs\GCC\libemWin_osnts_gcc.a(GUI_Common.o)
                0x100881d8                GUI_SetTextAlign
 .text._OnExit  0x100881f8       0x44 Generated_Source\PSoC6\pdl\middleware\emWin\libs\GCC\libemWin_osnts_gcc.a(GUI_Core.o)
 .text.GUI_SetDefaultFont
                0x1008823c        0xc Generated_Source\PSoC6\pdl\middleware\emWin\libs\GCC\libemWin_osnts_gcc.a(GUI_Core.o)
                0x1008823c                GUI_SetDefaultFont
 .text.GUI_ClearRect
                0x10088248       0x64 Generated_Source\PSoC6\pdl\middleware\emWin\libs\GCC\libemWin_osnts_gcc.a(GUI_Core.o)
                0x10088248                GUI_ClearRect
 .text.GUI_Clear
                0x100882ac       0x20 Generated_Source\PSoC6\pdl\middleware\emWin\libs\GCC\libemWin_osnts_gcc.a(GUI_Core.o)
                0x100882ac                GUI_Clear
 .text.GUI__RegisterExit
                0x100882cc       0x10 Generated_Source\PSoC6\pdl\middleware\emWin\libs\GCC\libemWin_osnts_gcc.a(GUI_Core.o)
                0x100882cc                GUI__RegisterExit
 .text.GUI__Config
                0x100882dc       0x34 Generated_Source\PSoC6\pdl\middleware\emWin\libs\GCC\libemWin_osnts_gcc.a(GUI_Core.o)
                0x100882dc                GUI__Config
 .text.GUI_Init
                0x10088310       0xfc Generated_Source\PSoC6\pdl\middleware\emWin\libs\GCC\libemWin_osnts_gcc.a(GUI_Core.o)
                0x10088310                GUI_Init
 .text.GUI_DEVICE__GetpDriver
                0x1008840c       0x24 Generated_Source\PSoC6\pdl\middleware\emWin\libs\GCC\libemWin_osnts_gcc.a(GUI_Device.o)
                0x1008840c                GUI_DEVICE__GetpDriver
 .text.GUI_DEVICE_Delete
                0x10088430        0x8 Generated_Source\PSoC6\pdl\middleware\emWin\libs\GCC\libemWin_osnts_gcc.a(GUI_Device.o)
                0x10088430                GUI_DEVICE_Delete
 .text.GUI_DEVICE_Create
                0x10088438       0x50 Generated_Source\PSoC6\pdl\middleware\emWin\libs\GCC\libemWin_osnts_gcc.a(GUI_Device.o)
                0x10088438                GUI_DEVICE_Create
 .text.GUI_DEVICE_Unlink
                0x10088488       0x38 Generated_Source\PSoC6\pdl\middleware\emWin\libs\GCC\libemWin_osnts_gcc.a(GUI_Device.o)
                0x10088488                GUI_DEVICE_Unlink
 .text.GUI_DEVICE_Link
                0x100884c0       0x8c Generated_Source\PSoC6\pdl\middleware\emWin\libs\GCC\libemWin_osnts_gcc.a(GUI_Device.o)
                0x100884c0                GUI_DEVICE_Link
 .text.GUI_DEVICE_CreateAndLink
                0x1008854c       0x2c Generated_Source\PSoC6\pdl\middleware\emWin\libs\GCC\libemWin_osnts_gcc.a(GUI_Device.o)
                0x1008854c                GUI_DEVICE_CreateAndLink
 .text.GUI_DEVICE_UnlinkTaskDevices
                0x10088578        0x4 Generated_Source\PSoC6\pdl\middleware\emWin\libs\GCC\libemWin_osnts_gcc.a(GUI_Device.o)
                0x10088578                GUI_DEVICE_UnlinkTaskDevices
 .text.GUI_DEVICE_LinkDevices
                0x1008857c       0x12 Generated_Source\PSoC6\pdl\middleware\emWin\libs\GCC\libemWin_osnts_gcc.a(GUI_Device.o)
                0x1008857c                GUI_DEVICE_LinkDevices
 *fill*         0x1008858e        0x2 
 .text.GUI_DispString
                0x10088590      0x118 Generated_Source\PSoC6\pdl\middleware\emWin\libs\GCC\libemWin_osnts_gcc.a(GUI_DispString.o)
                0x10088590                GUI_DispString
 .text.GUI_DispStringAt
                0x100886a8       0x24 Generated_Source\PSoC6\pdl\middleware\emWin\libs\GCC\libemWin_osnts_gcc.a(GUI_DispString.o)
                0x100886a8                GUI_DispStringAt
 .text.GUI_DrawGraph
                0x100886cc       0xfc Generated_Source\PSoC6\pdl\middleware\emWin\libs\GCC\libemWin_osnts_gcc.a(GUI_DrawGraph.o)
                0x100886cc                GUI_DrawGraph
 .text._SetLineColor
                0x100887c8       0x8c Generated_Source\PSoC6\pdl\middleware\emWin\libs\GCC\libemWin_osnts_gcc.a(GUI_DrawLine.o)
 .text.GUI_sin  0x10088854       0x5c Generated_Source\PSoC6\pdl\middleware\emWin\libs\GCC\libemWin_osnts_gcc.a(GUI_DrawLine.o)
                0x10088854                GUI_sin
 .text.GUI_cos  0x100888b0        0xe Generated_Source\PSoC6\pdl\middleware\emWin\libs\GCC\libemWin_osnts_gcc.a(GUI_DrawLine.o)
                0x100888b0                GUI_cos
 *fill*         0x100888be        0x2 
 .text.GL_DrawLine1Ex
                0x100888c0      0x1a8 Generated_Source\PSoC6\pdl\middleware\emWin\libs\GCC\libemWin_osnts_gcc.a(GUI_DrawLine.o)
                0x100888c0                GL_DrawLine1Ex
 .text.GL_DrawLineEx
                0x10088a68      0x19c Generated_Source\PSoC6\pdl\middleware\emWin\libs\GCC\libemWin_osnts_gcc.a(GUI_DrawLine.o)
                0x10088a68                GL_DrawLineEx
 .text.GL_DrawLine
                0x10088c04       0x10 Generated_Source\PSoC6\pdl\middleware\emWin\libs\GCC\libemWin_osnts_gcc.a(GUI_DrawLine.o)
                0x10088c04                GL_DrawLine
 .text.GUI_DrawLine
                0x10088c14       0x40 Generated_Source\PSoC6\pdl\middleware\emWin\libs\GCC\libemWin_osnts_gcc.a(GUI_DrawLine.o)
                0x10088c14                GUI_DrawLine
 .text._Add     0x10088c54       0x4c Generated_Source\PSoC6\pdl\middleware\emWin\libs\GCC\libemWin_osnts_gcc.a(GUI_FillPolygon.o)
 .text.GL_FillPolygon
                0x10088ca0      0x1d4 Generated_Source\PSoC6\pdl\middleware\emWin\libs\GCC\libemWin_osnts_gcc.a(GUI_FillPolygon.o)
                0x10088ca0                GL_FillPolygon
 .text.GUI_StoreKey
                0x10088e74       0x18 Generated_Source\PSoC6\pdl\middleware\emWin\libs\GCC\libemWin_osnts_gcc.a(GUI_OnKey.o)
                0x10088e74                GUI_StoreKey
 .text._GetTaskNo
                0x10088e8c       0x40 Generated_Source\PSoC6\pdl\middleware\emWin\libs\GCC\libemWin_osnts_gcc.a(GUI_Task.o)
 .text._OnExit  0x10088ecc       0x14 Generated_Source\PSoC6\pdl\middleware\emWin\libs\GCC\libemWin_osnts_gcc.a(GUI_Task.o)
 .text.GUI_Unlock
                0x10088ee0       0x18 Generated_Source\PSoC6\pdl\middleware\emWin\libs\GCC\libemWin_osnts_gcc.a(GUI_Task.o)
                0x10088ee0                GUI_Unlock
 .text.GUI_Lock
                0x10088ef8       0x70 Generated_Source\PSoC6\pdl\middleware\emWin\libs\GCC\libemWin_osnts_gcc.a(GUI_Task.o)
                0x10088ef8                GUI_Lock
 .text.GUITASK_Init
                0x10088f68       0x4c Generated_Source\PSoC6\pdl\middleware\emWin\libs\GCC\libemWin_osnts_gcc.a(GUI_Task.o)
                0x10088f68                GUITASK_Init
 .text.GUITASK_CopyContext
                0x10088fb4       0x5c Generated_Source\PSoC6\pdl\middleware\emWin\libs\GCC\libemWin_osnts_gcc.a(GUI_Task.o)
                0x10088fb4                GUITASK_CopyContext
 .text.GUI_UC__GetCharCodeInc
                0x10089010       0x28 Generated_Source\PSoC6\pdl\middleware\emWin\libs\GCC\libemWin_osnts_gcc.a(GUI_UC.o)
                0x10089010                GUI_UC__GetCharCodeInc
 .text.GUI_UC__NumChars2NumBytes
                0x10089038       0x28 Generated_Source\PSoC6\pdl\middleware\emWin\libs\GCC\libemWin_osnts_gcc.a(GUI_UC.o)
                0x10089038                GUI_UC__NumChars2NumBytes
 .text._GetCharCode
                0x10089060        0x4 Generated_Source\PSoC6\pdl\middleware\emWin\libs\GCC\libemWin_osnts_gcc.a(GUI_UC_EncodeNone.o)
 .text._GetCharSize
                0x10089064        0x4 Generated_Source\PSoC6\pdl\middleware\emWin\libs\GCC\libemWin_osnts_gcc.a(GUI_UC_EncodeNone.o)
 .text._CalcSizeOfChar
                0x10089068        0x4 Generated_Source\PSoC6\pdl\middleware\emWin\libs\GCC\libemWin_osnts_gcc.a(GUI_UC_EncodeNone.o)
 .text._Encode  0x1008906c        0x6 Generated_Source\PSoC6\pdl\middleware\emWin\libs\GCC\libemWin_osnts_gcc.a(GUI_UC_EncodeNone.o)
 *fill*         0x10089072        0x2 
 .text.GUI_SignalEvent
                0x10089074       0x14 Generated_Source\PSoC6\pdl\middleware\emWin\libs\GCC\libemWin_osnts_gcc.a(GUI_WaitEvent.o)
                0x10089074                GUI_SignalEvent
 .text.LCD_Color2Index_1
                0x10089088       0x28 Generated_Source\PSoC6\pdl\middleware\emWin\libs\GCC\libemWin_osnts_gcc.a(GUICC_1.o)
 .text._Index2Color_1
                0x100890b0        0xc Generated_Source\PSoC6\pdl\middleware\emWin\libs\GCC\libemWin_osnts_gcc.a(GUICC_1.o)
 .text._GetIndexMask_1
                0x100890bc        0x4 Generated_Source\PSoC6\pdl\middleware\emWin\libs\GCC\libemWin_osnts_gcc.a(GUICC_1.o)
 .text._SetPixelIndex
                0x100890c0       0x80 Generated_Source\PSoC6\pdl\middleware\emWin\libs\GCC\libemWin_osnts_gcc.a(GUIDRV_BitPlains.o)
 .text._GetPixelIndex
                0x10089140       0x5c Generated_Source\PSoC6\pdl\middleware\emWin\libs\GCC\libemWin_osnts_gcc.a(GUIDRV_BitPlains.o)
 .text._XorPixel
                0x1008919c       0x24 Generated_Source\PSoC6\pdl\middleware\emWin\libs\GCC\libemWin_osnts_gcc.a(GUIDRV_BitPlains.o)
 .text._DrawHLine
                0x100891c0      0x2b0 Generated_Source\PSoC6\pdl\middleware\emWin\libs\GCC\libemWin_osnts_gcc.a(GUIDRV_BitPlains.o)
 .text._FillRect
                0x10089470       0x22 Generated_Source\PSoC6\pdl\middleware\emWin\libs\GCC\libemWin_osnts_gcc.a(GUIDRV_BitPlains.o)
 .text._GetRect
                0x10089492       0x16 Generated_Source\PSoC6\pdl\middleware\emWin\libs\GCC\libemWin_osnts_gcc.a(GUIDRV_BitPlains.o)
 .text._GetDevProp
                0x100894a8       0x46 Generated_Source\PSoC6\pdl\middleware\emWin\libs\GCC\libemWin_osnts_gcc.a(GUIDRV_BitPlains.o)
 *fill*         0x100894ee        0x2 
 .text._GetDevFunc
                0x100894f0       0x14 Generated_Source\PSoC6\pdl\middleware\emWin\libs\GCC\libemWin_osnts_gcc.a(GUIDRV_BitPlains.o)
 .text._GetDevData
                0x10089504       0x38 Generated_Source\PSoC6\pdl\middleware\emWin\libs\GCC\libemWin_osnts_gcc.a(GUIDRV_BitPlains.o)
 .text._Off     0x1008953c        0xe Generated_Source\PSoC6\pdl\middleware\emWin\libs\GCC\libemWin_osnts_gcc.a(GUIDRV_BitPlains.o)
 .text._On      0x1008954a        0xe Generated_Source\PSoC6\pdl\middleware\emWin\libs\GCC\libemWin_osnts_gcc.a(GUIDRV_BitPlains.o)
 .text._SetOrg  0x10089558       0x22 Generated_Source\PSoC6\pdl\middleware\emWin\libs\GCC\libemWin_osnts_gcc.a(GUIDRV_BitPlains.o)
 *fill*         0x1008957a        0x2 
 .text._DrawVLine
                0x1008957c       0x48 Generated_Source\PSoC6\pdl\middleware\emWin\libs\GCC\libemWin_osnts_gcc.a(GUIDRV_BitPlains.o)
 .text._DrawBitmap
                0x100895c4      0x8d8 Generated_Source\PSoC6\pdl\middleware\emWin\libs\GCC\libemWin_osnts_gcc.a(GUIDRV_BitPlains.o)
 .text._InitOnce.isra.2
                0x10089e9c       0x2c Generated_Source\PSoC6\pdl\middleware\emWin\libs\GCC\libemWin_osnts_gcc.a(GUIDRV_BitPlains.o)
 .text._Init    0x10089ec8       0x1a Generated_Source\PSoC6\pdl\middleware\emWin\libs\GCC\libemWin_osnts_gcc.a(GUIDRV_BitPlains.o)
 .text._SetSize
                0x10089ee2       0x3c Generated_Source\PSoC6\pdl\middleware\emWin\libs\GCC\libemWin_osnts_gcc.a(GUIDRV_BitPlains.o)
 .text._SetVSize
                0x10089f1e       0x1c Generated_Source\PSoC6\pdl\middleware\emWin\libs\GCC\libemWin_osnts_gcc.a(GUIDRV_BitPlains.o)
 .text._SetVRAMAddr
                0x10089f3a       0x40 Generated_Source\PSoC6\pdl\middleware\emWin\libs\GCC\libemWin_osnts_gcc.a(GUIDRV_BitPlains.o)
 .text.GUIDRV_BitPlains_Config
                0x10089f7a       0x18 Generated_Source\PSoC6\pdl\middleware\emWin\libs\GCC\libemWin_osnts_gcc.a(GUIDRV_BitPlains.o)
                0x10089f7a                GUIDRV_BitPlains_Config
 *fill*         0x10089f92        0x2 
 .text._SetDrawMode
                0x10089f94       0x28 Generated_Source\PSoC6\pdl\middleware\emWin\libs\GCC\libemWin_osnts_gcc.a(LCD.o)
 .text.LCD_SetDrawMode
                0x10089fbc       0x10 Generated_Source\PSoC6\pdl\middleware\emWin\libs\GCC\libemWin_osnts_gcc.a(LCD.o)
                0x10089fbc                LCD_SetDrawMode
 .text.LCD_DrawPixel
                0x10089fcc       0x5c Generated_Source\PSoC6\pdl\middleware\emWin\libs\GCC\libemWin_osnts_gcc.a(LCD.o)
                0x10089fcc                LCD_DrawPixel
 .text.LCD_DrawHLine
                0x1008a028       0x4c Generated_Source\PSoC6\pdl\middleware\emWin\libs\GCC\libemWin_osnts_gcc.a(LCD.o)
                0x1008a028                LCD_DrawHLine
 .text.LCD_DrawVLine
                0x1008a074       0x4c Generated_Source\PSoC6\pdl\middleware\emWin\libs\GCC\libemWin_osnts_gcc.a(LCD.o)
                0x1008a074                LCD_DrawVLine
 .text.LCD_FillRect
                0x1008a0c0       0x54 Generated_Source\PSoC6\pdl\middleware\emWin\libs\GCC\libemWin_osnts_gcc.a(LCD.o)
                0x1008a0c0                LCD_FillRect
 .text.LCD__DrawBitmap_1bpp
                0x1008a114      0x1cc Generated_Source\PSoC6\pdl\middleware\emWin\libs\GCC\libemWin_osnts_gcc.a(LCD.o)
                0x1008a114                LCD__DrawBitmap_1bpp
 .text.LCD_DrawBitmap
                0x1008a2e0      0x20c Generated_Source\PSoC6\pdl\middleware\emWin\libs\GCC\libemWin_osnts_gcc.a(LCD.o)
                0x1008a2e0                LCD_DrawBitmap
 .text.LCD_SetClipRectMax
                0x1008a4ec       0x20 Generated_Source\PSoC6\pdl\middleware\emWin\libs\GCC\libemWin_osnts_gcc.a(LCD.o)
                0x1008a4ec                LCD_SetClipRectMax
 .text.LCD_Init
                0x1008a50c       0x94 Generated_Source\PSoC6\pdl\middleware\emWin\libs\GCC\libemWin_osnts_gcc.a(LCD.o)