Archive member included to satisfy reference by file (symbol)

c:/program files (x86)/cypress/psoc creator/4.4/psoc creator/import/gnu/arm/5.4.1/bin/../lib/gcc/arm-none-eabi/5.4.1/../../../../arm-none-eabi/lib/armv7e-m/softfp\libm.a(lib_a-s_floor.o)
                              .\CortexM4\ARM_GCC_541\Debug\cy_sysclk.o (floor)
c:/program files (x86)/cypress/psoc creator/4.4/psoc creator/import/gnu/arm/5.4.1/bin/../lib/gcc/arm-none-eabi/5.4.1/../../../../arm-none-eabi/lib/armv7e-m/softfp\libm.a(lib_a-sf_ceil.o)
                              .\CortexM4\ARM_GCC_541\Debug\cy_sysclk.o (ceilf)
c:/program files (x86)/cypress/psoc creator/4.4/psoc creator/import/gnu/arm/5.4.1/bin/../lib/gcc/arm-none-eabi/5.4.1/../../../../arm-none-eabi/lib/armv7e-m/softfp\libm.a(lib_a-w_log.o)
                              .\CortexM4\ARM_GCC_541\Debug\cy_sysclk.o (log)
c:/program files (x86)/cypress/psoc creator/4.4/psoc creator/import/gnu/arm/5.4.1/bin/../lib/gcc/arm-none-eabi/5.4.1/../../../../arm-none-eabi/lib/armv7e-m/softfp\libm.a(lib_a-e_log.o)
                              c:/program files (x86)/cypress/psoc creator/4.4/psoc creator/import/gnu/arm/5.4.1/bin/../lib/gcc/arm-none-eabi/5.4.1/../../../../arm-none-eabi/lib/armv7e-m/softfp\libm.a(lib_a-w_log.o) (__ieee754_log)
c:/program files (x86)/cypress/psoc creator/4.4/psoc creator/import/gnu/arm/5.4.1/bin/../lib/gcc/arm-none-eabi/5.4.1/../../../../arm-none-eabi/lib/armv7e-m/softfp\libm.a(lib_a-s_lib_ver.o)
                              c:/program files (x86)/cypress/psoc creator/4.4/psoc creator/import/gnu/arm/5.4.1/bin/../lib/gcc/arm-none-eabi/5.4.1/../../../../arm-none-eabi/lib/armv7e-m/softfp\libm.a(lib_a-w_log.o) (__fdlib_version)
c:/program files (x86)/cypress/psoc creator/4.4/psoc creator/import/gnu/arm/5.4.1/bin/../lib/gcc/arm-none-eabi/5.4.1/../../../../arm-none-eabi/lib/armv7e-m/softfp\libm.a(lib_a-s_matherr.o)
                              c:/program files (x86)/cypress/psoc creator/4.4/psoc creator/import/gnu/arm/5.4.1/bin/../lib/gcc/arm-none-eabi/5.4.1/../../../../arm-none-eabi/lib/armv7e-m/softfp\libm.a(lib_a-w_log.o) (matherr)
c:/program files (x86)/cypress/psoc creator/4.4/psoc creator/import/gnu/arm/5.4.1/bin/../lib/gcc/arm-none-eabi/5.4.1/../../../../arm-none-eabi/lib/armv7e-m/softfp\libm.a(lib_a-s_nan.o)
                              c:/program files (x86)/cypress/psoc creator/4.4/psoc creator/import/gnu/arm/5.4.1/bin/../lib/gcc/arm-none-eabi/5.4.1/../../../../arm-none-eabi/lib/armv7e-m/softfp\libm.a(lib_a-w_log.o) (nan)
..\CMSIS\Lib\GCC\libarm_cortexM4l_math.a(arm_min_f32.o)
                              .\CortexM4\ARM_GCC_541\Debug\main_cm4.o (arm_min_f32)
..\CMSIS\Lib\GCC\libarm_cortexM4l_math.a(arm_mean_f32.o)
                              .\CortexM4\ARM_GCC_541\Debug\main_cm4.o (arm_mean_f32)
..\CMSIS\Lib\GCC\libarm_cortexM4l_math.a(arm_max_f32.o)
                              .\CortexM4\ARM_GCC_541\Debug\main_cm4.o (arm_max_f32)
..\CMSIS\Lib\GCC\libarm_cortexM4l_math.a(arm_fir_init_f32.o)
                              .\CortexM4\ARM_GCC_541\Debug\main_cm4.o (arm_fir_init_f32)
..\CMSIS\Lib\GCC\libarm_cortexM4l_math.a(arm_fir_f32.o)
                              .\CortexM4\ARM_GCC_541\Debug\main_cm4.o (arm_fir_f32)
c:/program files (x86)/cypress/psoc creator/4.4/psoc creator/import/gnu/arm/5.4.1/bin/../lib/gcc/arm-none-eabi/5.4.1/armv7e-m/softfp\libgcc.a(_arm_addsubdf3.o)
                              c:/program files (x86)/cypress/psoc creator/4.4/psoc creator/import/gnu/arm/5.4.1/bin/../lib/gcc/arm-none-eabi/5.4.1/../../../../arm-none-eabi/lib/armv7e-m/softfp\libm.a(lib_a-e_log.o) (__aeabi_dsub)
c:/program files (x86)/cypress/psoc creator/4.4/psoc creator/import/gnu/arm/5.4.1/bin/../lib/gcc/arm-none-eabi/5.4.1/armv7e-m/softfp\libgcc.a(_arm_muldivdf3.o)
                              .\CortexM4\ARM_GCC_541\Debug\main_cm4.o (__aeabi_dmul)
c:/program files (x86)/cypress/psoc creator/4.4/psoc creator/import/gnu/arm/5.4.1/bin/../lib/gcc/arm-none-eabi/5.4.1/armv7e-m/softfp\libgcc.a(_arm_cmpdf2.o)
                              c:/program files (x86)/cypress/psoc creator/4.4/psoc creator/import/gnu/arm/5.4.1/bin/../lib/gcc/arm-none-eabi/5.4.1/../../../../arm-none-eabi/lib/armv7e-m/softfp\libm.a(lib_a-w_log.o) (__aeabi_dcmpeq)
c:/program files (x86)/cypress/psoc creator/4.4/psoc creator/import/gnu/arm/5.4.1/bin/../lib/gcc/arm-none-eabi/5.4.1/armv7e-m/softfp\libgcc.a(_arm_unorddf2.o)
                              c:/program files (x86)/cypress/psoc creator/4.4/psoc creator/import/gnu/arm/5.4.1/bin/../lib/gcc/arm-none-eabi/5.4.1/../../../../arm-none-eabi/lib/armv7e-m/softfp\libm.a(lib_a-w_log.o) (__aeabi_dcmpun)
c:/program files (x86)/cypress/psoc creator/4.4/psoc creator/import/gnu/arm/5.4.1/bin/../lib/gcc/arm-none-eabi/5.4.1/armv7e-m/softfp\libgcc.a(_arm_fixunsdfsi.o)
                              .\CortexM4\ARM_GCC_541\Debug\cy_sysclk.o (__aeabi_d2uiz)
[...]
Memory Configuration

Name             Origin             Length             Attributes
ram              0x08024000         0x00023800         xrw
flash            0x10080000         0x00080000         xr
em_eeprom        0x14000000         0x00008000         xr
sflash_user_data 0x16000800         0x00000800         xr
sflash_nar       0x16001a00         0x00000200         xr
sflash_public_key 0x16005a00         0x00000c00         xr
sflash_toc_2     0x16007c00         0x00000200         xr
sflash_rtoc_2    0x16007e00         0x00000200         xr
xip              0x18000000         0x08000000         xr
efuse            0x90700000         0x00100000         r
*default*        0x00000000         0xffffffff

Linker script and memory map

LOAD c:/program files (x86)/cypress/psoc creator/4.4/psoc creator/import/gnu/arm/5.4.1/bin/../lib/gcc/arm-none-eabi/5.4.1/armv7e-m/softfp/crti.o
LOAD c:/program files (x86)/cypress/psoc creator/4.4/psoc creator/import/gnu/arm/5.4.1/bin/../lib/gcc/arm-none-eabi/5.4.1/armv7e-m/softfp/crtbegin.o
LOAD c:/program files (x86)/cypress/psoc creator/4.4/psoc creator/import/gnu/arm/5.4.1/bin/../lib/gcc/arm-none-eabi/5.4.1/../../../../arm-none-eabi/lib/armv7e-m/softfp/crt0.o
START GROUP
LOAD .\CortexM4\ARM_GCC_541\Debug\startup_psoc6_01_cm4.o
LOAD .\CortexM4\ARM_GCC_541\Debug\main_cm4.o
LOAD .\CortexM4\ARM_GCC_541\Debug\system_psoc6_cm4.o
LOAD .\CortexM4\ARM_GCC_541\Debug\cyfitter_sysint_cfg.o
LOAD .\CortexM4\ARM_GCC_541\Debug\cymetadata.o
LOAD .\CortexM4\ARM_GCC_541\Debug\cy_efuse.o
LOAD .\CortexM4\ARM_GCC_541\Debug\cy_flash.o
LOAD .\CortexM4\ARM_GCC_541\Debug\cy_gpio.o
LOAD .\CortexM4\ARM_GCC_541\Debug\cy_ipc_drv.o
LOAD .\CortexM4\ARM_GCC_541\Debug\cy_ipc_sema.o
LOAD .\CortexM4\ARM_GCC_541\Debug\cy_ipc_pipe.o
LOAD .\CortexM4\ARM_GCC_541\Debug\cy_lvd.o
LOAD .\CortexM4\ARM_GCC_541\Debug\cy_profile.o
LOAD .\CortexM4\ARM_GCC_541\Debug\cy_prot.o
LOAD .\CortexM4\ARM_GCC_541\Debug\cy_sysanalog.o
LOAD .\CortexM4\ARM_GCC_541\Debug\cy_sysclk.o
LOAD .\CortexM4\ARM_GCC_541\Debug\cy_sysint.o
LOAD .\CortexM4\ARM_GCC_541\Debug\cy_syslib.o
LOAD .\CortexM4\ARM_GCC_541\Debug\cy_syslib_gcc.o
LOAD .\CortexM4\ARM_GCC_541\Debug\cy_syspm.o
LOAD .\CortexM4\ARM_GCC_541\Debug\cy_systick.o
LOAD .\CortexM4\ARM_GCC_541\Debug\cy_trigmux.o
LOAD .\CortexM4\ARM_GCC_541\Debug\cy_wdt.o
LOAD .\CortexM4\ARM_GCC_541\Debug\cy_device.o
LOAD .\CortexM4\ARM_GCC_541\Debug\cy_scb_common.o
LOAD .\CortexM4\ARM_GCC_541\Debug\cy_scb_i2c.o
LOAD .\CortexM4\ARM_GCC_541\Debug\cy_scb_ezi2c.o
LOAD .\CortexM4\ARM_GCC_541\Debug\cy_scb_spi.o
LOAD .\CortexM4\ARM_GCC_541\Debug\cy_scb_uart.o
LOAD .\CortexM4\ARM_GCC_541\Debug\cy_ble_clk.o
LOAD .\CortexM4\ARM_GCC_541\Debug\croutine.o
LOAD .\CortexM4\ARM_GCC_541\Debug\event_groups.o
LOAD .\CortexM4\ARM_GCC_541\Debug\list.o
LOAD .\CortexM4\ARM_GCC_541\Debug\queue.o
LOAD .\CortexM4\ARM_GCC_541\Debug\tasks.o
LOAD .\CortexM4\ARM_GCC_541\Debug\timers.o
LOAD .\CortexM4\ARM_GCC_541\Debug\stream_buffer.o
LOAD .\CortexM4\ARM_GCC_541\Debug\port.o
LOAD .\CortexM4\ARM_GCC_541\Debug\heap_1.o
LOAD .\CortexM4\ARM_GCC_541\Debug\UART_1.o
LOAD c:/program files (x86)/cypress/psoc creator/4.4/psoc creator/import/gnu/arm/5.4.1/bin/../lib/gcc/arm-none-eabi/5.4.1/../../../../arm-none-eabi/lib/armv7e-m/softfp\libm.a
LOAD ..\CMSIS\Lib\GCC\libarm_cortexM4l_math.a
END GROUP
START GROUP
LOAD c:/program files (x86)/cypress/psoc creator/4.4/psoc creator/import/gnu/arm/5.4.1/bin/../lib/gcc/arm-none-eabi/5.4.1/armv7e-m/softfp\libgcc.a
LOAD c:/program files (x86)/cypress/psoc creator/4.4/psoc creator/import/gnu/arm/5.4.1/bin/../lib/gcc/arm-none-eabi/5.4.1/../../../../arm-none-eabi/lib/armv7e-m/softfp\libg_nano.a
LOAD c:/program files (x86)/cypress/psoc creator/4.4/psoc creator/import/gnu/arm/5.4.1/bin/../lib/gcc/arm-none-eabi/5.4.1/../../../../arm-none-eabi/lib/armv7e-m/softfp\libc_nano.a
END GROUP
START GROUP
LOAD c:/program files (x86)/cypress/psoc creator/4.4/psoc creator/import/gnu/arm/5.4.1/bin/../lib/gcc/arm-none-eabi/5.4.1/armv7e-m/softfp\libgcc.a
LOAD c:/program files (x86)/cypress/psoc creator/4.4/psoc creator/import/gnu/arm/5.4.1/bin/../lib/gcc/arm-none-eabi/5.4.1/../../../../arm-none-eabi/lib/armv7e-m/softfp\libc_nano.a
END GROUP
LOAD c:/program files (x86)/cypress/psoc creator/4.4/psoc creator/import/gnu/arm/5.4.1/bin/../lib/gcc/arm-none-eabi/5.4.1/armv7e-m/softfp/crtend.o
LOAD c:/program files (x86)/cypress/psoc creator/4.4/psoc creator/import/gnu/arm/5.4.1/bin/../lib/gcc/arm-none-eabi/5.4.1/armv7e-m/softfp/crtn.o
START GROUP
LOAD c:/program files (x86)/cypress/psoc creator/4.4/psoc creator/import/gnu/arm/5.4.1/bin/../lib/gcc/arm-none-eabi/5.4.1/armv7e-m/softfp\libgcc.a
LOAD c:/program files (x86)/cypress/psoc creator/4.4/psoc creator/import/gnu/arm/5.4.1/bin/../lib/gcc/arm-none-eabi/5.4.1/../../../../arm-none-eabi/lib/armv7e-m/softfp\libc.a
LOAD c:/program files (x86)/cypress/psoc creator/4.4/psoc creator/import/gnu/arm/5.4.1/bin/../lib/gcc/arm-none-eabi/5.4.1/../../../../arm-none-eabi/lib/armv7e-m/softfp\libnosys.a
END GROUP
START GROUP
LOAD c:/program files (x86)/cypress/psoc creator/4.4/psoc creator/import/gnu/arm/5.4.1/bin/../lib/gcc/arm-none-eabi/5.4.1/armv7e-m/softfp\libgcc.a
LOAD c:/program files (x86)/cypress/psoc creator/4.4/psoc creator/import/gnu/arm/5.4.1/bin/../lib/gcc/arm-none-eabi/5.4.1/../../../../arm-none-eabi/lib/armv7e-m/softfp\libc.a
LOAD c:/program files (x86)/cypress/psoc creator/4.4/psoc creator/import/gnu/arm/5.4.1/bin/../lib/gcc/arm-none-eabi/5.4.1/../../../../arm-none-eabi/lib/armv7e-m/softfp\libm.a
LOAD c:/program files (x86)/cypress/psoc creator/4.4/psoc creator/import/gnu/arm/5.4.1/bin/../lib/gcc/arm-none-eabi/5.4.1/../../../../arm-none-eabi/lib/armv7e-m/softfp\libnosys.a
END GROUP

.text           0x10080000     0x4554
                0x10080000                . = ALIGN (0x4)
                0x10080000                __Vectors = .
 *(.vectors)
 .vectors       0x10080000      0x28c .\CortexM4\ARM_GCC_541\Debug\startup_psoc6_01_cm4.o
                0x1008028c                . = ALIGN (0x4)
                0x1008028c                __Vectors_End = .
                0x0000028c                __Vectors_Size = (__Vectors_End - __Vectors)
                0x1008028c                __end__ = .
                0x1008028c                . = ALIGN (0x4)
 *(.text*)
 .text          0x1008028c       0x5c c:/program files (x86)/cypress/psoc creator/4.4/psoc creator/import/gnu/arm/5.4.1/bin/../lib/gcc/arm-none-eabi/5.4.1/armv7e-m/softfp/crtbegin.o
 .text          0x100802e8       0x84 .\CortexM4\ARM_GCC_541\Debug\startup_psoc6_01_cm4.o
                0x100802e8                Cy_OnResetUser
                0x100802ea                Reset_Handler
                0x1008034c                cpuss_interrupts_ipc_6_IRQHandler
                0x1008034c                DebugMon_Handler
                0x1008034c                tcpwm_1_interrupts_11_IRQHandler
                0x1008034c                cpuss_interrupts_ipc_0_IRQHandler
                0x1008034c                tcpwm_1_interrupts_15_IRQHandler
                0x1008034c                ioss_interrupts_gpio_13_IRQHandler
                0x1008034c                tcpwm_1_interrupts_13_IRQHandler
                0x1008034c                cpuss_interrupts_dw1_8_IRQHandler
                0x1008034c                tcpwm_0_interrupts_0_IRQHandler
                0x1008034c                cpuss_interrupt_fm_IRQHandler
                0x1008034c                cpuss_interrupts_ipc_7_IRQHandler
                0x1008034c                tcpwm_1_interrupts_14_IRQHandler
                0x1008034c                cpuss_interrupts_dw0_5_IRQHandler
                0x1008034c                tcpwm_1_interrupts_9_IRQHandler
                0x1008034c                cpuss_interrupts_cm0_cti_1_IRQHandler
                0x1008034c                tcpwm_1_interrupts_22_IRQHandler
                0x1008034c                cpuss_interrupts_dw0_4_IRQHandler
                0x1008034c                NMI_Handler
                0x1008034c                cpuss_interrupts_dw1_12_IRQHandler
                0x1008034c                tcpwm_1_interrupts_12_IRQHandler
                0x1008034c                smif_interrupt_IRQHandler
                0x1008034c                tcpwm_1_interrupts_2_IRQHandler
                0x1008034c                cpuss_interrupts_ipc_13_IRQHandler
                0x1008034c                udb_interrupts_11_IRQHandler
                0x1008034c                tcpwm_1_interrupts_18_IRQHandler
                0x1008034c                cpuss_interrupts_dw0_11_IRQHandler
                0x1008034c                tcpwm_0_interrupts_2_IRQHandler
                0x1008034c                cpuss_interrupts_dw0_13_IRQHandler
                0x1008034c                udb_interrupts_2_IRQHandler
                0x1008034c                cpuss_interrupts_dw1_7_IRQHandler
                0x1008034c                ioss_interrupts_gpio_1_IRQHandler
                0x1008034c                ioss_interrupts_gpio_7_IRQHandler
                0x1008034c                scb_5_interrupt_IRQHandler
                0x1008034c                udb_interrupts_6_IRQHandler
                0x1008034c                cpuss_interrupts_fault_1_IRQHandler
                0x1008034c                cpuss_interrupts_ipc_4_IRQHandler
                0x1008034c                cpuss_interrupts_ipc_5_IRQHandler
                0x1008034c                cpuss_interrupts_dw1_10_IRQHandler
                0x1008034c                udb_interrupts_0_IRQHandler
                0x1008034c                tcpwm_1_interrupts_6_IRQHandler
                0x1008034c                scb_4_interrupt_IRQHandler
                0x1008034c                pass_interrupt_dacs_IRQHandler
                0x1008034c                ioss_interrupts_gpio_2_IRQHandler
                0x1008034c                cpuss_interrupts_dw1_9_IRQHandler
                0x1008034c                cpuss_interrupts_dw1_13_IRQHandler
                0x1008034c                scb_2_interrupt_IRQHandler
                0x1008034c                cpuss_interrupts_cm0_cti_0_IRQHandler
                0x1008034c                udb_interrupts_5_IRQHandler
                0x1008034c                srss_interrupt_IRQHandler
                0x1008034c                udb_interrupts_12_IRQHandler
                0x1008034c                scb_0_interrupt_IRQHandler
                0x1008034c                csd_interrupt_IRQHandler
                0x1008034c                udb_interrupts_1_IRQHandler
                0x1008034c                profile_interrupt_IRQHandler
                0x1008034c                tcpwm_1_interrupts_1_IRQHandler
                0x1008034c                cpuss_interrupts_ipc_12_IRQHandler
                0x1008034c                tcpwm_1_interrupts_3_IRQHandler
                0x1008034c                tcpwm_0_interrupts_7_IRQHandler
                0x1008034c                cpuss_interrupts_dw1_1_IRQHandler
                0x1008034c                cpuss_interrupts_dw1_0_IRQHandler
                0x1008034c                cpuss_interrupts_dw0_9_IRQHandler
                0x1008034c                lpcomp_interrupt_IRQHandler
                0x1008034c                tcpwm_1_interrupts_23_IRQHandler
                0x1008034c                udb_interrupts_4_IRQHandler
                0x1008034c                tcpwm_1_interrupts_20_IRQHandler
                0x1008034c                ioss_interrupt_gpio_IRQHandler
                0x1008034c                tcpwm_0_interrupts_1_IRQHandler
                0x1008034c                ioss_interrupts_gpio_8_IRQHandler
                0x1008034c                tcpwm_0_interrupts_6_IRQHandler
                0x1008034c                scb_7_interrupt_IRQHandler
                0x1008034c                tcpwm_1_interrupts_7_IRQHandler
                0x1008034c                cpuss_interrupts_ipc_11_IRQHandler
                0x1008034c                udb_interrupts_13_IRQHandler
                0x1008034c                cpuss_interrupts_dw0_15_IRQHandler
                0x1008034c                udb_interrupts_7_IRQHandler
                0x1008034c                cpuss_interrupts_dw1_6_IRQHandler
                0x1008034c                cpuss_interrupt_crypto_IRQHandler
                0x1008034c                scb_1_interrupt_IRQHandler
                0x1008034c                Default_Handler
                0x1008034c                usb_interrupt_hi_IRQHandler
                0x1008034c                tcpwm_1_interrupts_0_IRQHandler
                0x1008034c                udb_interrupts_9_IRQHandler
                0x1008034c                audioss_interrupt_pdm_IRQHandler
                0x1008034c                srss_interrupt_mcwdt_0_IRQHandler
                0x1008034c                scb_3_interrupt_IRQHandler
                0x1008034c                pass_interrupt_ctbs_IRQHandler
                0x1008034c                udb_interrupts_8_IRQHandler
                0x1008034c                ioss_interrupts_gpio_3_IRQHandler
                0x1008034c                scb_6_interrupt_IRQHandler
                0x1008034c                cpuss_interrupts_cm4_cti_0_IRQHandler
                0x1008034c                cpuss_interrupts_dw1_3_IRQHandler
                0x1008034c                pass_interrupt_sar_IRQHandler
                0x1008034c                ioss_interrupts_gpio_0_IRQHandler
                0x1008034c                ioss_interrupts_gpio_14_IRQHandler
                0x1008034c                tcpwm_0_interrupts_4_IRQHandler
                0x1008034c                udb_interrupts_3_IRQHandler
                0x1008034c                tcpwm_0_interrupts_5_IRQHandler
                0x1008034c                cpuss_interrupts_ipc_15_IRQHandler
                0x1008034c                cpuss_interrupts_cm4_cti_1_IRQHandler
                0x1008034c                scb_8_interrupt_IRQHandler
                0x1008034c                srss_interrupt_mcwdt_1_IRQHandler
                0x1008034c                cpuss_interrupts_dw1_2_IRQHandler
                0x1008034c                cpuss_interrupts_dw1_5_IRQHandler
                0x1008034c                cpuss_interrupts_ipc_1_IRQHandler
                0x1008034c                cpuss_interrupts_dw0_0_IRQHandler
                0x1008034c                ioss_interrupts_gpio_12_IRQHandler
                0x1008034c                cpuss_interrupts_ipc_3_IRQHandler
                0x1008034c                tcpwm_1_interrupts_17_IRQHandler
                0x1008034c                srss_interrupt_backup_IRQHandler
                0x1008034c                bless_interrupt_IRQHandler
                0x1008034c                cpuss_interrupts_ipc_10_IRQHandler
                0x1008034c                cpuss_interrupts_ipc_9_IRQHandler
                0x1008034c                cpuss_interrupts_dw0_14_IRQHandler
                0x1008034c                tcpwm_1_interrupts_4_IRQHandler
                0x1008034c                tcpwm_0_interrupts_3_IRQHandler
                0x1008034c                cpuss_interrupts_dw1_15_IRQHandler
                0x1008034c                ioss_interrupts_gpio_10_IRQHandler
                0x1008034c                udb_interrupts_10_IRQHandler
                0x1008034c                cpuss_interrupts_dw0_8_IRQHandler
                0x1008034c                ioss_interrupts_gpio_11_IRQHandler
                0x1008034c                cpuss_interrupts_ipc_14_IRQHandler
                0x1008034c                ioss_interrupts_gpio_5_IRQHandler
                0x1008034c                ioss_interrupts_gpio_4_IRQHandler
                0x1008034c                tcpwm_1_interrupts_8_IRQHandler
                0x1008034c                cpuss_interrupts_dw1_14_IRQHandler
                0x1008034c                usb_interrupt_med_IRQHandler
                0x1008034c                cpuss_interrupts_dw0_2_IRQHandler
                0x1008034c                tcpwm_1_interrupts_10_IRQHandler
                0x1008034c                cpuss_interrupts_fault_0_IRQHandler
                0x1008034c                cpuss_interrupts_dw0_12_IRQHandler
                0x1008034c                ioss_interrupts_gpio_6_IRQHandler
                0x1008034c                tcpwm_1_interrupts_21_IRQHandler
                0x1008034c                tcpwm_1_interrupts_16_IRQHandler
                0x1008034c                cpuss_interrupts_dw1_4_IRQHandler
                0x1008034c                udb_interrupts_15_IRQHandler
                0x1008034c                cpuss_interrupts_dw1_11_IRQHandler
                0x1008034c                cpuss_interrupts_dw0_6_IRQHandler
                0x1008034c                ioss_interrupt_vdd_IRQHandler
                0x1008034c                cpuss_interrupts_dw0_7_IRQHandler
                0x1008034c                audioss_interrupt_i2s_IRQHandler
                0x1008034c                tcpwm_1_interrupts_5_IRQHandler
                0x1008034c                cpuss_interrupts_ipc_2_IRQHandler
                0x1008034c                cpuss_interrupts_dw0_10_IRQHandler
                0x1008034c                tcpwm_1_interrupts_19_IRQHandler
                0x1008034c                cpuss_interrupts_dw0_1_IRQHandler
                0x1008034c                ioss_interrupts_gpio_9_IRQHandler
                0x1008034c                usb_interrupt_lo_IRQHandler
                0x1008034c                cpuss_interrupts_ipc_8_IRQHandler
                0x1008034c                udb_interrupts_14_IRQHandler
                0x1008034c                cpuss_interrupts_dw0_3_IRQHandler
                0x10080350                UsageFault_Handler
                0x10080350                HardFault_Handler
                0x10080350                MemManage_Handler
                0x10080350                BusFault_Handler
 *fill*         0x1008036c        0x4 
 .text.main     0x10080370      0x19c .\CortexM4\ARM_GCC_541\Debug\main_cm4.o
                0x10080370                main
 .text.Cy_SysIpcPipeIsrCm4
                0x1008050c        0xc .\CortexM4\ARM_GCC_541\Debug\system_psoc6_cm4.o
                0x1008050c                Cy_SysIpcPipeIsrCm4
 .text.Cy_SystemInit
                0x10080518        0x4 .\CortexM4\ARM_GCC_541\Debug\system_psoc6_cm4.o
                0x10080518                Cy_SystemInit
 .text.SystemCoreClockUpdate
                0x1008051c      0x190 .\CortexM4\ARM_GCC_541\Debug\system_psoc6_cm4.o
                0x1008051c                SystemCoreClockUpdate
 .text.SystemInit
                0x100806ac       0x48 .\CortexM4\ARM_GCC_541\Debug\system_psoc6_cm4.o
                0x100806ac                SystemInit
 .text.Cy_SystemInitFpuEnable
                0x100806f4       0x28 .\CortexM4\ARM_GCC_541\Debug\system_psoc6_cm4.o
                0x100806f4                Cy_SystemInitFpuEnable
 .text.Cy_Flash_ProcessOpcode
                0x1008071c       0xac .\CortexM4\ARM_GCC_541\Debug\cy_flash.o
 .text.Cy_Flash_OperationStatus
                0x100807c8       0x5c .\CortexM4\ARM_GCC_541\Debug\cy_flash.o
 .text.Cy_Flash_InitExt
                0x10080824       0x80 .\CortexM4\ARM_GCC_541\Debug\cy_flash.o
                0x10080824                Cy_Flash_InitExt
 .text.Cy_Flash_Init
                0x100808a4       0x10 .\CortexM4\ARM_GCC_541\Debug\cy_flash.o
                0x100808a4                Cy_Flash_Init
 .text.Cy_IPC_Drv_LockRelease
                0x100808b4       0x3c .\CortexM4\ARM_GCC_541\Debug\cy_ipc_drv.o
                0x100808b4                Cy_IPC_Drv_LockRelease
 .text.Cy_IPC_Drv_SendMsgWord
                0x100808f0       0x3c .\CortexM4\ARM_GCC_541\Debug\cy_ipc_drv.o
                0x100808f0                Cy_IPC_Drv_SendMsgWord
 .text.Cy_IPC_Drv_ReadMsgWord
                0x1008092c       0x38 .\CortexM4\ARM_GCC_541\Debug\cy_ipc_drv.o
                0x1008092c                Cy_IPC_Drv_ReadMsgWord
 .text.Cy_IPC_Sema_InitExt
                0x10080964       0xac .\CortexM4\ARM_GCC_541\Debug\cy_ipc_sema.o
                0x10080964                Cy_IPC_Sema_InitExt
 .text.Cy_IPC_Sema_Init
                0x10080a10       0x64 .\CortexM4\ARM_GCC_541\Debug\cy_ipc_sema.o
                0x10080a10                Cy_IPC_Sema_Init
 .text.Cy_IPC_Sema_Clear
                0x10080a74       0x88 .\CortexM4\ARM_GCC_541\Debug\cy_ipc_sema.o
                0x10080a74                Cy_IPC_Sema_Clear
 .text.Cy_IPC_Sema_Status
                0x10080afc       0x40 .\CortexM4\ARM_GCC_541\Debug\cy_ipc_sema.o
                0x10080afc                Cy_IPC_Sema_Status
 .text.Cy_IPC_Pipe_Config
                0x10080b3c       0x10 .\CortexM4\ARM_GCC_541\Debug\cy_ipc_pipe.o
                0x10080b3c                Cy_IPC_Pipe_Config
 .text.Cy_IPC_Pipe_EndpointInit
                0x10080b4c       0xd0 .\CortexM4\ARM_GCC_541\Debug\cy_ipc_pipe.o
                0x10080b4c                Cy_IPC_Pipe_EndpointInit
 .text.Cy_IPC_Pipe_Init
                0x10080c1c       0xb4 .\CortexM4\ARM_GCC_541\Debug\cy_ipc_pipe.o
                0x10080c1c                Cy_IPC_Pipe_Init
 .text.Cy_IPC_Pipe_SendMessage
                0x10080cd0       0xa4 .\CortexM4\ARM_GCC_541\Debug\cy_ipc_pipe.o
                0x10080cd0                Cy_IPC_Pipe_SendMessage
 .text.Cy_IPC_Pipe_RegisterCallback
                0x10080d74       0x50 .\CortexM4\ARM_GCC_541\Debug\cy_ipc_pipe.o
                0x10080d74                Cy_IPC_Pipe_RegisterCallback
 .text.Cy_IPC_Pipe_ExecCallback
                0x10080dc4       0xbc .\CortexM4\ARM_GCC_541\Debug\cy_ipc_pipe.o
                0x10080dc4                Cy_IPC_Pipe_ExecCallback
 .text.Cy_IPC_Pipe_ExecuteCallback
                0x10080e80       0x2c .\CortexM4\ARM_GCC_541\Debug\cy_ipc_pipe.o
                0x10080e80                Cy_IPC_Pipe_ExecuteCallback
 .text.Cy_SysInt_SetVector
                0x10080eac       0x48 .\CortexM4\ARM_GCC_541\Debug\cy_sysint.o
                0x10080eac                Cy_SysInt_SetVector
 .text.Cy_SysInt_Init
                0x10080ef4       0x74 .\CortexM4\ARM_GCC_541\Debug\cy_sysint.o
                0x10080ef4                Cy_SysInt_Init
 .text.Cy_SysLib_Halt
                0x10080f68        0x4 .\CortexM4\ARM_GCC_541\Debug\cy_syslib.o
                0x10080f68                Cy_SysLib_Halt
 .text.Cy_SysLib_AssertFailed
                0x10080f6c       0x1c .\CortexM4\ARM_GCC_541\Debug\cy_syslib.o
                0x10080f6c                Cy_SysLib_AssertFailed
 .text.Cy_SysLib_ProcessingFault
                0x10080f88        0x4 .\CortexM4\ARM_GCC_541\Debug\cy_syslib.o
                0x10080f88                Cy_SysLib_ProcessingFault
 .text.Cy_SysLib_FaultHandler
                0x10080f8c       0xa4 .\CortexM4\ARM_GCC_541\Debug\cy_syslib.o
                0x10080f8c                Cy_SysLib_FaultHandler
 .text          0x10081030       0x20 .\CortexM4\ARM_GCC_541\Debug\cy_syslib_gcc.o
                0x10081030                Cy_SysLib_DelayCycles
                0x10081042                Cy_SysLib_EnterCriticalSection
                0x1008104a                Cy_SysLib_ExitCriticalSection
 .text.Cy_PDL_Init
                0x10081050        0xc .\CortexM4\ARM_GCC_541\Debug\cy_device.o
                0x10081050                Cy_PDL_Init
 .text.Cy_SCB_WriteArrayNoCheck
                0x1008105c       0x38 .\CortexM4\ARM_GCC_541\Debug\cy_scb_common.o
                0x1008105c                Cy_SCB_WriteArrayNoCheck
 .text.Cy_SCB_WriteArray
                0x10081094       0x2c .\CortexM4\ARM_GCC_541\Debug\cy_scb_common.o
                0x10081094                Cy_SCB_WriteArray
 .text.vListInsertEnd
                0x100810c0       0x18 .\CortexM4\ARM_GCC_541\Debug\list.o
                0x100810c0                vListInsertEnd
 .text.uxListRemove
                0x100810d8       0x28 .\CortexM4\ARM_GCC_541\Debug\list.o
                0x100810d8                uxListRemove
 .text.prvResetNextTaskUnblockTime
                0x10081100       0x2c .\CortexM4\ARM_GCC_541\Debug\tasks.o
 .text.xTaskIncrementTick
                0x1008112c       0xfc .\CortexM4\ARM_GCC_541\Debug\tasks.o
                0x1008112c                xTaskIncrementTick
 .text.vTaskSwitchContext
                0x10081228       0xc8 .\CortexM4\ARM_GCC_541\Debug\tasks.o
                0x10081228                vTaskSwitchContext
 .text.SVC_Handler
                0x100812f0       0x24 .\CortexM4\ARM_GCC_541\Debug\port.o
                0x100812f0                SVC_Handler
 *fill*         0x10081314        0xc 
 .text.PendSV_Handler
                0x10081320       0x64 .\CortexM4\ARM_GCC_541\Debug\port.o
                0x10081320                PendSV_Handler
 .text.SysTick_Handler
                0x10081384       0x2c .\CortexM4\ARM_GCC_541\Debug\port.o
                0x10081384                SysTick_Handler
 .text.vApplicationStackOverflowHook
                0x100813b0       0x24 .\CortexM4\ARM_GCC_541\Debug\port.o
                0x100813b0                vApplicationStackOverflowHook
 .text.arm_min_f32
                0x100813d4      0x130 ..\CMSIS\Lib\GCC\libarm_cortexM4l_math.a(arm_min_f32.o)
                0x100813d4                arm_min_f32
 .text.arm_mean_f32
                0x10081504       0x78 ..\CMSIS\Lib\GCC\libarm_cortexM4l_math.a(arm_mean_f32.o)
                0x10081504                arm_mean_f32
 .text.arm_max_f32
                0x1008157c      0x130 ..\CMSIS\Lib\GCC\libarm_cortexM4l_math.a(arm_max_f32.o)
                0x1008157c                arm_max_f32
 .text.arm_fir_init_f32
                0x100816ac       0x24 ..\CMSIS\Lib\GCC\libarm_cortexM4l_math.a(arm_fir_init_f32.o)
                0x100816ac                arm_fir_init_f32
 .text.arm_fir_f32
                0x100816d0      0x81c ..\CMSIS\Lib\GCC\libarm_cortexM4l_math.a(arm_fir_f32.o)
                0x100816d0                arm_fir_f32
 .text          0x10081eec      0x370 c:/program files (x86)/cypress/psoc creator/4.4/psoc creator/import/gnu/arm/5.4.1/bin/../lib/gcc/arm-none-eabi/5.4.1/armv7e-m/softfp\libgcc.a(_arm_addsubdf3.o)
                0x10081eec                __aeabi_drsub
                0x10081ef4                __aeabi_dsub
                0x10081ef4                __subdf3
                0x10081ef8                __aeabi_dadd
                0x10081ef8                __adddf3
                0x10082170                __floatunsidf
                0x10082170                __aeabi_ui2d
                0x10082190                __floatsidf
                0x10082190                __aeabi_i2d
                0x100821b4                __aeabi_f2d
                0x100821b4                __extendsfdf2
                0x100821f0                __floatundidf
                0x100821f0                __aeabi_ul2d
                0x10082200                __floatdidf
                0x10082200                __aeabi_l2d
 .text          0x1008225c      0x424 c:/program files (x86)/cypress/psoc creator/4.4/psoc creator/import/gnu/arm/5.4.1/bin/../lib/gcc/arm-none-eabi/5.4.1/armv7e-m/softfp\libgcc.a(_arm_muldivdf3.o)
                0x1008225c                __aeabi_dmul
                0x1008225c                __muldf3
                0x100824b0                __divdf3
                0x100824b0                __aeabi_ddiv
 .text          0x10082680       0xa0 c:/program files (x86)/cypress/psoc creator/4.4/psoc creator/import/gnu/arm/5.4.1/bin/../lib/gcc/arm-none-eabi/5.4.1/armv7e-m/softfp\libgcc.a(_arm_truncdfsf2.o)
                0x10082680                __truncdfsf2
                0x10082680                __aeabi_d2f
 .text          0x10082720      0x21c c:/program files (x86)/cypress/psoc creator/4.4/psoc creator/import/gnu/arm/5.4.1/bin/../lib/gcc/arm-none-eabi/5.4.1/armv7e-m/softfp\libgcc.a(_arm_addsubsf3.o)
                0x10082720                __aeabi_frsub
                0x10082728                __subsf3
                0x10082728                __aeabi_fsub
                0x1008272c                __aeabi_fadd
                0x1008272c                __addsf3
                0x1008288c                __aeabi_ui2f
                0x1008288c                __floatunsisf
                0x10082894                __aeabi_i2f
                0x10082894                __floatsisf
                0x100828b0                __aeabi_ul2f
                0x100828b0                __floatundisf
                0x100828c0                __aeabi_l2f
                0x100828c0                __floatdisf
 .text          0x1008293c      0x2a0 c:/program files (x86)/cypress/psoc creator/4.4/psoc creator/import/gnu/arm/5.4.1/bin/../lib/gcc/arm-none-eabi/5.4.1/armv7e-m/softfp\libgcc.a(_arm_muldivsf3.o)
                0x1008293c                __mulsf3
                0x1008293c                __aeabi_fmul
                0x10082aa4                __aeabi_fdiv
                0x10082aa4                __divsf3
 .text          0x10082bdc       0xec c:/program files (x86)/cypress/psoc creator/4.4/psoc creator/import/gnu/arm/5.4.1/bin/../lib/gcc/arm-none-eabi/5.4.1/armv7e-m/softfp\libgcc.a(_arm_cmpsf2.o)
                0x10082bdc                __gesf2
                0x10082bdc                __gtsf2
                0x10082be4                __lesf2
                0x10082be4                __ltsf2
                0x10082bec                __nesf2
                0x10082bec                __eqsf2
                0x10082bec                __cmpsf2
                0x10082c4c                __aeabi_cfrcmple
                0x10082c54                __aeabi_cfcmpeq
                0x10082c54                __aeabi_cfcmple
                0x10082c64                __aeabi_fcmpeq
                0x10082c78                __aeabi_fcmplt
                0x10082c8c                __aeabi_fcmple
                0x10082ca0                __aeabi_fcmpge
                0x10082cb4                __aeabi_fcmpgt
 .text.memcpy   0x10082cc8       0x16 c:/program files (x86)/cypress/psoc creator/4.4/psoc creator/import/gnu/arm/5.4.1/bin/../lib/gcc/arm-none-eabi/5.4.1/../../../../arm-none-eabi/lib/armv7e-m/softfp\libg_nano.a(lib_a-memcpy-stub.o)
                0x10082cc8                memcpy
 .text.memset   0x10082cde       0x10 c:/program files (x86)/cypress/psoc creator/4.4/psoc creator/import/gnu/arm/5.4.1/bin/../lib/gcc/arm-none-eabi/5.4.1/../../../../arm-none-eabi/lib/armv7e-m/softfp\libg_nano.a(lib_a-memset.o)
                0x10082cde                memset
 *fill*         0x10082cee        0x2 
 .text.sprintf  0x10082cf0       0x48 c:/program files (x86)/cypress/psoc creator/4.4/psoc creator/import/gnu/arm/5.4.1/bin/../lib/gcc/arm-none-eabi/5.4.1/../../../../arm-none-eabi/lib/armv7e-m/softfp\libg_nano.a(lib_a-sprintf.o)
                0x10082cf0                siprintf
                0x10082cf0                sprintf
 .text.strncpy  0x10082d38       0x26 c:/program files (x86)/cypress/psoc creator/4.4/psoc creator/import/gnu/arm/5.4.1/bin/../lib/gcc/arm-none-eabi/5.4.1/../../../../arm-none-eabi/lib/armv7e-m/softfp\libg_nano.a(lib_a-strncpy.o)
                0x10082d38                strncpy
 .text.__ssputs_r
                0x10082d5e       0xb2 c:/program files (x86)/cypress/psoc creator/4.4/psoc creator/import/gnu/arm/5.4.1/bin/../lib/gcc/arm-none-eabi/5.4.1/../../../../arm-none-eabi/lib/armv7e-m/softfp\libg_nano.a(lib_a-nano-svfprintf.o)
                0x10082d5e                __ssputs_r
 .text._svfprintf_r
                0x10082e10      0x1e8 c:/program files (x86)/cypress/psoc creator/4.4/psoc creator/import/gnu/arm/5.4.1/bin/../lib/gcc/arm-none-eabi/5.4.1/../../../../arm-none-eabi/lib/armv7e-m/softfp\libg_nano.a(lib_a-nano-svfprintf.o)
                0x10082e10                _svfiprintf_r
                0x10082e10                _svfprintf_r
 .text._printf_common
                0x10082ff8       0xec c:/program files (x86)/cypress/psoc creator/4.4/psoc creator/import/gnu/arm/5.4.1/bin/../lib/gcc/arm-none-eabi/5.4.1/../../../../arm-none-eabi/lib/armv7e-m/softfp\libg_nano.a(lib_a-nano-vfprintf_i.o)
                0x10082ff8                _printf_common
 .text._printf_i
                0x100830e4      0x24c c:/program files (x86)/cypress/psoc creator/4.4/psoc creator/import/gnu/arm/5.4.1/bin/../lib/gcc/arm-none-eabi/5.4.1/../../../../arm-none-eabi/lib/armv7e-m/softfp\libg_nano.a(lib_a-nano-vfprintf_i.o)
                0x100830e4                _printf_i
 .text          0x10083330       0xa0 c:/program files (x86)/cypress/psoc creator/4.4/psoc creator/import/gnu/arm/5.4.1/bin/../lib/gcc/arm-none-eabi/5.4.1/../../../../arm-none-eabi/lib/armv7e-m/softfp\libg_nano.a(lib_a-memchr.o)
                0x10083330                memchr
 .text.memmove  0x100833d0       0x36 c:/program files (x86)/cypress/psoc creator/4.4/psoc creator/import/gnu/arm/5.4.1/bin/../lib/gcc/arm-none-eabi/5.4.1/../../../../arm-none-eabi/lib/armv7e-m/softfp\libg_nano.a(lib_a-memmove.o)
                0x100833d0                memmove
 *fill*         0x10083406        0x2 
 .text._free_r  0x10083408       0x9c c:/program files (x86)/cypress/psoc creator/4.4/psoc creator/import/gnu/arm/5.4.1/bin/../lib/gcc/arm-none-eabi/5.4.1/../../../../arm-none-eabi/lib/armv7e-m/softfp\libg_nano.a(lib_a-nano-freer.o)
                0x10083408                _free_r
 .text._malloc_r
                0x100834a4       0xbc c:/program files (x86)/cypress/psoc creator/4.4/psoc creator/import/gnu/arm/5.4.1/bin/../lib/gcc/arm-none-eabi/5.4.1/../../../../arm-none-eabi/lib/armv7e-m/softfp\libg_nano.a(lib_a-nano-mallocr.o)
                0x100834a4                _malloc_r
 .text._realloc_r
                0x10083560       0x4c c:/program files (x86)/cypress/psoc creator/4.4/psoc creator/import/gnu/arm/5.4.1/bin/../lib/gcc/arm-none-eabi/5.4.1/../../../../arm-none-eabi/lib/armv7e-m/softfp\libg_nano.a(lib_a-nano-reallocr.o)
                0x10083560                _realloc_r
 .text._sbrk_r  0x100835ac       0x20 c:/program files (x86)/cypress/psoc creator/4.4/psoc creator/import/gnu/arm/5.4.1/bin/../lib/gcc/arm-none-eabi/5.4.1/../../../../arm-none-eabi/lib/armv7e-m/softfp\libg_nano.a(lib_a-sbrkr.o)
                0x100835ac                _sbrk_r
 .text.__malloc_lock
                0x100835cc        0x2 c:/program files (x86)/cypress/psoc creator/4.4/psoc creator/import/gnu/arm/5.4.1/bin/../lib/gcc/arm-none-eabi/5.4.1/../../../../arm-none-eabi/lib/armv7e-m/softfp\libg_nano.a(lib_a-mlock.o)
                0x100835cc                __malloc_lock
 .text.__malloc_unlock
                0x100835ce        0x2 c:/program files (x86)/cypress/psoc creator/4.4/psoc creator/import/gnu/arm/5.4.1/bin/../lib/gcc/arm-none-eabi/5.4.1/../../../../arm-none-eabi/lib/armv7e-m/softfp\libg_nano.a(lib_a-mlock.o)
                0x100835ce                __malloc_unlock
 .text._malloc_usable_size_r
                0x100835d0       0x14 c:/program files (x86)/cypress/psoc creator/4.4/psoc creator/import/gnu/arm/5.4.1/bin/../lib/gcc/arm-none-eabi/5.4.1/../../../../arm-none-eabi/lib/armv7e-m/softfp\libg_nano.a(lib_a-nano-msizer.o)
                0x100835d0                _malloc_usable_size_r
 .text._sbrk    0x100835e4       0x1c c:/program files (x86)/cypress/psoc creator/4.4/psoc creator/import/gnu/arm/5.4.1/bin/../lib/gcc/arm-none-eabi/5.4.1/../../../../arm-none-eabi/lib/armv7e-m/softfp\libnosys.a(sbrk.o)
                0x100835e4                _sbrk
 *(.init)
 .init          0x10083600        0x4 c:/program files (x86)/cypress/psoc creator/4.4/psoc creator/import/gnu/arm/5.4.1/bin/../lib/gcc/arm-none-eabi/5.4.1/armv7e-m/softfp/crti.o
                0x10083600                _init
 .init          0x10083604        0x8 c:/program files (x86)/cypress/psoc creator/4.4/psoc creator/import/gnu/arm/5.4.1/bin/../lib/gcc/arm-none-eabi/5.4.1/armv7e-m/softfp/crtn.o
 *(.fini)
 .fini          0x1008360c        0x4 c:/program files (x86)/cypress/psoc creator/4.4/psoc creator/import/gnu/arm/5.4.1/bin/../lib/gcc/arm-none-eabi/5.4.1/armv7e-m/softfp/crti.o
                0x1008360c                _fini
 .fini          0x10083610        0x8 c:/program files (x86)/cypress/psoc creator/4.4/psoc creator/import/gnu/arm/5.4.1/bin/../lib/gcc/arm-none-eabi/5.4.1/armv7e-m/softfp/crtn.o
 *crtbegin.o(.ctors)
 *crtbegin?.o(.ctors)
 *(EXCLUDE_FILE(*crtend.o *crtend?.o) .ctors)
 *(SORT(.ctors.*))
 *(.ctors)
 *crtbegin.o(.dtors)
 *crtbegin?.o(.dtors)
 *(EXCLUDE_FILE(*crtend.o *crtend?.o) .dtors)
 *(SORT(.dtors.*))
 *(.dtors)
 *(.rodata .rodata.* .constdata .constdata.* .conststring .conststring.*)
 .rodata        0x10083618      0xbc4 .\CortexM4\ARM_GCC_541\Debug\main_cm4.o
                0x10083618                firCoeffs32
 .rodata.str1.4
                0x100841dc        0x3 .\CortexM4\ARM_GCC_541\Debug\main_cm4.o
 *fill*         0x100841df        0x1 
 .rodata        0x100841e0       0x34 .\CortexM4\ARM_GCC_541\Debug\system_psoc6_cm4.o
 .rodata.str1.4
                0x10084214       0x3f .\CortexM4\ARM_GCC_541\Debug\cy_flash.o
 *fill*         0x10084253        0x1 
 .rodata.str1.4
                0x10084254       0x7f .\CortexM4\ARM_GCC_541\Debug\cy_ipc_drv.o
 .rodata.str1.4
                0x100842d3       0x3f .\CortexM4\ARM_GCC_541\Debug\cy_ipc_sema.o
 *fill*         0x100842d3        0x1 
 .rodata.str1.4
                0x100842d4       0x40 .\CortexM4\ARM_GCC_541\Debug\cy_ipc_pipe.o
                                 0x7f (size before relaxing)
 .rodata.str1.4
                0x10084314       0x41 .\CortexM4\ARM_GCC_541\Debug\cy_sysint.o
 *fill*         0x10084355        0x3 
 .rodata        0x10084358      0x170 .\CortexM4\ARM_GCC_541\Debug\cy_device.o
                0x10084358                cy_deviceIpBlockCfgPSoC6_02
                0x10084410                cy_deviceIpBlockCfgPSoC6_01
 .rodata.str1.4
                0x100844c8       0x50 .\CortexM4\ARM_GCC_541\Debug\port.o
 .rodata.str1.1
                0x10084518        0x2 c:/program files (x86)/cypress/psoc creator/4.4/psoc creator/import/gnu/arm/5.4.1/bin/../lib/gcc/arm-none-eabi/5.4.1/../../../../arm-none-eabi/lib/armv7e-m/softfp\libg_nano.a(lib_a-impure.o)
 .rodata.str1.1
                0x1008451a       0x11 c:/program files (x86)/cypress/psoc creator/4.4/psoc creator/import/gnu/arm/5.4.1/bin/../lib/gcc/arm-none-eabi/5.4.1/../../../../arm-none-eabi/lib/armv7e-m/softfp\libg_nano.a(lib_a-nano-svfprintf.o)
 .rodata.str1.1
                0x1008452b       0x22 c:/program files (x86)/cypress/psoc creator/4.4/psoc creator/import/gnu/arm/5.4.1/bin/../lib/gcc/arm-none-eabi/5.4.1/../../../../arm-none-eabi/lib/armv7e-m/softfp\libg_nano.a(lib_a-nano-vfprintf_i.o)
 *(.eh_frame*)
 *fill*         0x1008454d        0x3 
 .eh_frame      0x10084550        0x0 c:/program files (x86)/cypress/psoc creator/4.4/psoc creator/import/gnu/arm/5.4.1/bin/../lib/gcc/arm-none-eabi/5.4.1/armv7e-m/softfp/crtbegin.o
 .eh_frame      0x10084550        0x4 c:/program files (x86)/cypress/psoc creator/4.4/psoc creator/import/gnu/arm/5.4.1/bin/../lib/gcc/arm-none-eabi/5.4.1/armv7e-m/softfp/crtend.o

.glue_7         0x10084554        0x0
 .glue_7        0x10084554        0x0 linker stubs

.glue_7t        0x10084554        0x0
 .glue_7t       0x10084554        0x0 linker stubs

.vfp11_veneer   0x10084554        0x0
 .vfp11_veneer  0x10084554        0x0 linker stubs

.v4_bx          0x10084554        0x0
 .v4_bx         0x10084554        0x0 linker stubs

.iplt           0x10084554        0x0
 .iplt          0x10084554        0x0 c:/program files (x86)/cypress/psoc creator/4.4/psoc creator/import/gnu/arm/5.4.1/bin/../lib/gcc/arm-none-eabi/5.4.1/armv7e-m/softfp/crtbegin.o

.ARM.extab
 *(.ARM.extab* .gnu.linkonce.armextab.*)
                0x10084554                __exidx_start = .

.ARM.exidx
 *(.ARM.exidx* .gnu.linkonce.armexidx.*)
                0x10084554                __exidx_end = .

.copy.table     0x10084554       0x18
                0x10084554                . = ALIGN (0x4)
                0x10084554                __copy_table_start__ = .
                0x10084554        0x4 LONG 0x10080000 __Vectors
                0x10084558        0x4 LONG 0x8024000 __ram_vectors_start__
                0x1008455c        0x4 LONG 0x28c (__Vectors_End - __Vectors)
                0x10084560        0x4 LONG 0x10084574 __etext
                0x10084564        0x4 LONG 0x802428c __data_start__
                0x10084568        0x4 LONG 0x634 (__data_end__ - __data_start__)
                0x1008456c                __copy_table_end__ = .

.zero.table     0x1008456c        0x8
                0x1008456c                . = ALIGN (0x4)
                0x1008456c                __zero_table_start__ = .
                0x1008456c        0x4 LONG 0x8024954 __bss_start__
                0x10084570        0x4 LONG 0xb2c (__bss_end__ - __bss_start__)
                0x10084574                __zero_table_end__ = .
                0x10084574                __etext = .

.ramVectors     0x08024000      0x28c
                0x08024000                __ram_vectors_start__ = .
 *(.ram_vectors)
 .ram_vectors   0x08024000      0x28c .\CortexM4\ARM_GCC_541\Debug\startup_psoc6_01_cm4.o
                0x08024000                __ramVectors
                0x0802428c                __ram_vectors_end__ = .

.data           0x0802428c      0x634 load address 0x10084574
                0x0802428c                __data_start__ = .
 *(vtable)
 *(.data*)
 .data          0x0802428c        0x8 .\CortexM4\ARM_GCC_541\Debug\main_cm4.o
                0x0802428c                blockSize
                0x08024290                numBlocks
 .data          0x08024294       0x20 .\CortexM4\ARM_GCC_541\Debug\system_psoc6_cm4.o
                0x08024294                cy_BleEcoClockFreqHz
                0x08024298                cy_Hfclk0FreqHz
                0x0802429c                cy_PeriClkFreqHz
                0x080242a0                SystemCoreClock
                0x080242a4                cy_delayFreqHz
                0x080242a8                cy_delayFreqMhz
                0x080242ac                cy_delayFreqKhz
                0x080242b0                cy_delay32kMs
 .data.impure_data
                0x080242b4       0x60 c:/program files (x86)/cypress/psoc creator/4.4/psoc creator/import/gnu/arm/5.4.1/bin/../lib/gcc/arm-none-eabi/5.4.1/../../../../arm-none-eabi/lib/armv7e-m/softfp\libg_nano.a(lib_a-impure.o)
 .data._impure_ptr
                0x08024314        0x4 c:/program files (x86)/cypress/psoc creator/4.4/psoc creator/import/gnu/arm/5.4.1/bin/../lib/gcc/arm-none-eabi/5.4.1/../../../../arm-none-eabi/lib/armv7e-m/softfp\libg_nano.a(lib_a-impure.o)
                0x08024314                _impure_ptr
                0x08024318                . = ALIGN (0x4)
                0x08024318                PROVIDE (__preinit_array_start, .)
 *(.preinit_array)
                0x08024318                PROVIDE (__preinit_array_end, .)
                0x08024318                . = ALIGN (0x4)
                0x08024318                PROVIDE (__init_array_start, .)
 *(SORT(.init_array.*))
 *(.init_array)
 .init_array    0x08024318        0x4 c:/program files (x86)/cypress/psoc creator/4.4/psoc creator/import/gnu/arm/5.4.1/bin/../lib/gcc/arm-none-eabi/5.4.1/armv7e-m/softfp/crtbegin.o
                0x0802431c                PROVIDE (__init_array_end, .)
                0x0802431c                . = ALIGN (0x4)
                [!provide]                PROVIDE (__fini_array_start, .)
 *(SORT(.fini_array.*))
 *(.fini_array)
 .fini_array    0x0802431c        0x4 c:/program files (x86)/cypress/psoc creator/4.4/psoc creator/import/gnu/arm/5.4.1/bin/../lib/gcc/arm-none-eabi/5.4.1/armv7e-m/softfp/crtbegin.o
                [!provide]                PROVIDE (__fini_array_end, .)
 *(.jcr*)
 .jcr           0x08024320        0x0 c:/program files (x86)/cypress/psoc creator/4.4/psoc creator/import/gnu/arm/5.4.1/bin/../lib/gcc/arm-none-eabi/5.4.1/armv7e-m/softfp/crtbegin.o
 .jcr           0x08024320        0x4 c:/program files (x86)/cypress/psoc creator/4.4/psoc creator/import/gnu/arm/5.4.1/bin/../lib/gcc/arm-none-eabi/5.4.1/armv7e-m/softfp/crtend.o
                0x08024324                . = ALIGN (0x4)
 *(.cy_ramfunc*)
 .cy_ramfunc    0x08024324      0x300 .\CortexM4\ARM_GCC_541\Debug\cy_flash.o
                0x08024390                Cy_Flash_ResumeIrqHandler
 .cy_ramfunc    0x08024624      0x218 .\CortexM4\ARM_GCC_541\Debug\cy_syspm.o
 *fill*         0x0802483c        0x4 
 .cy_ramfunc.__stub
                0x08024840       0x80 linker stubs
                0x080248c0                . = ALIGN (0x4)
                0x080248c0                __data_end__ = .

.igot.plt       0x080248c0        0x0 load address 0x10084ba8
 .igot.plt      0x080248c0        0x0 c:/program files (x86)/cypress/psoc creator/4.4/psoc creator/import/gnu/arm/5.4.1/bin/../lib/gcc/arm-none-eabi/5.4.1/armv7e-m/softfp/crtbegin.o

.noinit         0x080248c0       0x94 load address 0x10084ba8
 *(.noinit)
 .noinit        0x080248c0       0x94 .\CortexM4\ARM_GCC_541\Debug\cy_syslib.o
                0x080248c0                cy_assertFileName
                0x080248d8                cy_assertLine
                0x080248dc                cy_faultFrame

.bss            0x08024954      0xb2c load address 0x10084c3c
                0x08024954                . = ALIGN (0x4)
                0x08024954                __bss_start__ = .
 *(.bss*)
 .bss           0x08024954       0x1c c:/program files (x86)/cypress/psoc creator/4.4/psoc creator/import/gnu/arm/5.4.1/bin/../lib/gcc/arm-none-eabi/5.4.1/armv7e-m/softfp/crtbegin.o
 .bss           0x08024970      0x7e0 .\CortexM4\ARM_GCC_541\Debug\main_cm4.o
                0x08025148                R
                0x0802514c                SpO2
 .bss           0x08025150      0x180 .\CortexM4\ARM_GCC_541\Debug\system_psoc6_cm4.o
 .bss           0x080252d0       0x18 .\CortexM4\ARM_GCC_541\Debug\cy_flash.o
 .bss           0x080252e8        0xc .\CortexM4\ARM_GCC_541\Debug\cy_ipc_sema.o
 .bss           0x080252f4        0x4 .\CortexM4\ARM_GCC_541\Debug\cy_ipc_pipe.o
 .bss           0x080252f8       0x3c .\CortexM4\ARM_GCC_541\Debug\cy_syspm.o
 .bss           0x08025334      0x12c .\CortexM4\ARM_GCC_541\Debug\tasks.o
                0x08025434                pxCurrentTCB
 .bss.__malloc_sbrk_start
                0x08025460        0x4 c:/program files (x86)/cypress/psoc creator/4.4/psoc creator/import/gnu/arm/5.4.1/bin/../lib/gcc/arm-none-eabi/5.4.1/../../../../arm-none-eabi/lib/armv7e-m/softfp\libg_nano.a(lib_a-nano-mallocr.o)
                0x08025460                __malloc_sbrk_start
 .bss.__malloc_free_list
                0x08025464        0x4 c:/program files (x86)/cypress/psoc creator/4.4/psoc creator/import/gnu/arm/5.4.1/bin/../lib/gcc/arm-none-eabi/5.4.1/../../../../arm-none-eabi/lib/armv7e-m/softfp\libg_nano.a(lib_a-nano-mallocr.o)
                0x08025464                __malloc_free_list
 .bss.heap_end.4169
                0x08025468        0x4 c:/program files (x86)/cypress/psoc creator/4.4/psoc creator/import/gnu/arm/5.4.1/bin/../lib/gcc/arm-none-eabi/5.4.1/../../../../arm-none-eabi/lib/armv7e-m/softfp\libnosys.a(sbrk.o)
 *(COMMON)
 COMMON         0x0802546c        0xc .\CortexM4\ARM_GCC_541\Debug\main_cm4.o
                0x0802546c                S
 COMMON         0x08025478        0x4 .\CortexM4\ARM_GCC_541\Debug\cy_device.o
                0x08025478                cy_device
 COMMON         0x0802547c        0x4 c:/program files (x86)/cypress/psoc creator/4.4/psoc creator/import/gnu/arm/5.4.1/bin/../lib/gcc/arm-none-eabi/5.4.1/../../../../arm-none-eabi/lib/armv7e-m/softfp\libg_nano.a(lib_a-reent.o)
                0x0802547c                errno
                0x08025480                . = ALIGN (0x4)
                0x08025480                __bss_end__ = .

.heap           0x08025480      0x400
                0x08025480                __HeapBase = .
                0x08025480                __end__ = .
                0x08025480                end = __end__
 *(.heap*)
 .heap          0x08025480      0x400 .\CortexM4\ARM_GCC_541\Debug\startup_psoc6_01_cm4.o
                0x08025880                __HeapLimit = .

.stack_dummy    0x08025480     0x1000
 *(.stack*)
 .stack         0x08025480     0x1000 .\CortexM4\ARM_GCC_541\Debug\startup_psoc6_01_cm4.o
                0x08047800                __StackTop = (ORIGIN (ram) + LENGTH (ram))
                0x08046800                __StackLimit = (__StackTop - SIZEOF (.stack_dummy))
                0x08047800                PROVIDE (__stack, __StackTop)
                0x00000001                ASSERT ((__StackLimit >= __HeapLimit), region RAM overflowed with stack)

.cy_app_signature
 *(.cy_app_signature)

.cy_em_eeprom
 *(.cy_em_eeprom)

.cy_sflash_user_data
 *(.cy_sflash_user_data)

.cy_sflash_nar
 *(.cy_sflash_nar)

.cy_sflash_public_key
 *(.cy_sflash_public_key)

.cy_toc_part2
 *(.cy_toc_part2)

.cy_rtoc_part2
 *(.cy_rtoc_part2)

.cy_xip
 *(.cy_xip)

.cy_efuse
 *(.cy_efuse)

.cymeta         0x90500000        0xc
 *(.cymeta)
 .cymeta        0x90500000        0xc .\CortexM4\ARM_GCC_541\Debug\cymetadata.o
                0x90500000                cy_metadata
                0x10000000                __cy_memory_0_start = 0x10000000
                0x00100000                __cy_memory_0_length = 0x100000
                0x00000200                __cy_memory_0_row_size = 0x200
                0x14000000                __cy_memory_1_start = 0x14000000
                0x00008000                __cy_memory_1_length = 0x8000
                0x00000200                __cy_memory_1_row_size = 0x200
                0x16000000                __cy_memory_2_start = 0x16000000
                0x00008000                __cy_memory_2_length = 0x8000
                0x00000200                __cy_memory_2_row_size = 0x200
                0x18000000                __cy_memory_3_start = 0x18000000
                0x08000000                __cy_memory_3_length = 0x8000000
                0x00000200                __cy_memory_3_row_size = 0x200
                0x90700000                __cy_memory_4_start = 0x90700000
                0x00100000                __cy_memory_4_length = 0x100000
                0x00000001                __cy_memory_4_row_size = 0x1
OUTPUT(C:\Users\jmori\OneDrive\Documents\PSoC Creator\Traitement de signal-exploration\Design01.cydsn\CortexM4\ARM_GCC_541\Debug\Design01_link.elf elf32-littlearm)

.rel.dyn        0x08025480        0x0 load address 0x985602f4
 .rel.iplt      0x08025480        0x0 c:/program files (x86)/cypress/psoc creator/4.4/psoc creator/import/gnu/arm/5.4.1/bin/../lib/gcc/arm-none-eabi/5.4.1/armv7e-m/softfp/crtbegin.o

.ARM.attributes
                0x00000000       0x2e
 .ARM.attributes
                0x00000000       0x22 c:/program files (x86)/cypress/psoc creator/4.4/psoc creator/import/gnu/arm/5.4.1/bin/../lib/gcc/arm-none-eabi/5.4.1/armv7e-m/softfp/crti.o
 .ARM.attributes
                0x00000022       0x32 c:/program files (x86)/cypress/psoc creator/4.4/psoc creator/import/gnu/arm/5.4.1/bin/../lib/gcc/arm-none-eabi/5.4.1/armv7e-m/softfp/crtbegin.o
 .ARM.attributes
                0x00000054       0x1f .\CortexM4\ARM_GCC_541\Debug\startup_psoc6_01_cm4.o
 .ARM.attributes
                0x00000073       0x37 .\CortexM4\ARM_GCC_541\Debug\main_cm4.o
 .ARM.attributes
                0x000000aa       0x37 .\CortexM4\ARM_GCC_541\Debug\system_psoc6_cm4.o
 .ARM.attributes
                0x000000e1       0x37 .\CortexM4\ARM_GCC_541\Debug\cymetadata.o
 .ARM.attributes
                0x00000118       0x37 .\CortexM4\ARM_GCC_541\Debug\cy_flash.o
 .ARM.attributes
                0x0000014f       0x37 .\CortexM4\ARM_GCC_541\Debug\cy_ipc_drv.o
 .ARM.attributes
                0x00000186       0x37 .\CortexM4\ARM_GCC_541\Debug\cy_ipc_sema.o
 .ARM.attributes
                0x000001bd       0x37 .\CortexM4\ARM_GCC_541\Debug\cy_ipc_pipe.o
 .ARM.attributes
                0x000001f4       0x37 .\CortexM4\ARM_GCC_541\Debug\cy_sysint.o
 .ARM.attributes
                0x0000022b       0x37 .\CortexM4\ARM_GCC_541\Debug\cy_syslib.o
 .ARM.attributes
                0x00000262       0x25 .\CortexM4\ARM_GCC_541\Debug\cy_syslib_gcc.o
 .ARM.attributes
                0x00000287       0x37 .\CortexM4\ARM_GCC_541\Debug\cy_syspm.o
 .ARM.attributes
                0x000002be       0x37 .\CortexM4\ARM_GCC_541\Debug\cy_device.o
 .ARM.attributes
                0x000002f5       0x37 .\CortexM4\ARM_GCC_541\Debug\cy_scb_common.o
 .ARM.attributes
                0x0000032c       0x37 .\CortexM4\ARM_GCC_541\Debug\list.o
 .ARM.attributes
                0x00000363       0x37 .\CortexM4\ARM_GCC_541\Debug\tasks.o
 .ARM.attributes
                0x0000039a       0x37 .\CortexM4\ARM_GCC_541\Debug\port.o
 .ARM.attributes
                0x000003d1       0x33 ..\CMSIS\Lib\GCC\libarm_cortexM4l_math.a(arm_min_f32.o)
 .ARM.attributes
                0x00000404       0x33 ..\CMSIS\Lib\GCC\libarm_cortexM4l_math.a(arm_mean_f32.o)
 .ARM.attributes
                0x00000437       0x33 ..\CMSIS\Lib\GCC\libarm_cortexM4l_math.a(arm_max_f32.o)
 .ARM.attributes
                0x0000046a       0x33 ..\CMSIS\Lib\GCC\libarm_cortexM4l_math.a(arm_fir_init_f32.o)
 .ARM.attributes
                0x0000049d       0x33 ..\CMSIS\Lib\GCC\libarm_cortexM4l_math.a(arm_fir_f32.o)
 .ARM.attributes
                0x000004d0       0x22 c:/program files (x86)/cypress/psoc creator/4.4/psoc creator/import/gnu/arm/5.4.1/bin/../lib/gcc/arm-none-eabi/5.4.1/armv7e-m/softfp\libgcc.a(_arm_addsubdf3.o)
 .ARM.attributes
                0x000004f2       0x22 c:/program files (x86)/cypress/psoc creator/4.4/psoc creator/import/gnu/arm/5.4.1/bin/../lib/gcc/arm-none-eabi/5.4.1/armv7e-m/softfp\libgcc.a(_arm_muldivdf3.o)
 .ARM.attributes
                0x00000514       0x22 c:/program files (x86)/cypress/psoc creator/4.4/psoc creator/import/gnu/arm/5.4.1/bin/../lib/gcc/arm-none-eabi/5.4.1/armv7e-m/softfp\libgcc.a(_arm_truncdfsf2.o)
 .ARM.attributes
                0x00000536       0x22 c:/program files (x86)/cypress/psoc creator/4.4/psoc creator/import/gnu/arm/5.4.1/bin/../lib/gcc/arm-none-eabi/5.4.1/armv7e-m/softfp\libgcc.a(_arm_addsubsf3.o)
 .ARM.attributes
                0x00000558       0x22 c:/program files (x86)/cypress/psoc creator/4.4/psoc creator/import/gnu/arm/5.4.1/bin/../lib/gcc/arm-none-eabi/5.4.1/armv7e-m/softfp\libgcc.a(_arm_muldivsf3.o)
 .ARM.attributes
                0x0000057a       0x22 c:/program files (x86)/cypress/psoc creator/4.4/psoc creator/import/gnu/arm/5.4.1/bin/../lib/gcc/arm-none-eabi/5.4.1/armv7e-m/softfp\libgcc.a(_arm_cmpsf2.o)
 .ARM.attributes
                0x0000059c       0x32 c:/program files (x86)/cypress/psoc creator/4.4/psoc creator/import/gnu/arm/5.4.1/bin/../lib/gcc/arm-none-eabi/5.4.1/../../../../arm-none-eabi/lib/armv7e-m/softfp\libg_nano.a(lib_a-impure.o)
 .ARM.attributes
                0x000005ce       0x32 c:/program files (x86)/cypress/psoc creator/4.4/psoc creator/import/gnu/arm/5.4.1/bin/../lib/gcc/arm-none-eabi/5.4.1/../../../../arm-none-eabi/lib/armv7e-m/softfp\libg_nano.a(lib_a-memcpy-stub.o)
 .ARM.attributes
                0x00000600       0x32 c:/program files (x86)/cypress/psoc creator/4.4/psoc creator/import/gnu/arm/5.4.1/bin/../lib/gcc/arm-none-eabi/5.4.1/../../../../arm-none-eabi/lib/armv7e-m/softfp\libg_nano.a(lib_a-memset.o)
 .ARM.attributes
                0x00000632       0x32 c:/program files (x86)/cypress/psoc creator/4.4/psoc creator/import/gnu/arm/5.4.1/bin/../lib/gcc/arm-none-eabi/5.4.1/../../../../arm-none-eabi/lib/armv7e-m/softfp\libg_nano.a(lib_a-sprintf.o)
 .ARM.attributes
                0x00000664       0x32 c:/program files (x86)/cypress/psoc creator/4.4/psoc creator/import/gnu/arm/5.4.1/bin/../lib/gcc/arm-none-eabi/5.4.1/../../../../arm-none-eabi/lib/armv7e-m/softfp\libg_nano.a(lib_a-strncpy.o)
 .ARM.attributes
                0x00000696       0x32 c:/program files (x86)/cypress/psoc creator/4.4/psoc creator/import/gnu/arm/5.4.1/bin/../lib/gcc/arm-none-eabi/5.4.1/../../../../arm-none-eabi/lib/armv7e-m/softfp\libg_nano.a(lib_a-nano-svfprintf.o)
 .ARM.attributes
                0x000006c8       0x32 c:/program files (x86)/cypress/psoc creator/4.4/psoc creator/import/gnu/arm/5.4.1/bin/../lib/gcc/arm-none-eabi/5.4.1/../../../../arm-none-eabi/lib/armv7e-m/softfp\libg_nano.a(lib_a-nano-vfprintf_i.o)
 .ARM.attributes
                0x000006fa       0x20 c:/program files (x86)/cypress/psoc creator/4.4/psoc creator/import/gnu/arm/5.4.1/bin/../lib/gcc/arm-none-eabi/5.4.1/../../../../arm-none-eabi/lib/armv7e-m/softfp\libg_nano.a(lib_a-memchr.o)
 .ARM.attributes
                0x0000071a       0x32 c:/program files (x86)/cypress/psoc creator/4.4/psoc creator/import/gnu/arm/5.4.1/bin/../lib/gcc/arm-none-eabi/5.4.1/../../../../arm-none-eabi/lib/armv7e-m/softfp\libg_nano.a(lib_a-memmove.o)
 .ARM.attributes
                0x0000074c       0x32 c:/program files (x86)/cypress/psoc creator/4.4/psoc creator/import/gnu/arm/5.4.1/bin/../lib/gcc/arm-none-eabi/5.4.1/../../../../arm-none-eabi/lib/armv7e-m/softfp\libg_nano.a(lib_a-nano-freer.o)
 .ARM.attributes
                0x0000077e       0x32 c:/program files (x86)/cypress/psoc creator/4.4/psoc creator/import/gnu/arm/5.4.1/bin/../lib/gcc/arm-none-eabi/5.4.1/../../../../arm-none-eabi/lib/armv7e-m/softfp\libg_nano.a(lib_a-nano-mallocr.o)
 .ARM.attributes
                0x000007b0       0x32 c:/program files (x86)/cypress/psoc creator/4.4/psoc creator/import/gnu/arm/5.4.1/bin/../lib/gcc/arm-none-eabi/5.4.1/../../../../arm-none-eabi/lib/armv7e-m/softfp\libg_nano.a(lib_a-nano-reallocr.o)
 .ARM.attributes
                0x000007e2       0x32 c:/program files (x86)/cypress/psoc creator/4.4/psoc creator/import/gnu/arm/5.4.1/bin/../lib/gcc/arm-none-eabi/5.4.1/../../../../arm-none-eabi/lib/armv7e-m/softfp\libg_nano.a(lib_a-sbrkr.o)
 .ARM.attributes
                0x00000814       0x32 c:/program files (x86)/cypress/psoc creator/4.4/psoc creator/import/gnu/arm/5.4.1/bin/../lib/gcc/arm-none-eabi/5.4.1/../../../../arm-none-eabi/lib/armv7e-m/softfp\libg_nano.a(lib_a-mlock.o)
 .ARM.attributes
                0x00000846       0x32 c:/program files (x86)/cypress/psoc creator/4.4/psoc creator/import/gnu/arm/5.4.1/bin/../lib/gcc/arm-none-eabi/5.4.1/../../../../arm-none-eabi/lib/armv7e-m/softfp\libg_nano.a(lib_a-nano-msizer.o)
 .ARM.attributes
                0x00000878       0x32 c:/program files (x86)/cypress/psoc creator/4.4/psoc creator/import/gnu/arm/5.4.1/bin/../lib/gcc/arm-none-eabi/5.4.1/../../../../arm-none-eabi/lib/armv7e-m/softfp\libg_nano.a(lib_a-reent.o)
 .ARM.attributes
                0x000008aa       0x32 c:/program files (x86)/cypress/psoc creator/4.4/psoc creator/import/gnu/arm/5.4.1/bin/../lib/gcc/arm-none-eabi/5.4.1/armv7e-m/softfp/crtend.o
 .ARM.attributes
                0x000008dc       0x22 c:/program files (x86)/cypress/psoc creator/4.4/psoc creator/import/gnu/arm/5.4.1/bin/../lib/gcc/arm-none-eabi/5.4.1/armv7e-m/softfp/crtn.o
 .ARM.attributes
                0x000008fe       0x32 c:/program files (x86)/cypress/psoc creator/4.4/psoc creator/import/gnu/arm/5.4.1/bin/../lib/gcc/arm-none-eabi/5.4.1/../../../../arm-none-eabi/lib/armv7e-m/softfp\libnosys.a(sbrk.o)

.comment        0x00000000       0xdc
 .comment       0x00000000       0x6e .\CortexM4\ARM_GCC_541\Debug\main_cm4.o
                                 0x6f (size before relaxing)
 .comment       0x0000006e       0x6f .\CortexM4\ARM_GCC_541\Debug\system_psoc6_cm4.o
 .comment       0x0000006e       0x6f .\CortexM4\ARM_GCC_541\Debug\cymetadata.o
 .comment       0x0000006e       0x6f .\CortexM4\ARM_GCC_541\Debug\cy_flash.o
 .comment       0x0000006e       0x6f .\CortexM4\ARM_GCC_541\Debug\cy_ipc_drv.o
 .comment       0x0000006e       0x6f .\CortexM4\ARM_GCC_541\Debug\cy_ipc_sema.o
 .comment       0x0000006e       0x6f .\CortexM4\ARM_GCC_541\Debug\cy_ipc_pipe.o
 .comment       0x0000006e       0x6f .\CortexM4\ARM_GCC_541\Debug\cy_sysint.o
 .comment       0x0000006e       0x6f .\CortexM4\ARM_GCC_541\Debug\cy_syslib.o
 .comment       0x0000006e       0x6f .\CortexM4\ARM_GCC_541\Debug\cy_syspm.o
 .comment       0x0000006e       0x6f .\CortexM4\ARM_GCC_541\Debug\cy_device.o
 .comment       0x0000006e       0x6f .\CortexM4\ARM_GCC_541\Debug\cy_scb_common.o
 .comment       0x0000006e       0x6f .\CortexM4\ARM_GCC_541\Debug\list.o
 .comment       0x0000006e       0x6f .\CortexM4\ARM_GCC_541\Debug\tasks.o
 .comment       0x0000006e       0x6f .\CortexM4\ARM_GCC_541\Debug\port.o
 .comment       0x0000006e       0x6e ..\CMSIS\Lib\GCC\libarm_cortexM4l_math.a(arm_min_f32.o)
                                 0x6f (size before relaxing)
 .comment       0x000000dc       0x6f ..\CMSIS\Lib\GCC\libarm_cortexM4l_math.a(arm_mean_f32.o)
 .comment       0x000000dc       0x6f ..\CMSIS\Lib\GCC\libarm_cortexM4l_math.a(arm_max_f32.o)
 .comment       0x000000dc       0x6f ..\CMSIS\Lib\GCC\libarm_cortexM4l_math.a(arm_fir_init_f32.o)
 .comment       0x000000dc       0x6f ..\CMSIS\Lib\GCC\libarm_cortexM4l_math.a(arm_fir_f32.o)

.debug_line     0x00000000     0x52b4
 .debug_line    0x00000000       0x8e .\CortexM4\ARM_GCC_541\Debug\startup_psoc6_01_cm4.o
 .debug_line    0x0000008e      0x3cc .\CortexM4\ARM_GCC_541\Debug\main_cm4.o
 .debug_line    0x0000045a      0x424 .\CortexM4\ARM_GCC_541\Debug\system_psoc6_cm4.o
 .debug_line    0x0000087e      0x141 .\CortexM4\ARM_GCC_541\Debug\cymetadata.o
 .debug_line    0x000009bf      0x7c1 .\CortexM4\ARM_GCC_541\Debug\cy_flash.o
 .debug_line    0x00001180      0x32b .\CortexM4\ARM_GCC_541\Debug\cy_ipc_drv.o
 .debug_line    0x000014ab      0x3f4 .\CortexM4\ARM_GCC_541\Debug\cy_ipc_sema.o
 .debug_line    0x0000189f      0x56b .\CortexM4\ARM_GCC_541\Debug\cy_ipc_pipe.o
 .debug_line    0x00001e0a      0x2ca .\CortexM4\ARM_GCC_541\Debug\cy_sysint.o
 .debug_line    0x000020d4      0x46f .\CortexM4\ARM_GCC_541\Debug\cy_syslib.o
 .debug_line    0x00002543       0x89 .\CortexM4\ARM_GCC_541\Debug\cy_syslib_gcc.o
 .debug_line    0x000025cc      0xa47 .\CortexM4\ARM_GCC_541\Debug\cy_syspm.o
 .debug_line    0x00003013      0x17e .\CortexM4\ARM_GCC_541\Debug\cy_device.o
 .debug_line    0x00003191      0x4c6 .\CortexM4\ARM_GCC_541\Debug\cy_scb_common.o
 .debug_line    0x00003657      0x29c .\CortexM4\ARM_GCC_541\Debug\list.o
 .debug_line    0x000038f3      0xcbd .\CortexM4\ARM_GCC_541\Debug\tasks.o
 .debug_line    0x000045b0      0x3ee .\CortexM4\ARM_GCC_541\Debug\port.o
 .debug_line    0x0000499e      0x173 ..\CMSIS\Lib\GCC\libarm_cortexM4l_math.a(arm_min_f32.o)
 .debug_line    0x00004b11      0x167 ..\CMSIS\Lib\GCC\libarm_cortexM4l_math.a(arm_mean_f32.o)
 .debug_line    0x00004c78      0x173 ..\CMSIS\Lib\GCC\libarm_cortexM4l_math.a(arm_max_f32.o)
 .debug_line    0x00004deb      0x157 ..\CMSIS\Lib\GCC\libarm_cortexM4l_math.a(arm_fir_init_f32.o)
 .debug_line    0x00004f42      0x372 ..\CMSIS\Lib\GCC\libarm_cortexM4l_math.a(arm_fir_f32.o)

.debug_info     0x00000000    0x14597
 .debug_info    0x00000000       0xa2 .\CortexM4\ARM_GCC_541\Debug\startup_psoc6_01_cm4.o
 .debug_info    0x000000a2     0x104a .\CortexM4\ARM_GCC_541\Debug\main_cm4.o
 .debug_info    0x000010ec     0x1bb3 .\CortexM4\ARM_GCC_541\Debug\system_psoc6_cm4.o
 .debug_info    0x00002c9f       0xac .\CortexM4\ARM_GCC_541\Debug\cymetadata.o
 .debug_info    0x00002d4b     0x2a10 .\CortexM4\ARM_GCC_541\Debug\cy_flash.o
 .debug_info    0x0000575b      0x906 .\CortexM4\ARM_GCC_541\Debug\cy_ipc_drv.o
 .debug_info    0x00006061      0xc1e .\CortexM4\ARM_GCC_541\Debug\cy_ipc_sema.o
 .debug_info    0x00006c7f     0x1952 .\CortexM4\ARM_GCC_541\Debug\cy_ipc_pipe.o
 .debug_info    0x000085d1      0xe11 .\CortexM4\ARM_GCC_541\Debug\cy_sysint.o
 .debug_info    0x000093e2     0x24fa .\CortexM4\ARM_GCC_541\Debug\cy_syslib.o
 .debug_info    0x0000b8dc       0xd0 .\CortexM4\ARM_GCC_541\Debug\cy_syslib_gcc.o
 .debug_info    0x0000b9ac     0x4014 .\CortexM4\ARM_GCC_541\Debug\cy_syspm.o
 .debug_info    0x0000f9c0      0x551 .\CortexM4\ARM_GCC_541\Debug\cy_device.o
 .debug_info    0x0000ff11     0x11b0 .\CortexM4\ARM_GCC_541\Debug\cy_scb_common.o
 .debug_info    0x000110c1      0x2df .\CortexM4\ARM_GCC_541\Debug\list.o
 .debug_info    0x000113a0     0x22b4 .\CortexM4\ARM_GCC_541\Debug\tasks.o
 .debug_info    0x00013654      0x5ed .\CortexM4\ARM_GCC_541\Debug\port.o
 .debug_info    0x00013c41      0x16a ..\CMSIS\Lib\GCC\libarm_cortexM4l_math.a(arm_min_f32.o)
 .debug_info    0x00013dab      0x159 ..\CMSIS\Lib\GCC\libarm_cortexM4l_math.a(arm_mean_f32.o)
 .debug_info    0x00013f04      0x16a ..\CMSIS\Lib\GCC\libarm_cortexM4l_math.a(arm_max_f32.o)
 .debug_info    0x0001406e      0x1a5 ..\CMSIS\Lib\GCC\libarm_cortexM4l_math.a(arm_fir_init_f32.o)
 .debug_info    0x00014213      0x384 ..\CMSIS\Lib\GCC\libarm_cortexM4l_math.a(arm_fir_f32.o)

.debug_abbrev   0x00000000     0x24c9
 .debug_abbrev  0x00000000       0x14 .\CortexM4\ARM_GCC_541\Debug\startup_psoc6_01_cm4.o
 .debug_abbrev  0x00000014      0x236 .\CortexM4\ARM_GCC_541\Debug\main_cm4.o
 .debug_abbrev  0x0000024a      0x23a .\CortexM4\ARM_GCC_541\Debug\system_psoc6_cm4.o
 .debug_abbrev  0x00000484       0x5d .\CortexM4\ARM_GCC_541\Debug\cymetadata.o
 .debug_abbrev  0x000004e1      0x356 .\CortexM4\ARM_GCC_541\Debug\cy_flash.o
 .debug_abbrev  0x00000837      0x188 .\CortexM4\ARM_GCC_541\Debug\cy_ipc_drv.o
 .debug_abbrev  0x000009bf      0x219 .\CortexM4\ARM_GCC_541\Debug\cy_ipc_sema.o
 .debug_abbrev  0x00000bd8      0x32b .\CortexM4\ARM_GCC_541\Debug\cy_ipc_pipe.o
 .debug_abbrev  0x00000f03      0x230 .\CortexM4\ARM_GCC_541\Debug\cy_sysint.o
 .debug_abbrev  0x00001133      0x337 .\CortexM4\ARM_GCC_541\Debug\cy_syslib.o
 .debug_abbrev  0x0000146a       0x14 .\CortexM4\ARM_GCC_541\Debug\cy_syslib_gcc.o
 .debug_abbrev  0x0000147e      0x320 .\CortexM4\ARM_GCC_541\Debug\cy_syspm.o
 .debug_abbrev  0x0000179e       0x9d .\CortexM4\ARM_GCC_541\Debug\cy_device.o
 .debug_abbrev  0x0000183b      0x294 .\CortexM4\ARM_GCC_541\Debug\cy_scb_common.o
 .debug_abbrev  0x00001acf       0xf6 .\CortexM4\ARM_GCC_541\Debug\list.o
 .debug_abbrev  0x00001bc5      0x308 .\CortexM4\ARM_GCC_541\Debug\tasks.o
 .debug_abbrev  0x00001ecd      0x283 .\CortexM4\ARM_GCC_541\Debug\port.o
 .debug_abbrev  0x00002150       0xa3 ..\CMSIS\Lib\GCC\libarm_cortexM4l_math.a(arm_min_f32.o)
 .debug_abbrev  0x000021f3       0x94 ..\CMSIS\Lib\GCC\libarm_cortexM4l_math.a(arm_mean_f32.o)
 .debug_abbrev  0x00002287       0xa3 ..\CMSIS\Lib\GCC\libarm_cortexM4l_math.a(arm_max_f32.o)
 .debug_abbrev  0x0000232a       0xd7 ..\CMSIS\Lib\GCC\libarm_cortexM4l_math.a(arm_fir_init_f32.o)
 .debug_abbrev  0x00002401       0xc8 ..\CMSIS\Lib\GCC\libarm_cortexM4l_math.a(arm_fir_f32.o)

.debug_aranges  0x00000000      0x7a0
 .debug_aranges
                0x00000000       0x20 .\CortexM4\ARM_GCC_541\Debug\startup_psoc6_01_cm4.o
 .debug_aranges
                0x00000020       0x20 .\CortexM4\ARM_GCC_541\Debug\main_cm4.o
 .debug_aranges
                0x00000040       0x40 .\CortexM4\ARM_GCC_541\Debug\system_psoc6_cm4.o
 .debug_aranges
                0x00000080       0x18 .\CortexM4\ARM_GCC_541\Debug\cymetadata.o
 .debug_aranges
                0x00000098       0xb8 .\CortexM4\ARM_GCC_541\Debug\cy_flash.o
 .debug_aranges
                0x00000150       0x30 .\CortexM4\ARM_GCC_541\Debug\cy_ipc_drv.o
 .debug_aranges
                0x00000180       0x48 .\CortexM4\ARM_GCC_541\Debug\cy_ipc_sema.o
 .debug_aranges
                0x000001c8       0x68 .\CortexM4\ARM_GCC_541\Debug\cy_ipc_pipe.o
 .debug_aranges
                0x00000230       0x30 .\CortexM4\ARM_GCC_541\Debug\cy_sysint.o
 .debug_aranges
                0x00000260       0x78 .\CortexM4\ARM_GCC_541\Debug\cy_syslib.o
 .debug_aranges
                0x000002d8       0x20 .\CortexM4\ARM_GCC_541\Debug\cy_syslib_gcc.o
 .debug_aranges
                0x000002f8      0x118 .\CortexM4\ARM_GCC_541\Debug\cy_syspm.o
 .debug_aranges
                0x00000410       0x20 .\CortexM4\ARM_GCC_541\Debug\cy_device.o
 .debug_aranges
                0x00000430       0x68 .\CortexM4\ARM_GCC_541\Debug\cy_scb_common.o
 .debug_aranges
                0x00000498       0x40 .\CortexM4\ARM_GCC_541\Debug\list.o
 .debug_aranges
                0x000004d8      0x1a0 .\CortexM4\ARM_GCC_541\Debug\tasks.o
 .debug_aranges
                0x00000678       0x88 .\CortexM4\ARM_GCC_541\Debug\port.o
 .debug_aranges
                0x00000700       0x20 ..\CMSIS\Lib\GCC\libarm_cortexM4l_math.a(arm_min_f32.o)
 .debug_aranges
                0x00000720       0x20 ..\CMSIS\Lib\GCC\libarm_cortexM4l_math.a(arm_mean_f32.o)
 .debug_aranges
                0x00000740       0x20 ..\CMSIS\Lib\GCC\libarm_cortexM4l_math.a(arm_max_f32.o)
 .debug_aranges
                0x00000760       0x20 ..\CMSIS\Lib\GCC\libarm_cortexM4l_math.a(arm_fir_init_f32.o)
 .debug_aranges
                0x00000780       0x20 ..\CMSIS\Lib\GCC\libarm_cortexM4l_math.a(arm_fir_f32.o)

.debug_loc      0x00000000     0x6db0
 .debug_loc     0x00000000       0xb3 .\CortexM4\ARM_GCC_541\Debug\main_cm4.o
 .debug_loc     0x000000b3      0x1fe .\CortexM4\ARM_GCC_541\Debug\system_psoc6_cm4.o
 .debug_loc     0x000002b1      0xd86 .\CortexM4\ARM_GCC_541\Debug\cy_flash.o
 .debug_loc     0x00001037      0x2a1 .\CortexM4\ARM_GCC_541\Debug\cy_ipc_drv.o
 .debug_loc     0x000012d8      0x76b .\CortexM4\ARM_GCC_541\Debug\cy_ipc_sema.o
 .debug_loc     0x00001a43      0x7e2 .\CortexM4\ARM_GCC_541\Debug\cy_ipc_pipe.o
 .debug_loc     0x00002225      0x223 .\CortexM4\ARM_GCC_541\Debug\cy_sysint.o
 .debug_loc     0x00002448      0x215 .\CortexM4\ARM_GCC_541\Debug\cy_syslib.o
 .debug_loc     0x0000265d      0xe9a .\CortexM4\ARM_GCC_541\Debug\cy_syspm.o
 .debug_loc     0x000034f7      0x588 .\CortexM4\ARM_GCC_541\Debug\cy_scb_common.o
 .debug_loc     0x00003a7f       0x65 .\CortexM4\ARM_GCC_541\Debug\list.o
 .debug_loc     0x00003ae4     0x12e7 .\CortexM4\ARM_GCC_541\Debug\tasks.o
 .debug_loc     0x00004dcb      0x11e .\CortexM4\ARM_GCC_541\Debug\port.o
 .debug_loc     0x00004ee9      0x242 ..\CMSIS\Lib\GCC\libarm_cortexM4l_math.a(arm_min_f32.o)
 .debug_loc     0x0000512b      0x1dd ..\CMSIS\Lib\GCC\libarm_cortexM4l_math.a(arm_mean_f32.o)
 .debug_loc     0x00005308      0x242 ..\CMSIS\Lib\GCC\libarm_cortexM4l_math.a(arm_max_f32.o)
 .debug_loc     0x0000554a       0xc2 ..\CMSIS\Lib\GCC\libarm_cortexM4l_math.a(arm_fir_init_f32.o)
 .debug_loc     0x0000560c     0x17a4 ..\CMSIS\Lib\GCC\libarm_cortexM4l_math.a(arm_fir_f32.o)

.debug_ranges   0x00000000      0x6f0
 .debug_ranges  0x00000000       0x10 .\CortexM4\ARM_GCC_541\Debug\main_cm4.o
 .debug_ranges  0x00000010       0x48 .\CortexM4\ARM_GCC_541\Debug\system_psoc6_cm4.o
 .debug_ranges  0x00000058       0xd0 .\CortexM4\ARM_GCC_541\Debug\cy_flash.o
 .debug_ranges  0x00000128       0x20 .\CortexM4\ARM_GCC_541\Debug\cy_ipc_drv.o
 .debug_ranges  0x00000148       0x38 .\CortexM4\ARM_GCC_541\Debug\cy_ipc_sema.o
 .debug_ranges  0x00000180       0x58 .\CortexM4\ARM_GCC_541\Debug\cy_ipc_pipe.o
 .debug_ranges  0x000001d8       0x20 .\CortexM4\ARM_GCC_541\Debug\cy_sysint.o
 .debug_ranges  0x000001f8       0x68 .\CortexM4\ARM_GCC_541\Debug\cy_syslib.o
 .debug_ranges  0x00000260      0x138 .\CortexM4\ARM_GCC_541\Debug\cy_syspm.o
 .debug_ranges  0x00000398       0x10 .\CortexM4\ARM_GCC_541\Debug\cy_device.o
 .debug_ranges  0x000003a8       0x88 .\CortexM4\ARM_GCC_541\Debug\cy_scb_common.o
 .debug_ranges  0x00000430       0x30 .\CortexM4\ARM_GCC_541\Debug\list.o
 .debug_ranges  0x00000460      0x1c8 .\CortexM4\ARM_GCC_541\Debug\tasks.o
 .debug_ranges  0x00000628       0x78 .\CortexM4\ARM_GCC_541\Debug\port.o
 .debug_ranges  0x000006a0       0x10 ..\CMSIS\Lib\GCC\libarm_cortexM4l_math.a(arm_min_f32.o)
 .debug_ranges  0x000006b0       0x10 ..\CMSIS\Lib\GCC\libarm_cortexM4l_math.a(arm_mean_f32.o)
 .debug_ranges  0x000006c0       0x10 ..\CMSIS\Lib\GCC\libarm_cortexM4l_math.a(arm_max_f32.o)
 .debug_ranges  0x000006d0       0x10 ..\CMSIS\Lib\GCC\libarm_cortexM4l_math.a(arm_fir_init_f32.o)
 .debug_ranges  0x000006e0       0x10 ..\CMSIS\Lib\GCC\libarm_cortexM4l_math.a(arm_fir_f32.o)

.debug_str      0x00000000     0x6ff3
 .debug_str     0x00000000      0xca7 .\CortexM4\ARM_GCC_541\Debug\main_cm4.o
                                0xd3d (size before relaxing)
 .debug_str     0x00000ca7     0x1b35 .\CortexM4\ARM_GCC_541\Debug\system_psoc6_cm4.o
                               0x23f8 (size before relaxing)
 .debug_str     0x000027dc       0x30 .\CortexM4\ARM_GCC_541\Debug\cymetadata.o
                                0x1e1 (size before relaxing)
 .debug_str     0x0000280c     0x1107 .\CortexM4\ARM_GCC_541\Debug\cy_flash.o
                               0x2de0 (size before relaxing)
 .debug_str     0x00003913       0xfd .\CortexM4\ARM_GCC_541\Debug\cy_ipc_drv.o
                                0x9a2 (size before relaxing)
 .debug_str     0x00003a10       0xed .\CortexM4\ARM_GCC_541\Debug\cy_ipc_sema.o
                                0xb8f (size before relaxing)
 .debug_str     0x00003afd      0x31f .\CortexM4\ARM_GCC_541\Debug\cy_ipc_pipe.o
                               0x20b1 (size before relaxing)
 .debug_str     0x00003e1c       0xf0 .\CortexM4\ARM_GCC_541\Debug\cy_sysint.o
                               0x1982 (size before relaxing)
 .debug_str     0x00003f0c      0xabb .\CortexM4\ARM_GCC_541\Debug\cy_syslib.o
                               0x1cd5 (size before relaxing)
 .debug_str     0x000049c7     0x12bc .\CortexM4\ARM_GCC_541\Debug\cy_syspm.o
                               0x2b9c (size before relaxing)
 .debug_str     0x00005c83       0x5d .\CortexM4\ARM_GCC_541\Debug\cy_device.o
                                0x7ef (size before relaxing)
 .debug_str     0x00005ce0      0x1da .\CortexM4\ARM_GCC_541\Debug\cy_scb_common.o
                                0xccb (size before relaxing)
 .debug_str     0x00005eba      0x172 .\CortexM4\ARM_GCC_541\Debug\list.o
                                0x36d (size before relaxing)
 .debug_str     0x0000602c      0xbd7 .\CortexM4\ARM_GCC_541\Debug\tasks.o
                                0xf2c (size before relaxing)
 .debug_str     0x00006c03      0x198 .\CortexM4\ARM_GCC_541\Debug\port.o
                                0x534 (size before relaxing)
 .debug_str     0x00006d9b      0x148 ..\CMSIS\Lib\GCC\libarm_cortexM4l_math.a(arm_min_f32.o)
                                0x22d (size before relaxing)
 .debug_str     0x00006ee3       0x30 ..\CMSIS\Lib\GCC\libarm_cortexM4l_math.a(arm_mean_f32.o)
                                0x209 (size before relaxing)
 .debug_str     0x00006f13       0x3f ..\CMSIS\Lib\GCC\libarm_cortexM4l_math.a(arm_max_f32.o)
                                0x22d (size before relaxing)
 .debug_str     0x00006f52       0x33 ..\CMSIS\Lib\GCC\libarm_cortexM4l_math.a(arm_fir_init_f32.o)
                                0x243 (size before relaxing)
 .debug_str     0x00006f85       0x6e ..\CMSIS\Lib\GCC\libarm_cortexM4l_math.a(arm_fir_f32.o)
                                0x27e (size before relaxing)

.debug_frame    0x00000000     0x185c
 .debug_frame   0x00000000       0x3c .\CortexM4\ARM_GCC_541\Debug\main_cm4.o
 .debug_frame   0x0000003c       0x84 .\CortexM4\ARM_GCC_541\Debug\system_psoc6_cm4.o
 .debug_frame   0x000000c0      0x258 .\CortexM4\ARM_GCC_541\Debug\cy_flash.o
 .debug_frame   0x00000318       0x70 .\CortexM4\ARM_GCC_541\Debug\cy_ipc_drv.o
 .debug_frame   0x00000388       0xd8 .\CortexM4\ARM_GCC_541\Debug\cy_ipc_sema.o
 .debug_frame   0x00000460      0x164 .\CortexM4\ARM_GCC_541\Debug\cy_ipc_pipe.o
 .debug_frame   0x000005c4       0x7c .\CortexM4\ARM_GCC_541\Debug\cy_sysint.o
 .debug_frame   0x00000640      0x12c .\CortexM4\ARM_GCC_541\Debug\cy_syslib.o
 .debug_frame   0x0000076c      0x3dc .\CortexM4\ARM_GCC_541\Debug\cy_syspm.o
 .debug_frame   0x00000b48       0x20 .\CortexM4\ARM_GCC_541\Debug\cy_device.o
 .debug_frame   0x00000b68      0x12c .\CortexM4\ARM_GCC_541\Debug\cy_scb_common.o
 .debug_frame   0x00000c94       0x70 .\CortexM4\ARM_GCC_541\Debug\list.o
 .debug_frame   0x00000d04      0x584 .\CortexM4\ARM_GCC_541\Debug\tasks.o
 .debug_frame   0x00001288      0x120 .\CortexM4\ARM_GCC_541\Debug\port.o
 .debug_frame   0x000013a8       0x40 ..\CMSIS\Lib\GCC\libarm_cortexM4l_math.a(arm_min_f32.o)
 .debug_frame   0x000013e8       0x34 ..\CMSIS\Lib\GCC\libarm_cortexM4l_math.a(arm_mean_f32.o)
 .debug_frame   0x0000141c       0x40 ..\CMSIS\Lib\GCC\libarm_cortexM4l_math.a(arm_max_f32.o)
 .debug_frame   0x0000145c       0x2c ..\CMSIS\Lib\GCC\libarm_cortexM4l_math.a(arm_fir_init_f32.o)
 .debug_frame   0x00001488       0x44 ..\CMSIS\Lib\GCC\libarm_cortexM4l_math.a(arm_fir_f32.o)
 .debug_frame   0x000014cc       0x28 c:/program files (x86)/cypress/psoc creator/4.4/psoc creator/import/gnu/arm/5.4.1/bin/../lib/gcc/arm-none-eabi/5.4.1/../../../../arm-none-eabi/lib/armv7e-m/softfp\libg_nano.a(lib_a-memcpy-stub.o)
 .debug_frame   0x000014f4       0x20 c:/program files (x86)/cypress/psoc creator/4.4/psoc creator/import/gnu/arm/5.4.1/bin/../lib/gcc/arm-none-eabi/5.4.1/../../../../arm-none-eabi/lib/armv7e-m/softfp\libg_nano.a(lib_a-memset.o)
 .debug_frame   0x00001514       0x70 c:/program files (x86)/cypress/psoc creator/4.4/psoc creator/import/gnu/arm/5.4.1/bin/../lib/gcc/arm-none-eabi/5.4.1/../../../../arm-none-eabi/lib/armv7e-m/softfp\libg_nano.a(lib_a-sprintf.o)
 .debug_frame   0x00001584       0x28 c:/program files (x86)/cypress/psoc creator/4.4/psoc creator/import/gnu/arm/5.4.1/bin/../lib/gcc/arm-none-eabi/5.4.1/../../../../arm-none-eabi/lib/armv7e-m/softfp\libg_nano.a(lib_a-strncpy.o)
 .debug_frame   0x000015ac       0x90 c:/program files (x86)/cypress/psoc creator/4.4/psoc creator/import/gnu/arm/5.4.1/bin/../lib/gcc/arm-none-eabi/5.4.1/../../../../arm-none-eabi/lib/armv7e-m/softfp\libg_nano.a(lib_a-nano-svfprintf.o)
 .debug_frame   0x0000163c       0x60 c:/program files (x86)/cypress/psoc creator/4.4/psoc creator/import/gnu/arm/5.4.1/bin/../lib/gcc/arm-none-eabi/5.4.1/../../../../arm-none-eabi/lib/armv7e-m/softfp\libg_nano.a(lib_a-nano-vfprintf_i.o)
 .debug_frame   0x0000169c       0x28 c:/program files (x86)/cypress/psoc creator/4.4/psoc creator/import/gnu/arm/5.4.1/bin/../lib/gcc/arm-none-eabi/5.4.1/../../../../arm-none-eabi/lib/armv7e-m/softfp\libg_nano.a(lib_a-memmove.o)
 .debug_frame   0x000016c4       0x38 c:/program files (x86)/cypress/psoc creator/4.4/psoc creator/import/gnu/arm/5.4.1/bin/../lib/gcc/arm-none-eabi/5.4.1/../../../../arm-none-eabi/lib/armv7e-m/softfp\libg_nano.a(lib_a-nano-freer.o)
 .debug_frame   0x000016fc       0x2c c:/program files (x86)/cypress/psoc creator/4.4/psoc creator/import/gnu/arm/5.4.1/bin/../lib/gcc/arm-none-eabi/5.4.1/../../../../arm-none-eabi/lib/armv7e-m/softfp\libg_nano.a(lib_a-nano-mallocr.o)
 .debug_frame   0x00001728       0x3c c:/program files (x86)/cypress/psoc creator/4.4/psoc creator/import/gnu/arm/5.4.1/bin/../lib/gcc/arm-none-eabi/5.4.1/../../../../arm-none-eabi/lib/armv7e-m/softfp\libg_nano.a(lib_a-nano-reallocr.o)
 .debug_frame   0x00001764       0x2c c:/program files (x86)/cypress/psoc creator/4.4/psoc creator/import/gnu/arm/5.4.1/bin/../lib/gcc/arm-none-eabi/5.4.1/../../../../arm-none-eabi/lib/armv7e-m/softfp\libg_nano.a(lib_a-sbrkr.o)
 .debug_frame   0x00001790       0x30 c:/program files (x86)/cypress/psoc creator/4.4/psoc creator/import/gnu/arm/5.4.1/bin/../lib/gcc/arm-none-eabi/5.4.1/../../../../arm-none-eabi/lib/armv7e-m/softfp\libg_nano.a(lib_a-mlock.o)
 .debug_frame   0x000017c0       0x20 c:/program files (x86)/cypress/psoc creator/4.4/psoc creator/import/gnu/arm/5.4.1/bin/../lib/gcc/arm-none-eabi/5.4.1/../../../../arm-none-eabi/lib/armv7e-m/softfp\libg_nano.a(lib_a-nano-msizer.o)
 .debug_frame   0x000017e0       0x5c c:/program files (x86)/cypress/psoc creator/4.4/psoc creator/import/gnu/arm/5.4.1/bin/../lib/gcc/arm-none-eabi/5.4.1/../../../../arm-none-eabi/lib/armv7e-m/softfp\libg_nano.a(lib_a-reent.o)
 .debug_frame   0x0000183c       0x20 c:/program files (x86)/cypress/psoc creator/4.4/psoc creator/import/gnu/arm/5.4.1/bin/../lib/gcc/arm-none-eabi/5.4.1/../../../../arm-none-eabi/lib/armv7e-m/softfp\libnosys.a(sbrk.o)
